Archive member included because of file (symbol)

.\ARM_GCC_493\Debug\GripperDynamixelPSoC5.a(cyfitter_cfg.o)
                              .\ARM_GCC_493\Debug\Cm3Start.o (cyfitter_cfg)
.\ARM_GCC_493\Debug\GripperDynamixelPSoC5.a(CyBootAsmGnu.o)
                              .\ARM_GCC_493\Debug\GripperDynamixelPSoC5.a(cyfitter_cfg.o) (CyDelayCycles)
.\ARM_GCC_493\Debug\GripperDynamixelPSoC5.a(CyLib.o)
                              .\ARM_GCC_493\Debug\Cm3Start.o (CyResetStatus)
.\ARM_GCC_493\Debug\GripperDynamixelPSoC5.a(cyPm.o)
                              .\ARM_GCC_493\Debug\GripperDynamixelPSoC5.a(CyLib.o) (CyPmReadStatus)
.\ARM_GCC_493\Debug\GripperDynamixelPSoC5.a(UART2DYNAMIXEL.o)
                              .\ARM_GCC_493\Debug\DynamixelCom.o (UART2DYNAMIXEL_Start)
.\ARM_GCC_493\Debug\GripperDynamixelPSoC5.a(UART2DYNAMIXEL_INT.o)
                              .\ARM_GCC_493\Debug\GripperDynamixelPSoC5.a(UART2DYNAMIXEL.o) (UART2DYNAMIXEL_RXISR)
.\ARM_GCC_493\Debug\GripperDynamixelPSoC5.a(isr_rx_interrupt.o)
                              .\ARM_GCC_493\Debug\DynamixelCom.o (isr_rx_interrupt_StartEx)
.\ARM_GCC_493\Debug\GripperDynamixelPSoC5.a(CAN_Standby.o)
                              .\ARM_GCC_493\Debug\main.o (CAN_Standby_Write)
.\ARM_GCC_493\Debug\GripperDynamixelPSoC5.a(CAN_1.o)
                              .\ARM_GCC_493\Debug\main.o (CAN_1_GlobalIntEnable)
.\ARM_GCC_493\Debug\GripperDynamixelPSoC5.a(CAN_1_INT.o)
                              .\ARM_GCC_493\Debug\GripperDynamixelPSoC5.a(CAN_1.o) (CAN_1_ISR)
.\ARM_GCC_493\Debug\GripperDynamixelPSoC5.a(CAN_1_TX_RX_func.o)
                              .\ARM_GCC_493\Debug\CAN_Communication.o (CAN_1_SendMsg)
.\ARM_GCC_493\Debug\GripperDynamixelPSoC5.a(ControlReg.o)
                              .\ARM_GCC_493\Debug\main.o (ControlReg_Write)
.\ARM_GCC_493\Debug\GripperDynamixelPSoC5.a(EEPROM.o)
                              .\ARM_GCC_493\Debug\gripper_eeprom.o (EEPROM_Start)
.\ARM_GCC_493\Debug\GripperDynamixelPSoC5.a(Counter_CanReader.o)
                              .\ARM_GCC_493\Debug\main.o (Counter_CanReader_Start)
.\ARM_GCC_493\Debug\GripperDynamixelPSoC5.a(CanReaderISR.o)
                              .\ARM_GCC_493\Debug\main.o (CanReaderISR_StartEx)
.\ARM_GCC_493\Debug\GripperDynamixelPSoC5.a(Z_Axis_Clock.o)
                              .\ARM_GCC_493\Debug\Z_Axis.o (Z_Axis_Clock_Start)
.\ARM_GCC_493\Debug\GripperDynamixelPSoC5.a(Z_Motor_Speed.o)
                              .\ARM_GCC_493\Debug\Z_Axis.o (Z_Motor_Speed_Start)
.\ARM_GCC_493\Debug\GripperDynamixelPSoC5.a(Z_Axis_Power.o)
                              .\ARM_GCC_493\Debug\Z_Axis.o (Z_Axis_Power_Start)
.\ARM_GCC_493\Debug\GripperDynamixelPSoC5.a(Z_Step_Dist.o)
                              .\ARM_GCC_493\Debug\Z_Axis.o (Z_Step_Dist_WriteCompare)
.\ARM_GCC_493\Debug\GripperDynamixelPSoC5.a(Z_GO.o)
                              .\ARM_GCC_493\Debug\Z_Axis.o (Z_GO_Write)
.\ARM_GCC_493\Debug\GripperDynamixelPSoC5.a(Z_Axis_Bumper_Port.o)
                              .\ARM_GCC_493\Debug\Z_Axis.o (Z_Axis_Bumper_Port_Read)
.\ARM_GCC_493\Debug\GripperDynamixelPSoC5.a(Z_Axis_Bumper_ISR.o)
                              .\ARM_GCC_493\Debug\Z_Axis.o (Z_Axis_Bumper_ISR_StartEx)
.\ARM_GCC_493\Debug\GripperDynamixelPSoC5.a(Z_Axis_StepSizeA.o)
                              .\ARM_GCC_493\Debug\Z_Axis.o (Z_Axis_StepSizeA_Write)
.\ARM_GCC_493\Debug\GripperDynamixelPSoC5.a(Z_Axis_StepSizeB.o)
                              .\ARM_GCC_493\Debug\Z_Axis.o (Z_Axis_StepSizeB_Write)
.\ARM_GCC_493\Debug\GripperDynamixelPSoC5.a(Z_Axis_Direction.o)
                              .\ARM_GCC_493\Debug\Z_Axis.o (Z_Axis_Direction_Write)
.\ARM_GCC_493\Debug\GripperDynamixelPSoC5.a(Z_Axis_Enable.o)
                              .\ARM_GCC_493\Debug\Z_Axis.o (Z_Axis_Enable_Write)
.\ARM_GCC_493\Debug\GripperDynamixelPSoC5.a(Z_Axis_Move_ISR.o)
                              .\ARM_GCC_493\Debug\Z_Axis.o (Z_Axis_Move_ISR_StartEx)
.\ARM_GCC_493\Debug\GripperDynamixelPSoC5.a(CyFlash.o)
                              .\ARM_GCC_493\Debug\GripperDynamixelPSoC5.a(EEPROM.o) (dieTemperature)
.\ARM_GCC_493\Debug\GripperDynamixelPSoC5.a(CySpc.o)
                              .\ARM_GCC_493\Debug\GripperDynamixelPSoC5.a(EEPROM.o) (CySpcStart)
c:/program files (x86)/cypress/psoc creator/3.3/psoc creator/import/gnu/arm/4.9.3/bin/../lib/gcc/arm-none-eabi/4.9.3/../../../../arm-none-eabi/lib/armv7-m\libg_nano.a(lib_a-errno.o)
                              .\ARM_GCC_493\Debug\Cm3Start.o (__errno)
c:/program files (x86)/cypress/psoc creator/3.3/psoc creator/import/gnu/arm/4.9.3/bin/../lib/gcc/arm-none-eabi/4.9.3/../../../../arm-none-eabi/lib/armv7-m\libg_nano.a(lib_a-exit.o)
                              c:/program files (x86)/cypress/psoc creator/3.3/psoc creator/import/gnu/arm/4.9.3/bin/../lib/gcc/arm-none-eabi/4.9.3/../../../../arm-none-eabi/lib/armv7-m/crt0.o (exit)
[...]
Memory Configuration

Name             Origin             Length             Attributes
rom              0x00000000         0x00040000         xr
ram              0x1fff8000         0x00010000         xrw
*default*        0x00000000         0xffffffff

Linker script and memory map

LOAD c:/program files (x86)/cypress/psoc creator/3.3/psoc creator/import/gnu/arm/4.9.3/bin/../lib/gcc/arm-none-eabi/4.9.3/armv7-m/crti.o
LOAD c:/program files (x86)/cypress/psoc creator/3.3/psoc creator/import/gnu/arm/4.9.3/bin/../lib/gcc/arm-none-eabi/4.9.3/armv7-m/crtbegin.o
LOAD c:/program files (x86)/cypress/psoc creator/3.3/psoc creator/import/gnu/arm/4.9.3/bin/../lib/gcc/arm-none-eabi/4.9.3/../../../../arm-none-eabi/lib/armv7-m/crt0.o
START GROUP
LOAD .\ARM_GCC_493\Debug\main.o
LOAD .\ARM_GCC_493\Debug\CAN_Communication.o
LOAD .\ARM_GCC_493\Debug\DynamixelPacket.o
LOAD .\ARM_GCC_493\Debug\gripper_eeprom.o
LOAD .\ARM_GCC_493\Debug\DynamixelCom.o
LOAD .\ARM_GCC_493\Debug\Z_Axis.o
LOAD .\ARM_GCC_493\Debug\cymetadata.o
LOAD .\ARM_GCC_493\Debug\Cm3Start.o
LOAD .\ARM_GCC_493\Debug\GripperDynamixelPSoC5.a
LOAD C:\Program Files (x86)\Cypress\PSoC Creator\3.3\PSoC Creator\psoc\content\cycomponentlibrary\CyComponentLibrary.cylib\CortexM3\ARM_GCC_493\Debug\CyComponentLibrary.a
END GROUP
START GROUP
LOAD c:/program files (x86)/cypress/psoc creator/3.3/psoc creator/import/gnu/arm/4.9.3/bin/../lib/gcc/arm-none-eabi/4.9.3/armv7-m\libgcc.a
LOAD c:/program files (x86)/cypress/psoc creator/3.3/psoc creator/import/gnu/arm/4.9.3/bin/../lib/gcc/arm-none-eabi/4.9.3/../../../../arm-none-eabi/lib/armv7-m\libg_nano.a
LOAD c:/program files (x86)/cypress/psoc creator/3.3/psoc creator/import/gnu/arm/4.9.3/bin/../lib/gcc/arm-none-eabi/4.9.3/../../../../arm-none-eabi/lib/armv7-m\libc_nano.a
END GROUP
START GROUP
LOAD c:/program files (x86)/cypress/psoc creator/3.3/psoc creator/import/gnu/arm/4.9.3/bin/../lib/gcc/arm-none-eabi/4.9.3/armv7-m\libgcc.a
LOAD c:/program files (x86)/cypress/psoc creator/3.3/psoc creator/import/gnu/arm/4.9.3/bin/../lib/gcc/arm-none-eabi/4.9.3/../../../../arm-none-eabi/lib/armv7-m\libc_nano.a
END GROUP
LOAD c:/program files (x86)/cypress/psoc creator/3.3/psoc creator/import/gnu/arm/4.9.3/bin/../lib/gcc/arm-none-eabi/4.9.3/armv7-m/crtend.o
LOAD c:/program files (x86)/cypress/psoc creator/3.3/psoc creator/import/gnu/arm/4.9.3/bin/../lib/gcc/arm-none-eabi/4.9.3/armv7-m/crtn.o
START GROUP
LOAD c:/program files (x86)/cypress/psoc creator/3.3/psoc creator/import/gnu/arm/4.9.3/bin/../lib/gcc/arm-none-eabi/4.9.3/armv7-m\libgcc.a
LOAD c:/program files (x86)/cypress/psoc creator/3.3/psoc creator/import/gnu/arm/4.9.3/bin/../lib/gcc/arm-none-eabi/4.9.3/../../../../arm-none-eabi/lib/armv7-m\libc.a
LOAD c:/program files (x86)/cypress/psoc creator/3.3/psoc creator/import/gnu/arm/4.9.3/bin/../lib/gcc/arm-none-eabi/4.9.3/../../../../arm-none-eabi/lib/armv7-m\libnosys.a
END GROUP
                0x00000000                CY_APPL_ORIGIN = 0x0
                0x00000100                CY_FLASH_ROW_SIZE = 0x100
                0x00000020                CY_ECC_ROW_SIZE = 0x20
                0x00000000                CY_EE_IN_BTLDR = 0x0
                0x00000000                CY_APPL_LOADABLE = 0x0
                0x00000800                CY_EE_SIZE = 0x800
                0x00000001                CY_APPL_NUM = 0x1
                0x00000001                CY_APPL_MAX = 0x1
                0x00000040                CY_METADATA_SIZE = 0x40
                0x1fff8620                PROVIDE (__cy_heap_start, _end)
                0x00000001                PROVIDE (__cy_region_num, ((__cy_regions_end - __cy_regions) / 0x10))
                0x20008000                PROVIDE (__cy_stack, (ORIGIN (ram) + 0x10000))
                0x20007800                PROVIDE (__cy_heap_end, (__cy_stack - 0x800))

.cybootloader   0x00000000        0x0
 *(.cybootloader)
                0x00000000                appl1_start = CY_APPL_ORIGIN?CY_APPL_ORIGIN:ALIGN (CY_FLASH_ROW_SIZE)
                0x0001ff00                appl2_start = (appl1_start + ALIGN ((((0x40000 - appl1_start) - (0x2 * CY_FLASH_ROW_SIZE)) / 0x2), CY_FLASH_ROW_SIZE))
                0x00000000                appl_start = (CY_APPL_NUM == 0x1)?appl1_start:appl2_start
                0x00000000                ecc_offset = ((appl_start / CY_FLASH_ROW_SIZE) * CY_ECC_ROW_SIZE)
                0x00000000                ee_offset = (CY_APPL_LOADABLE && ! (CY_EE_IN_BTLDR))?((CY_EE_SIZE / CY_APPL_MAX) * (CY_APPL_NUM - 0x1)):0x0
                0x00000800                ee_size = (CY_APPL_LOADABLE && ! (CY_EE_IN_BTLDR))?(CY_EE_SIZE / CY_APPL_MAX):CY_EE_SIZE
                0x00000000                PROVIDE (CY_ECC_OFFSET, ecc_offset)

.text           0x00000000     0x3a8c
 CREATE_OBJECT_SYMBOLS
                0x00000000                PROVIDE (__cy_interrupt_vector, RomVectors)
 *(.romvectors)
 .romvectors    0x00000000       0x10 .\ARM_GCC_493\Debug\Cm3Start.o
                0x00000000                RomVectors
                0x00000001                ASSERT ((. != __cy_interrupt_vector), No interrupt vector)
                0x00000001                ASSERT (CY_APPL_ORIGIN?(SIZEOF (.cybootloader) <= CY_APPL_ORIGIN):0x1, Wrong image location)
                0x00000010                PROVIDE (__cy_reset, Reset)
 *(.text.Reset)
 .text.Reset    0x00000010       0x18 .\ARM_GCC_493\Debug\Cm3Start.o
                0x00000010                Reset
                0x00000001                ASSERT ((. != __cy_reset), No reset code)
 *(.dma_init)
                0x00000001                ASSERT ((((appl_start + .) <= 0x10000) || 0x1), DMA Init must be within the first 64k of flash)
 *(.text .text.* .gnu.linkonce.t.*)
 .text          0x00000028       0x5c c:/program files (x86)/cypress/psoc creator/3.3/psoc creator/import/gnu/arm/4.9.3/bin/../lib/gcc/arm-none-eabi/4.9.3/armv7-m/crtbegin.o
 .text.treatCanMessage
                0x00000084      0x350 .\ARM_GCC_493\Debug\main.o
                0x00000084                treatCanMessage
 .text.CounterCanInterruptHandler
                0x000003d4       0x20 .\ARM_GCC_493\Debug\main.o
                0x000003d4                CounterCanInterruptHandler
 .text.main     0x000003f4       0x60 .\ARM_GCC_493\Debug\main.o
                0x000003f4                main
 .text.init_can_module
                0x00000454       0x24 .\ARM_GCC_493\Debug\main.o
                0x00000454                init_can_module
 .text.sendMotorTypeToComputer
                0x00000478       0x3c .\ARM_GCC_493\Debug\main.o
                0x00000478                sendMotorTypeToComputer
 .text.can_getReceivedMessage
                0x000004b4       0x64 .\ARM_GCC_493\Debug\CAN_Communication.o
                0x000004b4                can_getReceivedMessage
 .text.sendDataToCAN
                0x00000518       0x60 .\ARM_GCC_493\Debug\CAN_Communication.o
                0x00000518                sendDataToCAN
 .text.can_sendMessage
                0x00000578       0x3c .\ARM_GCC_493\Debug\CAN_Communication.o
                0x00000578                can_sendMessage
 .text.dynamixel_setTorqueEnablePacket
                0x000005b4       0x28 .\ARM_GCC_493\Debug\DynamixelPacket.o
                0x000005b4                dynamixel_setTorqueEnablePacket
 .text.dynamixel_setPositionRegPacket
                0x000005dc       0x28 .\ARM_GCC_493\Debug\DynamixelPacket.o
                0x000005dc                dynamixel_setPositionRegPacket
 .text.dynamixel_setPositionPacket
                0x00000604       0x28 .\ARM_GCC_493\Debug\DynamixelPacket.o
                0x00000604                dynamixel_setPositionPacket
 .text.dynamixel_setMovingSpeedPacket
                0x0000062c       0x28 .\ARM_GCC_493\Debug\DynamixelPacket.o
                0x0000062c                dynamixel_setMovingSpeedPacket
 .text.dynamixel_setTorquePacket
                0x00000654       0x28 .\ARM_GCC_493\Debug\DynamixelPacket.o
                0x00000654                dynamixel_setTorquePacket
 .text.dynamixel_set2Bytes
                0x0000067c       0x40 .\ARM_GCC_493\Debug\DynamixelPacket.o
                0x0000067c                dynamixel_set2Bytes
 .text.dynamixel_set2BytesReg
                0x000006bc       0x40 .\ARM_GCC_493\Debug\DynamixelPacket.o
                0x000006bc                dynamixel_set2BytesReg
 .text.dynamixel_setByte
                0x000006fc       0x2c .\ARM_GCC_493\Debug\DynamixelPacket.o
                0x000006fc                dynamixel_setByte
 .text.dynamixel_getReadPacket
                0x00000728       0x28 .\ARM_GCC_493\Debug\DynamixelPacket.o
                0x00000728                dynamixel_getReadPacket
 .text.dynamixel_getWritePacket
                0x00000750       0x28 .\ARM_GCC_493\Debug\DynamixelPacket.o
                0x00000750                dynamixel_getWritePacket
 .text.dynamixel_getWritePacketSimple
                0x00000778       0x28 .\ARM_GCC_493\Debug\DynamixelPacket.o
                0x00000778                dynamixel_getWritePacketSimple
 .text.dynamixel_getRegWritePacket
                0x000007a0       0x28 .\ARM_GCC_493\Debug\DynamixelPacket.o
                0x000007a0                dynamixel_getRegWritePacket
 .text.dynamixel_getActionPacket
                0x000007c8       0x18 .\ARM_GCC_493\Debug\DynamixelPacket.o
                0x000007c8                dynamixel_getActionPacket
 .text.dynamixel_createSimpleInstructionPacket
                0x000007e0       0x44 .\ARM_GCC_493\Debug\DynamixelPacket.o
                0x000007e0                dynamixel_createSimpleInstructionPacket
 .text.dynamixel_createInstructionPacket
                0x00000824       0xc0 .\ARM_GCC_493\Debug\DynamixelPacket.o
                0x00000824                dynamixel_createInstructionPacket
 .text.dynamixel_calculateChecksum
                0x000008e4       0x50 .\ARM_GCC_493\Debug\DynamixelPacket.o
                0x000008e4                dynamixel_calculateChecksum
 .text.init_eeprom
                0x00000934       0x14 .\ARM_GCC_493\Debug\gripper_eeprom.o
                0x00000934                init_eeprom
 .text.readEeprom
                0x00000948       0xec .\ARM_GCC_493\Debug\gripper_eeprom.o
                0x00000948                readEeprom
 .text.eraseMotorType
                0x00000a34       0x3c .\ARM_GCC_493\Debug\gripper_eeprom.o
                0x00000a34                eraseMotorType
 .text.saveMotorType
                0x00000a70       0x78 .\ARM_GCC_493\Debug\gripper_eeprom.o
                0x00000a70                saveMotorType
 .text.getMotorType
                0x00000ae8       0x44 .\ARM_GCC_493\Debug\gripper_eeprom.o
                0x00000ae8                getMotorType
 .text.updateAngleLimitData
                0x00000b2c      0x150 .\ARM_GCC_493\Debug\gripper_eeprom.o
                0x00000b2c                updateAngleLimitData
 .text.init_uart_dynamixel
                0x00000c7c       0x28 .\ARM_GCC_493\Debug\DynamixelCom.o
                0x00000c7c                init_uart_dynamixel
 .text.isr_uart_rx_gripper
                0x00000ca4       0xd4 .\ARM_GCC_493\Debug\DynamixelCom.o
                0x00000ca4                isr_uart_rx_gripper
 .text.sendPacketToDynamixel
                0x00000d78       0x28 .\ARM_GCC_493\Debug\DynamixelCom.o
                0x00000d78                sendPacketToDynamixel
 .text.sendDynamixelDataToComputer
                0x00000da0       0x74 .\ARM_GCC_493\Debug\DynamixelCom.o
                0x00000da0                sendDynamixelDataToComputer
 .text.Z_Axis_Init
                0x00000e14       0xd8 .\ARM_GCC_493\Debug\Z_Axis.o
                0x00000e14                Z_Axis_Init
 .text.Z_Axis_Home
                0x00000eec       0x84 .\ARM_GCC_493\Debug\Z_Axis.o
                0x00000eec                Z_Axis_Home
 .text.Z_Axis_Bumper_Stops
                0x00000f70       0xa8 .\ARM_GCC_493\Debug\Z_Axis.o
                0x00000f70                Z_Axis_Bumper_Stops
 .text.Z_Axis_GoTo
                0x00001018       0xf4 .\ARM_GCC_493\Debug\Z_Axis.o
                0x00001018                Z_Axis_GoTo
 .text.Z_Axis_Bumper_ISR
                0x0000110c       0x14 .\ARM_GCC_493\Debug\Z_Axis.o
                0x0000110c                Z_Axis_Bumper_ISR
 .text.Z_Axis_Move_ISR
                0x00001120       0x60 .\ARM_GCC_493\Debug\Z_Axis.o
                0x00001120                Z_Axis_Move_ISR
 .text.IntDefaultHandler
                0x00001180        0x8 .\ARM_GCC_493\Debug\Cm3Start.o
                0x00001180                IntDefaultHandler
 .text._sbrk    0x00001188       0x54 .\ARM_GCC_493\Debug\Cm3Start.o
                0x00001188                _sbrk
 .text.Start_c  0x000011dc       0x98 .\ARM_GCC_493\Debug\Cm3Start.o
                0x000011dc                Start_c
 .text.initialize_psoc
                0x00001274       0x8c .\ARM_GCC_493\Debug\Cm3Start.o
                0x00001274                initialize_psoc
 .text.CYMEMZERO
                0x00001300       0x1c .\ARM_GCC_493\Debug\GripperDynamixelPSoC5.a(cyfitter_cfg.o)
 .text.CYCONFIGCPY
                0x0000131c       0x1c .\ARM_GCC_493\Debug\GripperDynamixelPSoC5.a(cyfitter_cfg.o)
 .text.CyClockStartupError
                0x00001338        0xc .\ARM_GCC_493\Debug\GripperDynamixelPSoC5.a(cyfitter_cfg.o)
 .text.cfg_write_bytes32
                0x00001344       0x74 .\ARM_GCC_493\Debug\GripperDynamixelPSoC5.a(cyfitter_cfg.o)
 .text.ClockSetup
                0x000013b8      0x140 .\ARM_GCC_493\Debug\GripperDynamixelPSoC5.a(cyfitter_cfg.o)
 .text.AnalogSetDefault
                0x000014f8       0x58 .\ARM_GCC_493\Debug\GripperDynamixelPSoC5.a(cyfitter_cfg.o)
 .text.cyfitter_cfg
                0x00001550      0x1bc .\ARM_GCC_493\Debug\GripperDynamixelPSoC5.a(cyfitter_cfg.o)
                0x00001550                cyfitter_cfg
 *fill*         0x0000170c        0x4 
 .text          0x00001710       0x58 .\ARM_GCC_493\Debug\GripperDynamixelPSoC5.a(CyBootAsmGnu.o)
                0x00001710                CyDelayCycles
                0x0000174e                CyEnterCriticalSection
                0x00001756                CyExitCriticalSection
 .text.CyHalt   0x00001768       0x18 .\ARM_GCC_493\Debug\GripperDynamixelPSoC5.a(CyLib.o)
                0x00001768                CyHalt
 .text.CyDelay  0x00001780       0x44 .\ARM_GCC_493\Debug\GripperDynamixelPSoC5.a(CyLib.o)
                0x00001780                CyDelay
 .text.CyDelayUs
                0x000017c4       0x24 .\ARM_GCC_493\Debug\GripperDynamixelPSoC5.a(CyLib.o)
                0x000017c4                CyDelayUs
 .text.CyIntSetVector
                0x000017e8       0x50 .\ARM_GCC_493\Debug\GripperDynamixelPSoC5.a(CyLib.o)
                0x000017e8                CyIntSetVector
 .text.CyIntSetPriority
                0x00001838       0x44 .\ARM_GCC_493\Debug\GripperDynamixelPSoC5.a(CyLib.o)
                0x00001838                CyIntSetPriority
 .text.UART2DYNAMIXEL_Start
                0x0000187c       0x20 .\ARM_GCC_493\Debug\GripperDynamixelPSoC5.a(UART2DYNAMIXEL.o)
                0x0000187c                UART2DYNAMIXEL_Start
 .text.UART2DYNAMIXEL_Init
                0x0000189c       0x58 .\ARM_GCC_493\Debug\GripperDynamixelPSoC5.a(UART2DYNAMIXEL.o)
                0x0000189c                UART2DYNAMIXEL_Init
 .text.UART2DYNAMIXEL_Enable
                0x000018f4       0x64 .\ARM_GCC_493\Debug\GripperDynamixelPSoC5.a(UART2DYNAMIXEL.o)
                0x000018f4                UART2DYNAMIXEL_Enable
 .text.UART2DYNAMIXEL_ReadRxData
                0x00001958       0x94 .\ARM_GCC_493\Debug\GripperDynamixelPSoC5.a(UART2DYNAMIXEL.o)
                0x00001958                UART2DYNAMIXEL_ReadRxData
 .text.UART2DYNAMIXEL_GetByte
                0x000019ec       0x44 .\ARM_GCC_493\Debug\GripperDynamixelPSoC5.a(UART2DYNAMIXEL.o)
                0x000019ec                UART2DYNAMIXEL_GetByte
 .text.UART2DYNAMIXEL_ClearRxBuffer
                0x00001a30       0x7c .\ARM_GCC_493\Debug\GripperDynamixelPSoC5.a(UART2DYNAMIXEL.o)
                0x00001a30                UART2DYNAMIXEL_ClearRxBuffer
 .text.UART2DYNAMIXEL_PutChar
                0x00001aac       0x34 .\ARM_GCC_493\Debug\GripperDynamixelPSoC5.a(UART2DYNAMIXEL.o)
                0x00001aac                UART2DYNAMIXEL_PutChar
 .text.UART2DYNAMIXEL_PutArray
                0x00001ae0       0x40 .\ARM_GCC_493\Debug\GripperDynamixelPSoC5.a(UART2DYNAMIXEL.o)
                0x00001ae0                UART2DYNAMIXEL_PutArray
 .text.UART2DYNAMIXEL_GetTxBufferSize
                0x00001b20       0x44 .\ARM_GCC_493\Debug\GripperDynamixelPSoC5.a(UART2DYNAMIXEL.o)
                0x00001b20                UART2DYNAMIXEL_GetTxBufferSize
 .text.UART2DYNAMIXEL_ClearTxBuffer
                0x00001b64       0x40 .\ARM_GCC_493\Debug\GripperDynamixelPSoC5.a(UART2DYNAMIXEL.o)
                0x00001b64                UART2DYNAMIXEL_ClearTxBuffer
 .text.UART2DYNAMIXEL_RXISR
                0x00001ba4       0xd8 .\ARM_GCC_493\Debug\GripperDynamixelPSoC5.a(UART2DYNAMIXEL_INT.o)
                0x00001ba4                UART2DYNAMIXEL_RXISR
 .text.isr_rx_interrupt_StartEx
                0x00001c7c       0x24 .\ARM_GCC_493\Debug\GripperDynamixelPSoC5.a(isr_rx_interrupt.o)
                0x00001c7c                isr_rx_interrupt_StartEx
 .text.isr_rx_interrupt_SetVector
                0x00001ca0       0x24 .\ARM_GCC_493\Debug\GripperDynamixelPSoC5.a(isr_rx_interrupt.o)
                0x00001ca0                isr_rx_interrupt_SetVector
 .text.isr_rx_interrupt_SetPriority
                0x00001cc4       0x24 .\ARM_GCC_493\Debug\GripperDynamixelPSoC5.a(isr_rx_interrupt.o)
                0x00001cc4                isr_rx_interrupt_SetPriority
 .text.isr_rx_interrupt_Enable
                0x00001ce8       0x18 .\ARM_GCC_493\Debug\GripperDynamixelPSoC5.a(isr_rx_interrupt.o)
                0x00001ce8                isr_rx_interrupt_Enable
 .text.isr_rx_interrupt_Disable
                0x00001d00       0x18 .\ARM_GCC_493\Debug\GripperDynamixelPSoC5.a(isr_rx_interrupt.o)
                0x00001d00                isr_rx_interrupt_Disable
 .text.CAN_Standby_Write
                0x00001d18       0x3c .\ARM_GCC_493\Debug\GripperDynamixelPSoC5.a(CAN_Standby.o)
                0x00001d18                CAN_Standby_Write
 .text.CAN_1_RxTxBuffersConfig
                0x00001d54       0x80 .\ARM_GCC_493\Debug\GripperDynamixelPSoC5.a(CAN_1.o)
                0x00001d54                CAN_1_RxTxBuffersConfig
 .text.CAN_1_Init
                0x00001dd4      0x128 .\ARM_GCC_493\Debug\GripperDynamixelPSoC5.a(CAN_1.o)
                0x00001dd4                CAN_1_Init
 .text.CAN_1_Enable
                0x00001efc       0xa4 .\ARM_GCC_493\Debug\GripperDynamixelPSoC5.a(CAN_1.o)
                0x00001efc                CAN_1_Enable
 .text.CAN_1_Start
                0x00001fa0       0x3c .\ARM_GCC_493\Debug\GripperDynamixelPSoC5.a(CAN_1.o)
                0x00001fa0                CAN_1_Start
 .text.CAN_1_Stop
                0x00001fdc       0x94 .\ARM_GCC_493\Debug\GripperDynamixelPSoC5.a(CAN_1.o)
                0x00001fdc                CAN_1_Stop
 .text.CAN_1_GlobalIntEnable
                0x00002070       0x40 .\ARM_GCC_493\Debug\GripperDynamixelPSoC5.a(CAN_1.o)
                0x00002070                CAN_1_GlobalIntEnable
 .text.CAN_1_GlobalIntDisable
                0x000020b0       0x40 .\ARM_GCC_493\Debug\GripperDynamixelPSoC5.a(CAN_1.o)
                0x000020b0                CAN_1_GlobalIntDisable
 .text.CAN_1_SetPreScaler
                0x000020f0       0x44 .\ARM_GCC_493\Debug\GripperDynamixelPSoC5.a(CAN_1.o)
                0x000020f0                CAN_1_SetPreScaler
 .text.CAN_1_SetArbiter
                0x00002134       0x6c .\ARM_GCC_493\Debug\GripperDynamixelPSoC5.a(CAN_1.o)
                0x00002134                CAN_1_SetArbiter
 .text.CAN_1_SetTsegSample
                0x000021a0       0xd4 .\ARM_GCC_493\Debug\GripperDynamixelPSoC5.a(CAN_1.o)
                0x000021a0                CAN_1_SetTsegSample
 .text.CAN_1_SetRestartType
                0x00002274       0x6c .\ARM_GCC_493\Debug\GripperDynamixelPSoC5.a(CAN_1.o)
                0x00002274                CAN_1_SetRestartType
 .text.CAN_1_SetEdgeMode
                0x000022e0       0x6c .\ARM_GCC_493\Debug\GripperDynamixelPSoC5.a(CAN_1.o)
                0x000022e0                CAN_1_SetEdgeMode
 .text.CAN_1_SetIrqMask
                0x0000234c       0x38 .\ARM_GCC_493\Debug\GripperDynamixelPSoC5.a(CAN_1.o)
                0x0000234c                CAN_1_SetIrqMask
 .text.CAN_1_RxBufConfig
                0x00002384       0xec .\ARM_GCC_493\Debug\GripperDynamixelPSoC5.a(CAN_1.o)
                0x00002384                CAN_1_RxBufConfig
 .text.CAN_1_TxBufConfig
                0x00002470       0x88 .\ARM_GCC_493\Debug\GripperDynamixelPSoC5.a(CAN_1.o)
                0x00002470                CAN_1_TxBufConfig
 .text.CAN_1_BusOffIsr
                0x000024f8       0x18 .\ARM_GCC_493\Debug\GripperDynamixelPSoC5.a(CAN_1_INT.o)
                0x000024f8                CAN_1_BusOffIsr
 .text.CAN_1_MsgRXIsr
                0x00002510       0x84 .\ARM_GCC_493\Debug\GripperDynamixelPSoC5.a(CAN_1_INT.o)
                0x00002510                CAN_1_MsgRXIsr
 .text.CAN_1_ISR
                0x00002594       0x30 .\ARM_GCC_493\Debug\GripperDynamixelPSoC5.a(CAN_1_INT.o)
                0x00002594                CAN_1_ISR
 .text.CAN_1_SendMsg
                0x000025c4      0x170 .\ARM_GCC_493\Debug\GripperDynamixelPSoC5.a(CAN_1_TX_RX_func.o)
                0x000025c4                CAN_1_SendMsg
 .text.CAN_1_ReceiveMsg
                0x00002734       0x48 .\ARM_GCC_493\Debug\GripperDynamixelPSoC5.a(CAN_1_TX_RX_func.o)
                0x00002734                CAN_1_ReceiveMsg
 .text.CAN_1_ReceiveMsg0
                0x0000277c       0xf0 .\ARM_GCC_493\Debug\GripperDynamixelPSoC5.a(CAN_1_TX_RX_func.o)
                0x0000277c                CAN_1_ReceiveMsg0
 .text.ControlReg_Write
                0x0000286c       0x20 .\ARM_GCC_493\Debug\GripperDynamixelPSoC5.a(ControlReg.o)
                0x0000286c                ControlReg_Write
 .text.ControlReg_Read
                0x0000288c       0x18 .\ARM_GCC_493\Debug\GripperDynamixelPSoC5.a(ControlReg.o)
                0x0000288c                ControlReg_Read
 .text.EEPROM_Enable
                0x000028a4       0x10 .\ARM_GCC_493\Debug\GripperDynamixelPSoC5.a(EEPROM.o)
                0x000028a4                EEPROM_Enable
 .text.EEPROM_Start
                0x000028b4        0xc .\ARM_GCC_493\Debug\GripperDynamixelPSoC5.a(EEPROM.o)
                0x000028b4                EEPROM_Start
 .text.EEPROM_WriteByte
                0x000028c0      0x120 .\ARM_GCC_493\Debug\GripperDynamixelPSoC5.a(EEPROM.o)
                0x000028c0                EEPROM_WriteByte
 .text.EEPROM_ReadByte
                0x000029e0       0x3c .\ARM_GCC_493\Debug\GripperDynamixelPSoC5.a(EEPROM.o)
                0x000029e0                EEPROM_ReadByte
 .text.EEPROM_UpdateTemperature
                0x00002a1c       0x10 .\ARM_GCC_493\Debug\GripperDynamixelPSoC5.a(EEPROM.o)
                0x00002a1c                EEPROM_UpdateTemperature
 .text.Counter_CanReader_Init
                0x00002a2c       0x98 .\ARM_GCC_493\Debug\GripperDynamixelPSoC5.a(Counter_CanReader.o)
                0x00002a2c                Counter_CanReader_Init
 .text.Counter_CanReader_Enable
                0x00002ac4       0x48 .\ARM_GCC_493\Debug\GripperDynamixelPSoC5.a(Counter_CanReader.o)
                0x00002ac4                Counter_CanReader_Enable
 .text.Counter_CanReader_Start
                0x00002b0c       0x20 .\ARM_GCC_493\Debug\GripperDynamixelPSoC5.a(Counter_CanReader.o)
                0x00002b0c                Counter_CanReader_Start
 .text.Counter_CanReader_SetInterruptMode
                0x00002b2c       0x20 .\ARM_GCC_493\Debug\GripperDynamixelPSoC5.a(Counter_CanReader.o)
                0x00002b2c                Counter_CanReader_SetInterruptMode
 .text.Counter_CanReader_WriteCounter
                0x00002b4c       0x54 .\ARM_GCC_493\Debug\GripperDynamixelPSoC5.a(Counter_CanReader.o)
                0x00002b4c                Counter_CanReader_WriteCounter
 .text.Counter_CanReader_WritePeriod
                0x00002ba0       0x20 .\ARM_GCC_493\Debug\GripperDynamixelPSoC5.a(Counter_CanReader.o)
                0x00002ba0                Counter_CanReader_WritePeriod
 .text.CanReaderISR_StartEx
                0x00002bc0       0x24 .\ARM_GCC_493\Debug\GripperDynamixelPSoC5.a(CanReaderISR.o)
                0x00002bc0                CanReaderISR_StartEx
 .text.CanReaderISR_SetVector
                0x00002be4       0x24 .\ARM_GCC_493\Debug\GripperDynamixelPSoC5.a(CanReaderISR.o)
                0x00002be4                CanReaderISR_SetVector
 .text.CanReaderISR_SetPriority
                0x00002c08       0x24 .\ARM_GCC_493\Debug\GripperDynamixelPSoC5.a(CanReaderISR.o)
                0x00002c08                CanReaderISR_SetPriority
 .text.CanReaderISR_Enable
                0x00002c2c       0x18 .\ARM_GCC_493\Debug\GripperDynamixelPSoC5.a(CanReaderISR.o)
                0x00002c2c                CanReaderISR_Enable
 .text.CanReaderISR_Disable
                0x00002c44       0x18 .\ARM_GCC_493\Debug\GripperDynamixelPSoC5.a(CanReaderISR.o)
                0x00002c44                CanReaderISR_Disable
 .text.Z_Axis_Clock_Start
                0x00002c5c       0x34 .\ARM_GCC_493\Debug\GripperDynamixelPSoC5.a(Z_Axis_Clock.o)
                0x00002c5c                Z_Axis_Clock_Start
 .text.Z_Motor_Speed_Start
                0x00002c90       0x20 .\ARM_GCC_493\Debug\GripperDynamixelPSoC5.a(Z_Motor_Speed.o)
                0x00002c90                Z_Motor_Speed_Start
 .text.Z_Motor_Speed_Init
                0x00002cb0       0x68 .\ARM_GCC_493\Debug\GripperDynamixelPSoC5.a(Z_Motor_Speed.o)
                0x00002cb0                Z_Motor_Speed_Init
 .text.Z_Motor_Speed_Enable
                0x00002d18       0x20 .\ARM_GCC_493\Debug\GripperDynamixelPSoC5.a(Z_Motor_Speed.o)
                0x00002d18                Z_Motor_Speed_Enable
 .text.Z_Motor_Speed_WriteCounter
                0x00002d38       0x20 .\ARM_GCC_493\Debug\GripperDynamixelPSoC5.a(Z_Motor_Speed.o)
                0x00002d38                Z_Motor_Speed_WriteCounter
 .text.Z_Motor_Speed_WritePeriod
                0x00002d58       0x20 .\ARM_GCC_493\Debug\GripperDynamixelPSoC5.a(Z_Motor_Speed.o)
                0x00002d58                Z_Motor_Speed_WritePeriod
 .text.Z_Motor_Speed_WriteCompare
                0x00002d78       0x20 .\ARM_GCC_493\Debug\GripperDynamixelPSoC5.a(Z_Motor_Speed.o)
                0x00002d78                Z_Motor_Speed_WriteCompare
 .text.Z_Axis_Power_Init
                0x00002d98       0x28 .\ARM_GCC_493\Debug\GripperDynamixelPSoC5.a(Z_Axis_Power.o)
                0x00002d98                Z_Axis_Power_Init
 .text.Z_Axis_Power_Enable
                0x00002dc0       0x34 .\ARM_GCC_493\Debug\GripperDynamixelPSoC5.a(Z_Axis_Power.o)
                0x00002dc0                Z_Axis_Power_Enable
 .text.Z_Axis_Power_Start
                0x00002df4       0x28 .\ARM_GCC_493\Debug\GripperDynamixelPSoC5.a(Z_Axis_Power.o)
                0x00002df4                Z_Axis_Power_Start
 .text.Z_Axis_Power_SetSpeed
                0x00002e1c       0x40 .\ARM_GCC_493\Debug\GripperDynamixelPSoC5.a(Z_Axis_Power.o)
                0x00002e1c                Z_Axis_Power_SetSpeed
 .text.Z_Axis_Power_SetRange
                0x00002e5c       0x40 .\ARM_GCC_493\Debug\GripperDynamixelPSoC5.a(Z_Axis_Power.o)
                0x00002e5c                Z_Axis_Power_SetRange
 .text.Z_Axis_Power_SetValue
                0x00002e9c       0x20 .\ARM_GCC_493\Debug\GripperDynamixelPSoC5.a(Z_Axis_Power.o)
                0x00002e9c                Z_Axis_Power_SetValue
 .text.Z_Axis_Power_DacTrim
                0x00002ebc       0x3c .\ARM_GCC_493\Debug\GripperDynamixelPSoC5.a(Z_Axis_Power.o)
                0x00002ebc                Z_Axis_Power_DacTrim
 .text.Z_Step_Dist_Init
                0x00002ef8       0x80 .\ARM_GCC_493\Debug\GripperDynamixelPSoC5.a(Z_Step_Dist.o)
                0x00002ef8                Z_Step_Dist_Init
 .text.Z_Step_Dist_Enable
                0x00002f78       0x20 .\ARM_GCC_493\Debug\GripperDynamixelPSoC5.a(Z_Step_Dist.o)
                0x00002f78                Z_Step_Dist_Enable
 .text.Z_Step_Dist_Start
                0x00002f98       0x20 .\ARM_GCC_493\Debug\GripperDynamixelPSoC5.a(Z_Step_Dist.o)
                0x00002f98                Z_Step_Dist_Start
 .text.Z_Step_Dist_SetInterruptMode
                0x00002fb8       0x20 .\ARM_GCC_493\Debug\GripperDynamixelPSoC5.a(Z_Step_Dist.o)
                0x00002fb8                Z_Step_Dist_SetInterruptMode
 .text.Z_Step_Dist_ReadStatusRegister
                0x00002fd8       0x18 .\ARM_GCC_493\Debug\GripperDynamixelPSoC5.a(Z_Step_Dist.o)
                0x00002fd8                Z_Step_Dist_ReadStatusRegister
 .text.Z_Step_Dist_WriteCounter
                0x00002ff0       0x1c .\ARM_GCC_493\Debug\GripperDynamixelPSoC5.a(Z_Step_Dist.o)
                0x00002ff0                Z_Step_Dist_WriteCounter
 .text.Z_Step_Dist_ReadCapture
                0x0000300c       0x18 .\ARM_GCC_493\Debug\GripperDynamixelPSoC5.a(Z_Step_Dist.o)
                0x0000300c                Z_Step_Dist_ReadCapture
 .text.Z_Step_Dist_WritePeriod
                0x00003024       0x1c .\ARM_GCC_493\Debug\GripperDynamixelPSoC5.a(Z_Step_Dist.o)
                0x00003024                Z_Step_Dist_WritePeriod
 .text.Z_Step_Dist_WriteCompare
                0x00003040       0x1c .\ARM_GCC_493\Debug\GripperDynamixelPSoC5.a(Z_Step_Dist.o)
                0x00003040                Z_Step_Dist_WriteCompare
 .text.Z_Step_Dist_ClearFIFO
                0x0000305c       0x1c .\ARM_GCC_493\Debug\GripperDynamixelPSoC5.a(Z_Step_Dist.o)
                0x0000305c                Z_Step_Dist_ClearFIFO
 .text.Z_GO_Write
                0x00003078       0x20 .\ARM_GCC_493\Debug\GripperDynamixelPSoC5.a(Z_GO.o)
                0x00003078                Z_GO_Write
 .text.Z_Axis_Bumper_Port_Read
                0x00003098       0x20 .\ARM_GCC_493\Debug\GripperDynamixelPSoC5.a(Z_Axis_Bumper_Port.o)
                0x00003098                Z_Axis_Bumper_Port_Read
 .text.Z_Axis_Bumper_Port_ClearInterrupt
                0x000030b8       0x20 .\ARM_GCC_493\Debug\GripperDynamixelPSoC5.a(Z_Axis_Bumper_Port.o)
                0x000030b8                Z_Axis_Bumper_Port_ClearInterrupt
 .text.Z_Axis_Bumper_ISR_StartEx
                0x000030d8       0x24 .\ARM_GCC_493\Debug\GripperDynamixelPSoC5.a(Z_Axis_Bumper_ISR.o)
                0x000030d8                Z_Axis_Bumper_ISR_StartEx
 .text.Z_Axis_Bumper_ISR_Stop
                0x000030fc       0x14 .\ARM_GCC_493\Debug\GripperDynamixelPSoC5.a(Z_Axis_Bumper_ISR.o)
                0x000030fc                Z_Axis_Bumper_ISR_Stop
 .text.Z_Axis_Bumper_ISR_SetVector
                0x00003110       0x24 .\ARM_GCC_493\Debug\GripperDynamixelPSoC5.a(Z_Axis_Bumper_ISR.o)
                0x00003110                Z_Axis_Bumper_ISR_SetVector
 .text.Z_Axis_Bumper_ISR_SetPriority
                0x00003134       0x24 .\ARM_GCC_493\Debug\GripperDynamixelPSoC5.a(Z_Axis_Bumper_ISR.o)
                0x00003134                Z_Axis_Bumper_ISR_SetPriority
 .text.Z_Axis_Bumper_ISR_Enable
                0x00003158       0x18 .\ARM_GCC_493\Debug\GripperDynamixelPSoC5.a(Z_Axis_Bumper_ISR.o)
                0x00003158                Z_Axis_Bumper_ISR_Enable
 .text.Z_Axis_Bumper_ISR_Disable
                0x00003170       0x18 .\ARM_GCC_493\Debug\GripperDynamixelPSoC5.a(Z_Axis_Bumper_ISR.o)
                0x00003170                Z_Axis_Bumper_ISR_Disable
 .text.Z_Axis_Bumper_ISR_ClearPending
                0x00003188       0x18 .\ARM_GCC_493\Debug\GripperDynamixelPSoC5.a(Z_Axis_Bumper_ISR.o)
                0x00003188                Z_Axis_Bumper_ISR_ClearPending
 .text.Z_Axis_StepSizeA_Write
                0x000031a0       0x3c .\ARM_GCC_493\Debug\GripperDynamixelPSoC5.a(Z_Axis_StepSizeA.o)
                0x000031a0                Z_Axis_StepSizeA_Write
 .text.Z_Axis_StepSizeB_Write
                0x000031dc       0x38 .\ARM_GCC_493\Debug\GripperDynamixelPSoC5.a(Z_Axis_StepSizeB.o)
                0x000031dc                Z_Axis_StepSizeB_Write
 .text.Z_Axis_Direction_Write
                0x00003214       0x3c .\ARM_GCC_493\Debug\GripperDynamixelPSoC5.a(Z_Axis_Direction.o)
                0x00003214                Z_Axis_Direction_Write
 .text.Z_Axis_Enable_Write
                0x00003250       0x3c .\ARM_GCC_493\Debug\GripperDynamixelPSoC5.a(Z_Axis_Enable.o)
                0x00003250                Z_Axis_Enable_Write
 .text.Z_Axis_Move_ISR_StartEx
                0x0000328c       0x24 .\ARM_GCC_493\Debug\GripperDynamixelPSoC5.a(Z_Axis_Move_ISR.o)
                0x0000328c                Z_Axis_Move_ISR_StartEx
 .text.Z_Axis_Move_ISR_SetVector
                0x000032b0       0x24 .\ARM_GCC_493\Debug\GripperDynamixelPSoC5.a(Z_Axis_Move_ISR.o)
                0x000032b0                Z_Axis_Move_ISR_SetVector
 .text.Z_Axis_Move_ISR_SetPriority
                0x000032d4       0x24 .\ARM_GCC_493\Debug\GripperDynamixelPSoC5.a(Z_Axis_Move_ISR.o)
                0x000032d4                Z_Axis_Move_ISR_SetPriority
 .text.Z_Axis_Move_ISR_Enable
                0x000032f8       0x18 .\ARM_GCC_493\Debug\GripperDynamixelPSoC5.a(Z_Axis_Move_ISR.o)
                0x000032f8                Z_Axis_Move_ISR_Enable
 .text.Z_Axis_Move_ISR_Disable
                0x00003310       0x18 .\ARM_GCC_493\Debug\GripperDynamixelPSoC5.a(Z_Axis_Move_ISR.o)
                0x00003310                Z_Axis_Move_ISR_Disable
 .text.Z_Axis_Move_ISR_ClearPending
                0x00003328       0x18 .\ARM_GCC_493\Debug\GripperDynamixelPSoC5.a(Z_Axis_Move_ISR.o)
                0x00003328                Z_Axis_Move_ISR_ClearPending
 .text.CySetTempInt
                0x00003340       0x7c .\ARM_GCC_493\Debug\GripperDynamixelPSoC5.a(CyFlash.o)
 .text.CyFlashGetSpcAlgorithm
                0x000033bc       0x70 .\ARM_GCC_493\Debug\GripperDynamixelPSoC5.a(CyFlash.o)
 .text.CySetTemp
                0x0000342c       0x24 .\ARM_GCC_493\Debug\GripperDynamixelPSoC5.a(CyFlash.o)
                0x0000342c                CySetTemp
 .text.CyEEPROM_Start
                0x00003450       0x8c .\ARM_GCC_493\Debug\GripperDynamixelPSoC5.a(CyFlash.o)
                0x00003450                CyEEPROM_Start
 .text.CyEEPROM_ReadReserve
                0x000034dc       0x30 .\ARM_GCC_493\Debug\GripperDynamixelPSoC5.a(CyFlash.o)
                0x000034dc                CyEEPROM_ReadReserve
 .text.CyEEPROM_ReadRelease
                0x0000350c       0x20 .\ARM_GCC_493\Debug\GripperDynamixelPSoC5.a(CyFlash.o)
                0x0000350c                CyEEPROM_ReadRelease
 .text.CySpcStart
                0x0000352c       0x44 .\ARM_GCC_493\Debug\GripperDynamixelPSoC5.a(CySpc.o)
                0x0000352c                CySpcStart
 .text.CySpcReadData
                0x00003570       0x58 .\ARM_GCC_493\Debug\GripperDynamixelPSoC5.a(CySpc.o)
                0x00003570                CySpcReadData
 .text.CySpcLoadMultiByte
                0x000035c8       0xd4 .\ARM_GCC_493\Debug\GripperDynamixelPSoC5.a(CySpc.o)
                0x000035c8                CySpcLoadMultiByte
 .text.CySpcWriteRow
                0x0000369c       0x98 .\ARM_GCC_493\Debug\GripperDynamixelPSoC5.a(CySpc.o)
                0x0000369c                CySpcWriteRow
 .text.CySpcGetTemp
                0x00003734       0x64 .\ARM_GCC_493\Debug\GripperDynamixelPSoC5.a(CySpc.o)
                0x00003734                CySpcGetTemp
 .text.CySpcLock
                0x00003798       0x68 .\ARM_GCC_493\Debug\GripperDynamixelPSoC5.a(CySpc.o)
                0x00003798                CySpcLock
 .text.CySpcUnlock
                0x00003800       0x50 .\ARM_GCC_493\Debug\GripperDynamixelPSoC5.a(CySpc.o)
                0x00003800                CySpcUnlock
 .text.CySpcGetAlgorithm
                0x00003850       0x48 .\ARM_GCC_493\Debug\GripperDynamixelPSoC5.a(CySpc.o)
                0x00003850                CySpcGetAlgorithm
 .text.__errno  0x00003898        0xc c:/program files (x86)/cypress/psoc creator/3.3/psoc creator/import/gnu/arm/4.9.3/bin/../lib/gcc/arm-none-eabi/4.9.3/../../../../arm-none-eabi/lib/armv7-m\libg_nano.a(lib_a-errno.o)
                0x00003898                __errno
 .text.__libc_init_array
                0x000038a4       0x4c c:/program files (x86)/cypress/psoc creator/3.3/psoc creator/import/gnu/arm/4.9.3/bin/../lib/gcc/arm-none-eabi/4.9.3/../../../../arm-none-eabi/lib/armv7-m\libg_nano.a(lib_a-init.o)
                0x000038a4                __libc_init_array
 .text.malloc   0x000038f0       0x10 c:/program files (x86)/cypress/psoc creator/3.3/psoc creator/import/gnu/arm/4.9.3/bin/../lib/gcc/arm-none-eabi/4.9.3/../../../../arm-none-eabi/lib/armv7-m\libg_nano.a(lib_a-malloc.o)
                0x000038f0                malloc
 .text.free     0x00003900       0x10 c:/program files (x86)/cypress/psoc creator/3.3/psoc creator/import/gnu/arm/4.9.3/bin/../lib/gcc/arm-none-eabi/4.9.3/../../../../arm-none-eabi/lib/armv7-m\libg_nano.a(lib_a-malloc.o)
                0x00003900                free
 .text.memcpy   0x00003910       0x16 c:/program files (x86)/cypress/psoc creator/3.3/psoc creator/import/gnu/arm/4.9.3/bin/../lib/gcc/arm-none-eabi/4.9.3/../../../../arm-none-eabi/lib/armv7-m\libg_nano.a(lib_a-memcpy.o)
                0x00003910                memcpy
 .text.memset   0x00003926       0x10 c:/program files (x86)/cypress/psoc creator/3.3/psoc creator/import/gnu/arm/4.9.3/bin/../lib/gcc/arm-none-eabi/4.9.3/../../../../arm-none-eabi/lib/armv7-m\libg_nano.a(lib_a-memset.o)
                0x00003926                memset
 *fill*         0x00003936        0x2 
 .text._free_r  0x00003938       0x88 c:/program files (x86)/cypress/psoc creator/3.3/psoc creator/import/gnu/arm/4.9.3/bin/../lib/gcc/arm-none-eabi/4.9.3/../../../../arm-none-eabi/lib/armv7-m\libg_nano.a(lib_a-nano-freer.o)
                0x00003938                _free_r
 .text._malloc_r
                0x000039c0       0xac c:/program files (x86)/cypress/psoc creator/3.3/psoc creator/import/gnu/arm/4.9.3/bin/../lib/gcc/arm-none-eabi/4.9.3/../../../../arm-none-eabi/lib/armv7-m\libg_nano.a(lib_a-nano-mallocr.o)
                0x000039c0                _malloc_r
 .text._sbrk_r  0x00003a6c       0x20 c:/program files (x86)/cypress/psoc creator/3.3/psoc creator/import/gnu/arm/4.9.3/bin/../lib/gcc/arm-none-eabi/4.9.3/../../../../arm-none-eabi/lib/armv7-m\libg_nano.a(lib_a-sbrkr.o)
                0x00003a6c                _sbrk_r
 *(.plt)
 *(.gnu.warning)
 *(.glue_7t)
 .glue_7t       0x00000000        0x0 linker stubs
 *(.glue_7)
 .glue_7        0x00000000        0x0 linker stubs
 *(.vfp11_veneer)
 .vfp11_veneer  0x00000000        0x0 linker stubs
 *(.bootloader)
 *(.ARM.extab* .gnu.linkonce.armextab.*)
 *(.gcc_except_table)

.v4_bx          0x00003a8c        0x0
 .v4_bx         0x00000000        0x0 linker stubs

.iplt           0x00003a8c        0x0
 .iplt          0x00000000        0x0 c:/program files (x86)/cypress/psoc creator/3.3/psoc creator/import/gnu/arm/4.9.3/bin/../lib/gcc/arm-none-eabi/4.9.3/armv7-m/crtbegin.o

.eh_frame_hdr
 *(.eh_frame_hdr)

.eh_frame       0x00003a8c        0x4
 *(.eh_frame)
 .eh_frame      0x00003a8c        0x0 c:/program files (x86)/cypress/psoc creator/3.3/psoc creator/import/gnu/arm/4.9.3/bin/../lib/gcc/arm-none-eabi/4.9.3/armv7-m/crtbegin.o
 .eh_frame      0x00003a8c        0x4 c:/program files (x86)/cypress/psoc creator/3.3/psoc creator/import/gnu/arm/4.9.3/bin/../lib/gcc/arm-none-eabi/4.9.3/armv7-m/crtend.o
                0x00003a90                PROVIDE (__exidx_start, .)

.ARM.exidx
 *(.ARM.exidx* .gnu.linkonce.armexidx.*)
                0x00003a90                __exidx_end = .

.rodata         0x00003a90      0x1e0
 *(.rodata .rodata.* .gnu.linkonce.r.*)
 .rodata        0x00003a90       0x48 .\ARM_GCC_493\Debug\GripperDynamixelPSoC5.a(cyfitter_cfg.o)
 .rodata        0x00003ad8      0x160 .\ARM_GCC_493\Debug\GripperDynamixelPSoC5.a(CAN_1.o)
 .rodata.str1.1
                0x00003c38        0x2 c:/program files (x86)/cypress/psoc creator/3.3/psoc creator/import/gnu/arm/4.9.3/bin/../lib/gcc/arm-none-eabi/4.9.3/../../../../arm-none-eabi/lib/armv7-m\libg_nano.a(lib_a-impure.o)
                0x00003c3c                . = ALIGN (0x4)
 *fill*         0x00003c3a        0x2 
 *(.init)
 .init          0x00003c3c        0x4 c:/program files (x86)/cypress/psoc creator/3.3/psoc creator/import/gnu/arm/4.9.3/bin/../lib/gcc/arm-none-eabi/4.9.3/armv7-m/crti.o
                0x00003c3c                _init
 .init          0x00003c40        0x8 c:/program files (x86)/cypress/psoc creator/3.3/psoc creator/import/gnu/arm/4.9.3/bin/../lib/gcc/arm-none-eabi/4.9.3/armv7-m/crtn.o
                0x00003c48                . = ALIGN (0x4)
                0x00003c48                __preinit_array_start = .
 *(.preinit_array)
                0x00003c48                __preinit_array_end = .
                0x00003c48                . = ALIGN (0x4)
                0x00003c48                __init_array_start = .
 *(SORT(.init_array.*))
 *(.init_array)
 .init_array    0x00003c48        0x4 c:/program files (x86)/cypress/psoc creator/3.3/psoc creator/import/gnu/arm/4.9.3/bin/../lib/gcc/arm-none-eabi/4.9.3/armv7-m/crtbegin.o
 .init_array    0x00003c4c        0x4 .\ARM_GCC_493\Debug\Cm3Start.o
                0x00003c50                __init_array_end = .
                0x00003c50                . = ALIGN (0x4)
 *(.fini)
 .fini          0x00003c50        0x4 c:/program files (x86)/cypress/psoc creator/3.3/psoc creator/import/gnu/arm/4.9.3/bin/../lib/gcc/arm-none-eabi/4.9.3/armv7-m/crti.o
                0x00003c50                _fini
 .fini          0x00003c54        0x8 c:/program files (x86)/cypress/psoc creator/3.3/psoc creator/import/gnu/arm/4.9.3/bin/../lib/gcc/arm-none-eabi/4.9.3/armv7-m/crtn.o
                0x00003c5c                . = ALIGN (0x4)
                0x00003c5c                __fini_array_start = .
 *(.fini_array)
 .fini_array    0x00003c5c        0x4 c:/program files (x86)/cypress/psoc creator/3.3/psoc creator/import/gnu/arm/4.9.3/bin/../lib/gcc/arm-none-eabi/4.9.3/armv7-m/crtbegin.o
 *(SORT(.fini_array.*))
                0x00003c60                __fini_array_end = .
                0x00003c60                . = ALIGN (0x4)
 *crtbegin.o(.ctors)
 *(EXCLUDE_FILE(*crtend.o) .ctors)
 *(SORT(.ctors.*))
 *crtend.o(.ctors)
                0x00003c60                . = ALIGN (0x4)
 *crtbegin.o(.dtors)
 *(EXCLUDE_FILE(*crtend.o) .dtors)
 *(SORT(.dtors.*))
 *crtend.o(.dtors)
                0x00003c60                . = ALIGN (0x4)
                0x00003c60                __cy_regions = .
                0x00003c60        0x4 LONG 0x3c70 __cy_region_init_ram
                0x00003c64        0x4 LONG 0x1fff8108 __cy_region_start_data
                0x00003c68        0x4 LONG 0x88 __cy_region_init_size_ram
                0x00003c6c        0x4 LONG 0x490 __cy_region_zero_size_ram
                0x00003c70                __cy_regions_end = .
                0x00003c70                . = ALIGN (0x8)
                0x00003c70                _etext = .

.ramvectors     0x1fff8000      0x100
                0x1fff8000                __cy_region_start_ram = .
 *(.ramvectors)
 .ramvectors    0x1fff8000      0x100 .\ARM_GCC_493\Debug\Cm3Start.o
                0x1fff8000                CyRamVectors

.noinit         0x1fff8100        0x5
 *(.noinit)
 .noinit        0x1fff8100        0x4 .\ARM_GCC_493\Debug\Cm3Start.o
 .noinit        0x1fff8104        0x1 .\ARM_GCC_493\Debug\GripperDynamixelPSoC5.a(CyLib.o)
                0x1fff8104                CyResetStatus

.data           0x1fff8108       0x88 load address 0x00003c70
                0x1fff8108                __cy_region_start_data = .
 *(.jcr)
 .jcr           0x1fff8108        0x0 c:/program files (x86)/cypress/psoc creator/3.3/psoc creator/import/gnu/arm/4.9.3/bin/../lib/gcc/arm-none-eabi/4.9.3/armv7-m/crtbegin.o
 .jcr           0x1fff8108        0x4 c:/program files (x86)/cypress/psoc creator/3.3/psoc creator/import/gnu/arm/4.9.3/bin/../lib/gcc/arm-none-eabi/4.9.3/armv7-m/crtend.o
 *(.got.plt)
 *(.got)
 *(.shdata)
 *(.data .data.* .gnu.linkonce.d.*)
 .data          0x1fff810c        0x8 .\ARM_GCC_493\Debug\Z_Axis.o
                0x1fff810c                screw_lead
                0x1fff810e                motor_steps_turn
                0x1fff8110                f_ustepping
                0x1fff8112                motor_direction
 .data          0x1fff8114        0x4 .\ARM_GCC_493\Debug\Cm3Start.o
 .data          0x1fff8118       0x10 .\ARM_GCC_493\Debug\GripperDynamixelPSoC5.a(CyLib.o)
                0x1fff8118                cydelay_freq_hz
                0x1fff811c                cydelay_freq_khz
                0x1fff8120                cydelay_freq_mhz
                0x1fff8124                cydelay_32k_ms
 .data.impure_data
                0x1fff8128       0x60 c:/program files (x86)/cypress/psoc creator/3.3/psoc creator/import/gnu/arm/4.9.3/bin/../lib/gcc/arm-none-eabi/4.9.3/../../../../arm-none-eabi/lib/armv7-m\libg_nano.a(lib_a-impure.o)
 .data._impure_ptr
                0x1fff8188        0x4 c:/program files (x86)/cypress/psoc creator/3.3/psoc creator/import/gnu/arm/4.9.3/bin/../lib/gcc/arm-none-eabi/4.9.3/../../../../arm-none-eabi/lib/armv7-m\libg_nano.a(lib_a-impure.o)
                0x1fff8188                _impure_ptr
                0x1fff8190                . = ALIGN (0x8)
 *fill*         0x1fff818c        0x4 
 *(.ram)
                0x1fff8190                _edata = .

.igot.plt       0x1fff8190        0x0 load address 0x00003cf8
 .igot.plt      0x00000000        0x0 c:/program files (x86)/cypress/psoc creator/3.3/psoc creator/import/gnu/arm/4.9.3/bin/../lib/gcc/arm-none-eabi/4.9.3/armv7-m/crtbegin.o

.bss            0x1fff8190      0x490 load address 0x00003cf8
                0x1fff8190                PROVIDE (__bss_start__, .)
 *(.shbss)
 *(.bss .bss.* .gnu.linkonce.b.*)
 .bss           0x1fff8190       0x1c c:/program files (x86)/cypress/psoc creator/3.3/psoc creator/import/gnu/arm/4.9.3/bin/../lib/gcc/arm-none-eabi/4.9.3/armv7-m/crtbegin.o
 .bss           0x1fff81ac       0x10 .\ARM_GCC_493\Debug\main.o
                0x1fff81ac                messageToBeTreatedCount
                0x1fff81b0                msgToBeTreatedIndex
                0x1fff81b4                msgToBeStoredIndex
                0x1fff81b8                readCanMessage
                0x1fff81b9                treatingFunction
 .bss           0x1fff81bc       0x10 .\ARM_GCC_493\Debug\gripper_eeprom.o
                0x1fff81bc                motorType
                0x1fff81c4                motorMargin
 .bss           0x1fff81cc        0x4 .\ARM_GCC_493\Debug\DynamixelCom.o
                0x1fff81cc                dynamixelbufferPos
                0x1fff81ce                dynamixelSendDataPos
 .bss           0x1fff81d0        0x7 .\ARM_GCC_493\Debug\GripperDynamixelPSoC5.a(UART2DYNAMIXEL.o)
                0x1fff81d0                UART2DYNAMIXEL_initVar
                0x1fff81d1                UART2DYNAMIXEL_errorStatus
                0x1fff81d2                UART2DYNAMIXEL_rxBufferRead
                0x1fff81d3                UART2DYNAMIXEL_rxBufferWrite
                0x1fff81d4                UART2DYNAMIXEL_rxBufferLoopDetect
                0x1fff81d5                UART2DYNAMIXEL_rxBufferOverflow
 .bss           0x1fff81d7        0x1 .\ARM_GCC_493\Debug\GripperDynamixelPSoC5.a(CAN_1.o)
                0x1fff81d7                CAN_1_initVar
 .bss           0x1fff81d8        0x1 .\ARM_GCC_493\Debug\GripperDynamixelPSoC5.a(Counter_CanReader.o)
                0x1fff81d8                Counter_CanReader_initVar
 .bss           0x1fff81d9        0x1 .\ARM_GCC_493\Debug\GripperDynamixelPSoC5.a(Z_Motor_Speed.o)
                0x1fff81d9                Z_Motor_Speed_initVar
 .bss           0x1fff81da        0x1 .\ARM_GCC_493\Debug\GripperDynamixelPSoC5.a(Z_Axis_Power.o)
                0x1fff81da                Z_Axis_Power_initVar
 .bss           0x1fff81db        0x1 .\ARM_GCC_493\Debug\GripperDynamixelPSoC5.a(Z_Step_Dist.o)
                0x1fff81db                Z_Step_Dist_initVar
 .bss           0x1fff81dc        0x8 .\ARM_GCC_493\Debug\GripperDynamixelPSoC5.a(CySpc.o)
                0x1fff81dc                SpcLockState
 .bss.__malloc_sbrk_start
                0x1fff81e4        0x4 c:/program files (x86)/cypress/psoc creator/3.3/psoc creator/import/gnu/arm/4.9.3/bin/../lib/gcc/arm-none-eabi/4.9.3/../../../../arm-none-eabi/lib/armv7-m\libg_nano.a(lib_a-nano-mallocr.o)
                0x1fff81e4                __malloc_sbrk_start
 .bss.__malloc_free_list
                0x1fff81e8        0x4 c:/program files (x86)/cypress/psoc creator/3.3/psoc creator/import/gnu/arm/4.9.3/bin/../lib/gcc/arm-none-eabi/4.9.3/../../../../arm-none-eabi/lib/armv7-m\libg_nano.a(lib_a-nano-mallocr.o)
                0x1fff81e8                __malloc_free_list
 *(COMMON)
 COMMON         0x1fff81ec      0x320 .\ARM_GCC_493\Debug\main.o
                0x1fff81ec                receivedMsgs
 COMMON         0x1fff850c      0x100 .\ARM_GCC_493\Debug\DynamixelCom.o
                0x1fff850c                dynamixelReceivedBuffer
 COMMON         0x1fff860c        0x4 .\ARM_GCC_493\Debug\Z_Axis.o
                0x1fff860c                Z_axis_state
                0x1fff860e                Z_pos
 COMMON         0x1fff8610        0x8 .\ARM_GCC_493\Debug\GripperDynamixelPSoC5.a(UART2DYNAMIXEL.o)
                0x1fff8610                UART2DYNAMIXEL_rxBuffer
 COMMON         0x1fff8618        0x2 .\ARM_GCC_493\Debug\GripperDynamixelPSoC5.a(CyFlash.o)
                0x1fff8618                dieTemperature
 *fill*         0x1fff861a        0x2 
 COMMON         0x1fff861c        0x4 c:/program files (x86)/cypress/psoc creator/3.3/psoc creator/import/gnu/arm/4.9.3/bin/../lib/gcc/arm-none-eabi/4.9.3/../../../../arm-none-eabi/lib/armv7-m\libg_nano.a(lib_a-reent.o)
                0x1fff861c                errno
                0x1fff8620                . = ALIGN (0x8)
 *(.ram.b)
                0x1fff8620                _end = .
                0x1fff8620                __end = .
                0x1fff8620                PROVIDE (end, .)
                0x1fff8620                PROVIDE (__bss_end__, .)
                0x00003c70                __cy_region_init_ram = LOADADDR (.data)
                0x00000088                __cy_region_init_size_ram = (_edata - ADDR (.data))
                0x00000490                __cy_region_zero_size_ram = (_end - _edata)

.heap           0x1fff8620      0x200 load address 0x00003cf8
                0x1fff8620                . = _end
                0x1fff8820                . = (. + 0x200)
 *fill*         0x1fff8620      0x200 
                0x1fff8820                __cy_heap_limit = .

.stack          0x20007800      0x800
                0x20007800                __cy_stack_limit = .
                0x20008000                . = (. + 0x800)
 *fill*         0x20007800      0x800 
                0x00000001                ASSERT ((__cy_stack_limit >= __cy_heap_limit), region RAM overflowed with stack)

.cyloadermeta
 *(.cyloadermeta)

.cyloadablemeta
 *(.cyloadablemeta)

.cyconfigecc    0x80000000      0x6d0
 *(.cyconfigecc)
 .cyconfigecc   0x80000000      0x6d0 .\ARM_GCC_493\Debug\cymetadata.o
                0x80000000                cy_meta_configecc

.cycustnvl      0x90000000        0x4
 *(.cycustnvl)
 .cycustnvl     0x90000000        0x4 .\ARM_GCC_493\Debug\cymetadata.o
                0x90000000                cy_meta_custnvl

.cywolatch      0x90100000        0x4
 *(.cywolatch)
 .cywolatch     0x90100000        0x4 .\ARM_GCC_493\Debug\cymetadata.o
                0x90100000                cy_meta_wonvl

.cyeeprom       0x90200000        0x0
 *(.cyeeprom)
                0x00000001                ASSERT ((. <= ((0x90200000 + ee_offset) + ee_size)), .cyeeprom data will not fit in EEPROM)

.cyflashprotect
                0x90400000      0x100
 *(.cyflashprotect)
 .cyflashprotect
                0x90400000      0x100 .\ARM_GCC_493\Debug\cymetadata.o
                0x90400000                cy_meta_flashprotect

.cymeta         0x90500000        0xc
 *(.cymeta)
 .cymeta        0x90500000        0xc .\ARM_GCC_493\Debug\cymetadata.o
                0x90500000                cy_metadata

.rel.dyn        0x00003cf8        0x0 load address 0x9050000c
 .rel.iplt      0x00000000        0x0 c:/program files (x86)/cypress/psoc creator/3.3/psoc creator/import/gnu/arm/4.9.3/bin/../lib/gcc/arm-none-eabi/4.9.3/armv7-m/crtbegin.o

.stab
 *(.stab)

.stabstr
 *(.stabstr)

.debug
 *(.debug)

.line
 *(.line)

.debug_srcinfo
 *(.debug_srcinfo)

.debug_sfnames
 *(.debug_sfnames)

.debug_aranges  0x00000000     0x1048
 *(.debug_aranges)
 .debug_aranges
                0x00000000       0x40 .\ARM_GCC_493\Debug\main.o
 .debug_aranges
                0x00000040       0x30 .\ARM_GCC_493\Debug\CAN_Communication.o
 .debug_aranges
                0x00000070      0x148 .\ARM_GCC_493\Debug\DynamixelPacket.o
 .debug_aranges
                0x000001b8       0x48 .\ARM_GCC_493\Debug\gripper_eeprom.o
 .debug_aranges
                0x00000200       0x40 .\ARM_GCC_493\Debug\DynamixelCom.o
 .debug_aranges
                0x00000240       0x48 .\ARM_GCC_493\Debug\Z_Axis.o
 .debug_aranges
                0x00000288       0x18 .\ARM_GCC_493\Debug\cymetadata.o
 .debug_aranges
                0x000002a0       0x48 .\ARM_GCC_493\Debug\Cm3Start.o
 .debug_aranges
                0x000002e8       0x60 .\ARM_GCC_493\Debug\GripperDynamixelPSoC5.a(cyfitter_cfg.o)
 .debug_aranges
                0x00000348       0x20 .\ARM_GCC_493\Debug\GripperDynamixelPSoC5.a(CyBootAsmGnu.o)
 .debug_aranges
                0x00000368      0x290 .\ARM_GCC_493\Debug\GripperDynamixelPSoC5.a(CyLib.o)
 .debug_aranges
                0x000005f8       0x90 .\ARM_GCC_493\Debug\GripperDynamixelPSoC5.a(cyPm.o)
 .debug_aranges
                0x00000688       0xf0 .\ARM_GCC_493\Debug\GripperDynamixelPSoC5.a(UART2DYNAMIXEL.o)
 .debug_aranges
                0x00000778       0x20 .\ARM_GCC_493\Debug\GripperDynamixelPSoC5.a(UART2DYNAMIXEL_INT.o)
 .debug_aranges
                0x00000798       0x80 .\ARM_GCC_493\Debug\GripperDynamixelPSoC5.a(isr_rx_interrupt.o)
 .debug_aranges
                0x00000818       0x38 .\ARM_GCC_493\Debug\GripperDynamixelPSoC5.a(CAN_Standby.o)
 .debug_aranges
                0x00000850       0xc8 .\ARM_GCC_493\Debug\GripperDynamixelPSoC5.a(CAN_1.o)
 .debug_aranges
                0x00000918       0x30 .\ARM_GCC_493\Debug\GripperDynamixelPSoC5.a(CAN_1_INT.o)
 .debug_aranges
                0x00000948       0x38 .\ARM_GCC_493\Debug\GripperDynamixelPSoC5.a(CAN_1_TX_RX_func.o)
 .debug_aranges
                0x00000980       0x28 .\ARM_GCC_493\Debug\GripperDynamixelPSoC5.a(ControlReg.o)
 .debug_aranges
                0x000009a8       0x78 .\ARM_GCC_493\Debug\GripperDynamixelPSoC5.a(EEPROM.o)
 .debug_aranges
                0x00000a20       0x80 .\ARM_GCC_493\Debug\GripperDynamixelPSoC5.a(Counter_CanReader.o)
 .debug_aranges
                0x00000aa0       0x80 .\ARM_GCC_493\Debug\GripperDynamixelPSoC5.a(CanReaderISR.o)
 .debug_aranges
                0x00000b20       0x70 .\ARM_GCC_493\Debug\GripperDynamixelPSoC5.a(Z_Axis_Clock.o)
 .debug_aranges
                0x00000b90       0x88 .\ARM_GCC_493\Debug\GripperDynamixelPSoC5.a(Z_Motor_Speed.o)
 .debug_aranges
                0x00000c18       0x58 .\ARM_GCC_493\Debug\GripperDynamixelPSoC5.a(Z_Axis_Power.o)
 .debug_aranges
                0x00000c70       0x98 .\ARM_GCC_493\Debug\GripperDynamixelPSoC5.a(Z_Step_Dist.o)
 .debug_aranges
                0x00000d08       0x28 .\ARM_GCC_493\Debug\GripperDynamixelPSoC5.a(Z_GO.o)
 .debug_aranges
                0x00000d30       0x40 .\ARM_GCC_493\Debug\GripperDynamixelPSoC5.a(Z_Axis_Bumper_Port.o)
 .debug_aranges
                0x00000d70       0x80 .\ARM_GCC_493\Debug\GripperDynamixelPSoC5.a(Z_Axis_Bumper_ISR.o)
 .debug_aranges
                0x00000df0       0x38 .\ARM_GCC_493\Debug\GripperDynamixelPSoC5.a(Z_Axis_StepSizeA.o)
 .debug_aranges
                0x00000e28       0x38 .\ARM_GCC_493\Debug\GripperDynamixelPSoC5.a(Z_Axis_StepSizeB.o)
 .debug_aranges
                0x00000e60       0x38 .\ARM_GCC_493\Debug\GripperDynamixelPSoC5.a(Z_Axis_Direction.o)
 .debug_aranges
                0x00000e98       0x38 .\ARM_GCC_493\Debug\GripperDynamixelPSoC5.a(Z_Axis_Enable.o)
 .debug_aranges
                0x00000ed0       0x80 .\ARM_GCC_493\Debug\GripperDynamixelPSoC5.a(Z_Axis_Move_ISR.o)
 .debug_aranges
                0x00000f50       0x80 .\ARM_GCC_493\Debug\GripperDynamixelPSoC5.a(CyFlash.o)
 .debug_aranges
                0x00000fd0       0x78 .\ARM_GCC_493\Debug\GripperDynamixelPSoC5.a(CySpc.o)

.debug_pubnames
 *(.debug_pubnames)

.debug_info     0x00000000     0x6e54
 *(.debug_info .gnu.linkonce.wi.*)
 .debug_info    0x00000000      0x2fc .\ARM_GCC_493\Debug\main.o
 .debug_info    0x000002fc      0x2d0 .\ARM_GCC_493\Debug\CAN_Communication.o
 .debug_info    0x000005cc      0x9aa .\ARM_GCC_493\Debug\DynamixelPacket.o
 .debug_info    0x00000f76      0x215 .\ARM_GCC_493\Debug\gripper_eeprom.o
 .debug_info    0x0000118b      0x2e3 .\ARM_GCC_493\Debug\DynamixelCom.o
 .debug_info    0x0000146e      0x219 .\ARM_GCC_493\Debug\Z_Axis.o
 .debug_info    0x00001687      0x13e .\ARM_GCC_493\Debug\cymetadata.o
 .debug_info    0x000017c5      0x323 .\ARM_GCC_493\Debug\Cm3Start.o
 .debug_info    0x00001ae8      0x448 .\ARM_GCC_493\Debug\GripperDynamixelPSoC5.a(cyfitter_cfg.o)
 .debug_info    0x00001f30       0x97 .\ARM_GCC_493\Debug\GripperDynamixelPSoC5.a(CyBootAsmGnu.o)
 .debug_info    0x00001fc7      0xd85 .\ARM_GCC_493\Debug\GripperDynamixelPSoC5.a(CyLib.o)
 .debug_info    0x00002d4c      0x536 .\ARM_GCC_493\Debug\GripperDynamixelPSoC5.a(cyPm.o)
 .debug_info    0x00003282      0x5e7 .\ARM_GCC_493\Debug\GripperDynamixelPSoC5.a(UART2DYNAMIXEL.o)
 .debug_info    0x00003869      0x141 .\ARM_GCC_493\Debug\GripperDynamixelPSoC5.a(UART2DYNAMIXEL_INT.o)
 .debug_info    0x000039aa      0x238 .\ARM_GCC_493\Debug\GripperDynamixelPSoC5.a(isr_rx_interrupt.o)
 .debug_info    0x00003be2      0x11d .\ARM_GCC_493\Debug\GripperDynamixelPSoC5.a(CAN_Standby.o)
 .debug_info    0x00003cff      0x77e .\ARM_GCC_493\Debug\GripperDynamixelPSoC5.a(CAN_1.o)
 .debug_info    0x0000447d      0x1eb .\ARM_GCC_493\Debug\GripperDynamixelPSoC5.a(CAN_1_INT.o)
 .debug_info    0x00004668      0x3dc .\ARM_GCC_493\Debug\GripperDynamixelPSoC5.a(CAN_1_TX_RX_func.o)
 .debug_info    0x00004a44       0xd6 .\ARM_GCC_493\Debug\GripperDynamixelPSoC5.a(ControlReg.o)
 .debug_info    0x00004b1a      0x350 .\ARM_GCC_493\Debug\GripperDynamixelPSoC5.a(EEPROM.o)
 .debug_info    0x00004e6a      0x219 .\ARM_GCC_493\Debug\GripperDynamixelPSoC5.a(Counter_CanReader.o)
 .debug_info    0x00005083      0x238 .\ARM_GCC_493\Debug\GripperDynamixelPSoC5.a(CanReaderISR.o)
 .debug_info    0x000052bb      0x25b .\ARM_GCC_493\Debug\GripperDynamixelPSoC5.a(Z_Axis_Clock.o)
 .debug_info    0x00005516      0x286 .\ARM_GCC_493\Debug\GripperDynamixelPSoC5.a(Z_Motor_Speed.o)
 .debug_info    0x0000579c      0x184 .\ARM_GCC_493\Debug\GripperDynamixelPSoC5.a(Z_Axis_Power.o)
 .debug_info    0x00005920      0x288 .\ARM_GCC_493\Debug\GripperDynamixelPSoC5.a(Z_Step_Dist.o)
 .debug_info    0x00005ba8       0xd6 .\ARM_GCC_493\Debug\GripperDynamixelPSoC5.a(Z_GO.o)
 .debug_info    0x00005c7e      0x132 .\ARM_GCC_493\Debug\GripperDynamixelPSoC5.a(Z_Axis_Bumper_Port.o)
 .debug_info    0x00005db0      0x238 .\ARM_GCC_493\Debug\GripperDynamixelPSoC5.a(Z_Axis_Bumper_ISR.o)
 .debug_info    0x00005fe8      0x11d .\ARM_GCC_493\Debug\GripperDynamixelPSoC5.a(Z_Axis_StepSizeA.o)
 .debug_info    0x00006105      0x11d .\ARM_GCC_493\Debug\GripperDynamixelPSoC5.a(Z_Axis_StepSizeB.o)
 .debug_info    0x00006222      0x11d .\ARM_GCC_493\Debug\GripperDynamixelPSoC5.a(Z_Axis_Direction.o)
 .debug_info    0x0000633f      0x11d .\ARM_GCC_493\Debug\GripperDynamixelPSoC5.a(Z_Axis_Enable.o)
 .debug_info    0x0000645c      0x238 .\ARM_GCC_493\Debug\GripperDynamixelPSoC5.a(Z_Axis_Move_ISR.o)
 .debug_info    0x00006694      0x36a .\ARM_GCC_493\Debug\GripperDynamixelPSoC5.a(CyFlash.o)
 .debug_info    0x000069fe      0x456 .\ARM_GCC_493\Debug\GripperDynamixelPSoC5.a(CySpc.o)

.debug_abbrev   0x00000000     0x27ff
 *(.debug_abbrev)
 .debug_abbrev  0x00000000      0x187 .\ARM_GCC_493\Debug\main.o
 .debug_abbrev  0x00000187      0x125 .\ARM_GCC_493\Debug\CAN_Communication.o
 .debug_abbrev  0x000002ac      0x13f .\ARM_GCC_493\Debug\DynamixelPacket.o
 .debug_abbrev  0x000003eb      0x10c .\ARM_GCC_493\Debug\gripper_eeprom.o
 .debug_abbrev  0x000004f7      0x12a .\ARM_GCC_493\Debug\DynamixelCom.o
 .debug_abbrev  0x00000621       0xcd .\ARM_GCC_493\Debug\Z_Axis.o
 .debug_abbrev  0x000006ee       0x77 .\ARM_GCC_493\Debug\cymetadata.o
 .debug_abbrev  0x00000765      0x1c5 .\ARM_GCC_493\Debug\Cm3Start.o
 .debug_abbrev  0x0000092a      0x1b7 .\ARM_GCC_493\Debug\GripperDynamixelPSoC5.a(cyfitter_cfg.o)
 .debug_abbrev  0x00000ae1       0x14 .\ARM_GCC_493\Debug\GripperDynamixelPSoC5.a(CyBootAsmGnu.o)
 .debug_abbrev  0x00000af5      0x217 .\ARM_GCC_493\Debug\GripperDynamixelPSoC5.a(CyLib.o)
 .debug_abbrev  0x00000d0c      0x16e .\ARM_GCC_493\Debug\GripperDynamixelPSoC5.a(cyPm.o)
 .debug_abbrev  0x00000e7a      0x16c .\ARM_GCC_493\Debug\GripperDynamixelPSoC5.a(UART2DYNAMIXEL.o)
 .debug_abbrev  0x00000fe6       0x97 .\ARM_GCC_493\Debug\GripperDynamixelPSoC5.a(UART2DYNAMIXEL_INT.o)
 .debug_abbrev  0x0000107d      0x17f .\ARM_GCC_493\Debug\GripperDynamixelPSoC5.a(isr_rx_interrupt.o)
 .debug_abbrev  0x000011fc       0x9d .\ARM_GCC_493\Debug\GripperDynamixelPSoC5.a(CAN_Standby.o)
 .debug_abbrev  0x00001299      0x153 .\ARM_GCC_493\Debug\GripperDynamixelPSoC5.a(CAN_1.o)
 .debug_abbrev  0x000013ec       0xba .\ARM_GCC_493\Debug\GripperDynamixelPSoC5.a(CAN_1_INT.o)
 .debug_abbrev  0x000014a6      0x155 .\ARM_GCC_493\Debug\GripperDynamixelPSoC5.a(CAN_1_TX_RX_func.o)
 .debug_abbrev  0x000015fb       0x8e .\ARM_GCC_493\Debug\GripperDynamixelPSoC5.a(ControlReg.o)
 .debug_abbrev  0x00001689      0x124 .\ARM_GCC_493\Debug\GripperDynamixelPSoC5.a(EEPROM.o)
 .debug_abbrev  0x000017ad      0x112 .\ARM_GCC_493\Debug\GripperDynamixelPSoC5.a(Counter_CanReader.o)
 .debug_abbrev  0x000018bf      0x17f .\ARM_GCC_493\Debug\GripperDynamixelPSoC5.a(CanReaderISR.o)
 .debug_abbrev  0x00001a3e      0x12a .\ARM_GCC_493\Debug\GripperDynamixelPSoC5.a(Z_Axis_Clock.o)
 .debug_abbrev  0x00001b68      0x123 .\ARM_GCC_493\Debug\GripperDynamixelPSoC5.a(Z_Motor_Speed.o)
 .debug_abbrev  0x00001c8b       0xf8 .\ARM_GCC_493\Debug\GripperDynamixelPSoC5.a(Z_Axis_Power.o)
 .debug_abbrev  0x00001d83      0x139 .\ARM_GCC_493\Debug\GripperDynamixelPSoC5.a(Z_Step_Dist.o)
 .debug_abbrev  0x00001ebc       0x8e .\ARM_GCC_493\Debug\GripperDynamixelPSoC5.a(Z_GO.o)
 .debug_abbrev  0x00001f4a       0x9d .\ARM_GCC_493\Debug\GripperDynamixelPSoC5.a(Z_Axis_Bumper_Port.o)
 .debug_abbrev  0x00001fe7      0x17f .\ARM_GCC_493\Debug\GripperDynamixelPSoC5.a(Z_Axis_Bumper_ISR.o)
 .debug_abbrev  0x00002166       0x9d .\ARM_GCC_493\Debug\GripperDynamixelPSoC5.a(Z_Axis_StepSizeA.o)
 .debug_abbrev  0x00002203       0x9d .\ARM_GCC_493\Debug\GripperDynamixelPSoC5.a(Z_Axis_StepSizeB.o)
 .debug_abbrev  0x000022a0       0x9d .\ARM_GCC_493\Debug\GripperDynamixelPSoC5.a(Z_Axis_Direction.o)
 .debug_abbrev  0x0000233d       0x9d .\ARM_GCC_493\Debug\GripperDynamixelPSoC5.a(Z_Axis_Enable.o)
 .debug_abbrev  0x000023da      0x17f .\ARM_GCC_493\Debug\GripperDynamixelPSoC5.a(Z_Axis_Move_ISR.o)
 .debug_abbrev  0x00002559      0x12d .\ARM_GCC_493\Debug\GripperDynamixelPSoC5.a(CyFlash.o)
 .debug_abbrev  0x00002686      0x179 .\ARM_GCC_493\Debug\GripperDynamixelPSoC5.a(CySpc.o)

.debug_line     0x00000000     0x4130
 *(.debug_line)
 .debug_line    0x00000000      0x255 .\ARM_GCC_493\Debug\main.o
 .debug_line    0x00000255      0x1c5 .\ARM_GCC_493\Debug\CAN_Communication.o
 .debug_line    0x0000041a      0x43a .\ARM_GCC_493\Debug\DynamixelPacket.o
 .debug_line    0x00000854      0x206 .\ARM_GCC_493\Debug\gripper_eeprom.o
 .debug_line    0x00000a5a      0x230 .\ARM_GCC_493\Debug\DynamixelCom.o
 .debug_line    0x00000c8a      0x224 .\ARM_GCC_493\Debug\Z_Axis.o
 .debug_line    0x00000eae       0x53 .\ARM_GCC_493\Debug\cymetadata.o
 .debug_line    0x00000f01      0x1d5 .\ARM_GCC_493\Debug\Cm3Start.o
 .debug_line    0x000010d6      0x225 .\ARM_GCC_493\Debug\GripperDynamixelPSoC5.a(cyfitter_cfg.o)
 .debug_line    0x000012fb       0x7f .\ARM_GCC_493\Debug\GripperDynamixelPSoC5.a(CyBootAsmGnu.o)
 .debug_line    0x0000137a      0x841 .\ARM_GCC_493\Debug\GripperDynamixelPSoC5.a(CyLib.o)
 .debug_line    0x00001bbb      0x36f .\ARM_GCC_493\Debug\GripperDynamixelPSoC5.a(cyPm.o)
 .debug_line    0x00001f2a      0x316 .\ARM_GCC_493\Debug\GripperDynamixelPSoC5.a(UART2DYNAMIXEL.o)
 .debug_line    0x00002240       0x9c .\ARM_GCC_493\Debug\GripperDynamixelPSoC5.a(UART2DYNAMIXEL_INT.o)
 .debug_line    0x000022dc      0x174 .\ARM_GCC_493\Debug\GripperDynamixelPSoC5.a(isr_rx_interrupt.o)
 .debug_line    0x00002450       0x9c .\ARM_GCC_493\Debug\GripperDynamixelPSoC5.a(CAN_Standby.o)
 .debug_line    0x000024ec      0x34a .\ARM_GCC_493\Debug\GripperDynamixelPSoC5.a(CAN_1.o)
 .debug_line    0x00002836       0xc0 .\ARM_GCC_493\Debug\GripperDynamixelPSoC5.a(CAN_1_INT.o)
 .debug_line    0x000028f6      0x27e .\ARM_GCC_493\Debug\GripperDynamixelPSoC5.a(CAN_1_TX_RX_func.o)
 .debug_line    0x00002b74       0x75 .\ARM_GCC_493\Debug\GripperDynamixelPSoC5.a(ControlReg.o)
 .debug_line    0x00002be9      0x228 .\ARM_GCC_493\Debug\GripperDynamixelPSoC5.a(EEPROM.o)
 .debug_line    0x00002e11      0x166 .\ARM_GCC_493\Debug\GripperDynamixelPSoC5.a(Counter_CanReader.o)
 .debug_line    0x00002f77      0x160 .\ARM_GCC_493\Debug\GripperDynamixelPSoC5.a(CanReaderISR.o)
 .debug_line    0x000030d7      0x1c0 .\ARM_GCC_493\Debug\GripperDynamixelPSoC5.a(Z_Axis_Clock.o)
 .debug_line    0x00003297      0x16b .\ARM_GCC_493\Debug\GripperDynamixelPSoC5.a(Z_Motor_Speed.o)
 .debug_line    0x00003402       0xf7 .\ARM_GCC_493\Debug\GripperDynamixelPSoC5.a(Z_Axis_Power.o)
 .debug_line    0x000034f9      0x18b .\ARM_GCC_493\Debug\GripperDynamixelPSoC5.a(Z_Step_Dist.o)
 .debug_line    0x00003684       0x6f .\ARM_GCC_493\Debug\GripperDynamixelPSoC5.a(Z_GO.o)
 .debug_line    0x000036f3       0xb6 .\ARM_GCC_493\Debug\GripperDynamixelPSoC5.a(Z_Axis_Bumper_Port.o)
 .debug_line    0x000037a9      0x175 .\ARM_GCC_493\Debug\GripperDynamixelPSoC5.a(Z_Axis_Bumper_ISR.o)
 .debug_line    0x0000391e       0xa1 .\ARM_GCC_493\Debug\GripperDynamixelPSoC5.a(Z_Axis_StepSizeA.o)
 .debug_line    0x000039bf       0xa1 .\ARM_GCC_493\Debug\GripperDynamixelPSoC5.a(Z_Axis_StepSizeB.o)
 .debug_line    0x00003a60       0xa1 .\ARM_GCC_493\Debug\GripperDynamixelPSoC5.a(Z_Axis_Direction.o)
 .debug_line    0x00003b01       0x9e .\ARM_GCC_493\Debug\GripperDynamixelPSoC5.a(Z_Axis_Enable.o)
 .debug_line    0x00003b9f      0x173 .\ARM_GCC_493\Debug\GripperDynamixelPSoC5.a(Z_Axis_Move_ISR.o)
 .debug_line    0x00003d12      0x207 .\ARM_GCC_493\Debug\GripperDynamixelPSoC5.a(CyFlash.o)
 .debug_line    0x00003f19      0x217 .\ARM_GCC_493\Debug\GripperDynamixelPSoC5.a(CySpc.o)

.debug_frame    0x00000000     0x4038
 *(.debug_frame)
 .debug_frame   0x00000000       0xc0 .\ARM_GCC_493\Debug\main.o
 .debug_frame   0x000000c0       0x8c .\ARM_GCC_493\Debug\CAN_Communication.o
 .debug_frame   0x0000014c      0x5f8 .\ARM_GCC_493\Debug\DynamixelPacket.o
 .debug_frame   0x00000744       0xf4 .\ARM_GCC_493\Debug\gripper_eeprom.o
 .debug_frame   0x00000838       0xd0 .\ARM_GCC_493\Debug\DynamixelCom.o
 .debug_frame   0x00000908       0xdc .\ARM_GCC_493\Debug\Z_Axis.o
 .debug_frame   0x000009e4       0xd4 .\ARM_GCC_493\Debug\Cm3Start.o
 .debug_frame   0x00000ab8      0x16c .\ARM_GCC_493\Debug\GripperDynamixelPSoC5.a(cyfitter_cfg.o)
 .debug_frame   0x00000c24      0xbcc .\ARM_GCC_493\Debug\GripperDynamixelPSoC5.a(CyLib.o)
 .debug_frame   0x000017f0      0x218 .\ARM_GCC_493\Debug\GripperDynamixelPSoC5.a(cyPm.o)
 .debug_frame   0x00001a08      0x428 .\ARM_GCC_493\Debug\GripperDynamixelPSoC5.a(UART2DYNAMIXEL.o)
 .debug_frame   0x00001e30       0x38 .\ARM_GCC_493\Debug\GripperDynamixelPSoC5.a(UART2DYNAMIXEL_INT.o)
 .debug_frame   0x00001e68      0x1e8 .\ARM_GCC_493\Debug\GripperDynamixelPSoC5.a(isr_rx_interrupt.o)
 .debug_frame   0x00002050       0xa8 .\ARM_GCC_493\Debug\GripperDynamixelPSoC5.a(CAN_Standby.o)
 .debug_frame   0x000020f8      0x374 .\ARM_GCC_493\Debug\GripperDynamixelPSoC5.a(CAN_1.o)
 .debug_frame   0x0000246c       0x70 .\ARM_GCC_493\Debug\GripperDynamixelPSoC5.a(CAN_1_INT.o)
 .debug_frame   0x000024dc       0xb0 .\ARM_GCC_493\Debug\GripperDynamixelPSoC5.a(CAN_1_TX_RX_func.o)
 .debug_frame   0x0000258c       0x5c .\ARM_GCC_493\Debug\GripperDynamixelPSoC5.a(ControlReg.o)
 .debug_frame   0x000025e8      0x1c0 .\ARM_GCC_493\Debug\GripperDynamixelPSoC5.a(EEPROM.o)
 .debug_frame   0x000027a8      0x1e4 .\ARM_GCC_493\Debug\GripperDynamixelPSoC5.a(Counter_CanReader.o)
 .debug_frame   0x0000298c      0x1e8 .\ARM_GCC_493\Debug\GripperDynamixelPSoC5.a(CanReaderISR.o)
 .debug_frame   0x00002b74      0x1b4 .\ARM_GCC_493\Debug\GripperDynamixelPSoC5.a(Z_Axis_Clock.o)
 .debug_frame   0x00002d28      0x21c .\ARM_GCC_493\Debug\GripperDynamixelPSoC5.a(Z_Motor_Speed.o)
 .debug_frame   0x00002f44      0x130 .\ARM_GCC_493\Debug\GripperDynamixelPSoC5.a(Z_Axis_Power.o)
 .debug_frame   0x00003074      0x258 .\ARM_GCC_493\Debug\GripperDynamixelPSoC5.a(Z_Step_Dist.o)
 .debug_frame   0x000032cc       0x5c .\ARM_GCC_493\Debug\GripperDynamixelPSoC5.a(Z_GO.o)
 .debug_frame   0x00003328       0xcc .\ARM_GCC_493\Debug\GripperDynamixelPSoC5.a(Z_Axis_Bumper_Port.o)
 .debug_frame   0x000033f4      0x1e8 .\ARM_GCC_493\Debug\GripperDynamixelPSoC5.a(Z_Axis_Bumper_ISR.o)
 .debug_frame   0x000035dc       0xa8 .\ARM_GCC_493\Debug\GripperDynamixelPSoC5.a(Z_Axis_StepSizeA.o)
 .debug_frame   0x00003684       0xa8 .\ARM_GCC_493\Debug\GripperDynamixelPSoC5.a(Z_Axis_StepSizeB.o)
 .debug_frame   0x0000372c       0xa8 .\ARM_GCC_493\Debug\GripperDynamixelPSoC5.a(Z_Axis_Direction.o)
 .debug_frame   0x000037d4       0xa8 .\ARM_GCC_493\Debug\GripperDynamixelPSoC5.a(Z_Axis_Enable.o)
 .debug_frame   0x0000387c      0x1e8 .\ARM_GCC_493\Debug\GripperDynamixelPSoC5.a(Z_Axis_Move_ISR.o)
 .debug_frame   0x00003a64      0x210 .\ARM_GCC_493\Debug\GripperDynamixelPSoC5.a(CyFlash.o)
 .debug_frame   0x00003c74      0x1f8 .\ARM_GCC_493\Debug\GripperDynamixelPSoC5.a(CySpc.o)
 .debug_frame   0x00003e6c       0x20 c:/program files (x86)/cypress/psoc creator/3.3/psoc creator/import/gnu/arm/4.9.3/bin/../lib/gcc/arm-none-eabi/4.9.3/../../../../arm-none-eabi/lib/armv7-m\libg_nano.a(lib_a-errno.o)
 .debug_frame   0x00003e8c       0x28 c:/program files (x86)/cypress/psoc creator/3.3/psoc creator/import/gnu/arm/4.9.3/bin/../lib/gcc/arm-none-eabi/4.9.3/../../../../arm-none-eabi/lib/armv7-m\libg_nano.a(lib_a-exit.o)
 .debug_frame   0x00003eb4       0x2c c:/program files (x86)/cypress/psoc creator/3.3/psoc creator/import/gnu/arm/4.9.3/bin/../lib/gcc/arm-none-eabi/4.9.3/../../../../arm-none-eabi/lib/armv7-m\libg_nano.a(lib_a-init.o)
 .debug_frame   0x00003ee0       0x30 c:/program files (x86)/cypress/psoc creator/3.3/psoc creator/import/gnu/arm/4.9.3/bin/../lib/gcc/arm-none-eabi/4.9.3/../../../../arm-none-eabi/lib/armv7-m\libg_nano.a(lib_a-malloc.o)
 .debug_frame   0x00003f10       0x28 c:/program files (x86)/cypress/psoc creator/3.3/psoc creator/import/gnu/arm/4.9.3/bin/../lib/gcc/arm-none-eabi/4.9.3/../../../../arm-none-eabi/lib/armv7-m\libg_nano.a(lib_a-memcpy.o)
 .debug_frame   0x00003f38       0x20 c:/program files (x86)/cypress/psoc creator/3.3/psoc creator/import/gnu/arm/4.9.3/bin/../lib/gcc/arm-none-eabi/4.9.3/../../../../arm-none-eabi/lib/armv7-m\libg_nano.a(lib_a-memset.o)
 .debug_frame   0x00003f58       0x2c c:/program files (x86)/cypress/psoc creator/3.3/psoc creator/import/gnu/arm/4.9.3/bin/../lib/gcc/arm-none-eabi/4.9.3/../../../../arm-none-eabi/lib/armv7-m\libg_nano.a(lib_a-nano-freer.o)
 .debug_frame   0x00003f84       0x2c c:/program files (x86)/cypress/psoc creator/3.3/psoc creator/import/gnu/arm/4.9.3/bin/../lib/gcc/arm-none-eabi/4.9.3/../../../../arm-none-eabi/lib/armv7-m\libg_nano.a(lib_a-nano-mallocr.o)
 .debug_frame   0x00003fb0       0x2c c:/program files (x86)/cypress/psoc creator/3.3/psoc creator/import/gnu/arm/4.9.3/bin/../lib/gcc/arm-none-eabi/4.9.3/../../../../arm-none-eabi/lib/armv7-m\libg_nano.a(lib_a-sbrkr.o)
 .debug_frame   0x00003fdc       0x5c c:/program files (x86)/cypress/psoc creator/3.3/psoc creator/import/gnu/arm/4.9.3/bin/../lib/gcc/arm-none-eabi/4.9.3/../../../../arm-none-eabi/lib/armv7-m\libg_nano.a(lib_a-reent.o)

.debug_str      0x00000000     0x374d
 *(.debug_str)
 .debug_str     0x00000000      0x2dc .\ARM_GCC_493\Debug\main.o
                                0x322 (size before relaxing)
 .debug_str     0x000002dc       0x93 .\ARM_GCC_493\Debug\CAN_Communication.o
                                0x2ba (size before relaxing)
 .debug_str     0x0000036f      0x543 .\ARM_GCC_493\Debug\DynamixelPacket.o
                                0x705 (size before relaxing)
 .debug_str     0x000008b2       0x71 .\ARM_GCC_493\Debug\gripper_eeprom.o
                                0x239 (size before relaxing)
 .debug_str     0x00000923       0xca .\ARM_GCC_493\Debug\DynamixelCom.o
                                0x2e1 (size before relaxing)
 .debug_str     0x000009ed       0xf8 .\ARM_GCC_493\Debug\Z_Axis.o
                                0x2a8 (size before relaxing)
 .debug_str     0x00000ae5       0x77 .\ARM_GCC_493\Debug\cymetadata.o
                                0x1f1 (size before relaxing)
 .debug_str     0x00000b5c      0x120 .\ARM_GCC_493\Debug\Cm3Start.o
                                0x2d2 (size before relaxing)
 .debug_str     0x00000c7c      0x177 .\ARM_GCC_493\Debug\GripperDynamixelPSoC5.a(cyfitter_cfg.o)
                                0x333 (size before relaxing)
 .debug_str     0x00000df3      0x7a1 .\ARM_GCC_493\Debug\GripperDynamixelPSoC5.a(CyLib.o)
                                0x992 (size before relaxing)
 .debug_str     0x00001594      0x371 .\ARM_GCC_493\Debug\GripperDynamixelPSoC5.a(cyPm.o)
                                0x522 (size before relaxing)
 .debug_str     0x00001905      0x482 .\ARM_GCC_493\Debug\GripperDynamixelPSoC5.a(UART2DYNAMIXEL.o)
                                0x629 (size before relaxing)
 .debug_str     0x00001d87       0x69 .\ARM_GCC_493\Debug\GripperDynamixelPSoC5.a(UART2DYNAMIXEL_INT.o)
                                0x296 (size before relaxing)
 .debug_str     0x00001df0      0x182 .\ARM_GCC_493\Debug\GripperDynamixelPSoC5.a(isr_rx_interrupt.o)
                                0x33b (size before relaxing)
 .debug_str     0x00001f72       0x86 .\ARM_GCC_493\Debug\GripperDynamixelPSoC5.a(CAN_Standby.o)
                                0x207 (size before relaxing)
 .debug_str     0x00001ff8      0x30d .\ARM_GCC_493\Debug\GripperDynamixelPSoC5.a(CAN_1.o)
                                0x4cf (size before relaxing)
 .debug_str     0x00002305       0x62 .\ARM_GCC_493\Debug\GripperDynamixelPSoC5.a(CAN_1_INT.o)
                                0x24d (size before relaxing)
 .debug_str     0x00002367       0x95 .\ARM_GCC_493\Debug\GripperDynamixelPSoC5.a(CAN_1_TX_RX_func.o)
                                0x340 (size before relaxing)
 .debug_str     0x000023fc       0x47 .\ARM_GCC_493\Debug\GripperDynamixelPSoC5.a(ControlReg.o)
                                0x1c5 (size before relaxing)
 .debug_str     0x00002443      0x119 .\ARM_GCC_493\Debug\GripperDynamixelPSoC5.a(EEPROM.o)
                                0x2df (size before relaxing)
 .debug_str     0x0000255c      0x1ef .\ARM_GCC_493\Debug\GripperDynamixelPSoC5.a(Counter_CanReader.o)
                                0x383 (size before relaxing)
 .debug_str     0x0000274b      0x14a .\ARM_GCC_493\Debug\GripperDynamixelPSoC5.a(CanReaderISR.o)
                                0x303 (size before relaxing)
 .debug_str     0x00002895      0x1a0 .\ARM_GCC_493\Debug\GripperDynamixelPSoC5.a(Z_Axis_Clock.o)
                                0x331 (size before relaxing)
 .debug_str     0x00002a35      0x1e6 .\ARM_GCC_493\Debug\GripperDynamixelPSoC5.a(Z_Motor_Speed.o)
                                0x390 (size before relaxing)
 .debug_str     0x00002c1b       0xe5 .\ARM_GCC_493\Debug\GripperDynamixelPSoC5.a(Z_Axis_Power.o)
                                0x26c (size before relaxing)
 .debug_str     0x00002d00      0x1d9 .\ARM_GCC_493\Debug\GripperDynamixelPSoC5.a(Z_Step_Dist.o)
                                0x398 (size before relaxing)
 .debug_str     0x00002ed9       0x35 .\ARM_GCC_493\Debug\GripperDynamixelPSoC5.a(Z_GO.o)
                                0x1b3 (size before relaxing)
 .debug_str     0x00002f0e       0xc0 .\ARM_GCC_493\Debug\GripperDynamixelPSoC5.a(Z_Axis_Bumper_Port.o)
                                0x24c (size before relaxing)
 .debug_str     0x00002fce      0x190 .\ARM_GCC_493\Debug\GripperDynamixelPSoC5.a(Z_Axis_Bumper_ISR.o)
                                0x349 (size before relaxing)
 .debug_str     0x0000315e       0x94 .\ARM_GCC_493\Debug\GripperDynamixelPSoC5.a(Z_Axis_StepSizeA.o)
                                0x220 (size before relaxing)
 .debug_str     0x000031f2       0x94 .\ARM_GCC_493\Debug\GripperDynamixelPSoC5.a(Z_Axis_StepSizeB.o)
                                0x220 (size before relaxing)
 .debug_str     0x00003286       0x94 .\ARM_GCC_493\Debug\GripperDynamixelPSoC5.a(Z_Axis_Direction.o)
                                0x220 (size before relaxing)
 .debug_str     0x0000331a       0x85 .\ARM_GCC_493\Debug\GripperDynamixelPSoC5.a(Z_Axis_Enable.o)
                                0x211 (size before relaxing)
 .debug_str     0x0000339f      0x174 .\ARM_GCC_493\Debug\GripperDynamixelPSoC5.a(Z_Axis_Move_ISR.o)
                                0x32d (size before relaxing)
 .debug_str     0x00003513      0x126 .\ARM_GCC_493\Debug\GripperDynamixelPSoC5.a(CyFlash.o)
                                0x2f1 (size before relaxing)
 .debug_str     0x00003639      0x114 .\ARM_GCC_493\Debug\GripperDynamixelPSoC5.a(CySpc.o)
                                0x2ee (size before relaxing)

.debug_loc
 *(.debug_loc)

.debug_macinfo
 *(.debug_macinfo)

.debug_ranges   0x00000000      0xde0
 *(.debug_ranges)
 .debug_ranges  0x00000000       0x30 .\ARM_GCC_493\Debug\main.o
 .debug_ranges  0x00000030       0x20 .\ARM_GCC_493\Debug\CAN_Communication.o
 .debug_ranges  0x00000050      0x138 .\ARM_GCC_493\Debug\DynamixelPacket.o
 .debug_ranges  0x00000188       0x38 .\ARM_GCC_493\Debug\gripper_eeprom.o
 .debug_ranges  0x000001c0       0x30 .\ARM_GCC_493\Debug\DynamixelCom.o
 .debug_ranges  0x000001f0       0x38 .\ARM_GCC_493\Debug\Z_Axis.o
 .debug_ranges  0x00000228       0x38 .\ARM_GCC_493\Debug\Cm3Start.o
 .debug_ranges  0x00000260       0x50 .\ARM_GCC_493\Debug\GripperDynamixelPSoC5.a(cyfitter_cfg.o)
 .debug_ranges  0x000002b0      0x280 .\ARM_GCC_493\Debug\GripperDynamixelPSoC5.a(CyLib.o)
 .debug_ranges  0x00000530       0x80 .\ARM_GCC_493\Debug\GripperDynamixelPSoC5.a(cyPm.o)
 .debug_ranges  0x000005b0       0xe0 .\ARM_GCC_493\Debug\GripperDynamixelPSoC5.a(UART2DYNAMIXEL.o)
 .debug_ranges  0x00000690       0x10 .\ARM_GCC_493\Debug\GripperDynamixelPSoC5.a(UART2DYNAMIXEL_INT.o)
 .debug_ranges  0x000006a0       0x70 .\ARM_GCC_493\Debug\GripperDynamixelPSoC5.a(isr_rx_interrupt.o)
 .debug_ranges  0x00000710       0x28 .\ARM_GCC_493\Debug\GripperDynamixelPSoC5.a(CAN_Standby.o)
 .debug_ranges  0x00000738       0xb8 .\ARM_GCC_493\Debug\GripperDynamixelPSoC5.a(CAN_1.o)
 .debug_ranges  0x000007f0       0x20 .\ARM_GCC_493\Debug\GripperDynamixelPSoC5.a(CAN_1_INT.o)
 .debug_ranges  0x00000810       0x28 .\ARM_GCC_493\Debug\GripperDynamixelPSoC5.a(CAN_1_TX_RX_func.o)
 .debug_ranges  0x00000838       0x18 .\ARM_GCC_493\Debug\GripperDynamixelPSoC5.a(ControlReg.o)
 .debug_ranges  0x00000850       0x68 .\ARM_GCC_493\Debug\GripperDynamixelPSoC5.a(EEPROM.o)
 .debug_ranges  0x000008b8       0x70 .\ARM_GCC_493\Debug\GripperDynamixelPSoC5.a(Counter_CanReader.o)
 .debug_ranges  0x00000928       0x70 .\ARM_GCC_493\Debug\GripperDynamixelPSoC5.a(CanReaderISR.o)
 .debug_ranges  0x00000998       0x60 .\ARM_GCC_493\Debug\GripperDynamixelPSoC5.a(Z_Axis_Clock.o)
 .debug_ranges  0x000009f8       0x78 .\ARM_GCC_493\Debug\GripperDynamixelPSoC5.a(Z_Motor_Speed.o)
 .debug_ranges  0x00000a70       0x48 .\ARM_GCC_493\Debug\GripperDynamixelPSoC5.a(Z_Axis_Power.o)
 .debug_ranges  0x00000ab8       0x88 .\ARM_GCC_493\Debug\GripperDynamixelPSoC5.a(Z_Step_Dist.o)
 .debug_ranges  0x00000b40       0x18 .\ARM_GCC_493\Debug\GripperDynamixelPSoC5.a(Z_GO.o)
 .debug_ranges  0x00000b58       0x30 .\ARM_GCC_493\Debug\GripperDynamixelPSoC5.a(Z_Axis_Bumper_Port.o)
 .debug_ranges  0x00000b88       0x70 .\ARM_GCC_493\Debug\GripperDynamixelPSoC5.a(Z_Axis_Bumper_ISR.o)
 .debug_ranges  0x00000bf8       0x28 .\ARM_GCC_493\Debug\GripperDynamixelPSoC5.a(Z_Axis_StepSizeA.o)
 .debug_ranges  0x00000c20       0x28 .\ARM_GCC_493\Debug\GripperDynamixelPSoC5.a(Z_Axis_StepSizeB.o)
 .debug_ranges  0x00000c48       0x28 .\ARM_GCC_493\Debug\GripperDynamixelPSoC5.a(Z_Axis_Direction.o)
 .debug_ranges  0x00000c70       0x28 .\ARM_GCC_493\Debug\GripperDynamixelPSoC5.a(Z_Axis_Enable.o)
 .debug_ranges  0x00000c98       0x70 .\ARM_GCC_493\Debug\GripperDynamixelPSoC5.a(Z_Axis_Move_ISR.o)
 .debug_ranges  0x00000d08       0x70 .\ARM_GCC_493\Debug\GripperDynamixelPSoC5.a(CyFlash.o)
 .debug_ranges  0x00000d78       0x68 .\ARM_GCC_493\Debug\GripperDynamixelPSoC5.a(CySpc.o)

.comment        0x00000000       0x70
 .comment       0x00000000       0x70 .\ARM_GCC_493\Debug\main.o
                                 0x71 (size before relaxing)
 .comment       0x00000000       0x71 .\ARM_GCC_493\Debug\CAN_Communication.o
 .comment       0x00000000       0x71 .\ARM_GCC_493\Debug\DynamixelPacket.o
 .comment       0x00000000       0x71 .\ARM_GCC_493\Debug\gripper_eeprom.o
 .comment       0x00000000       0x71 .\ARM_GCC_493\Debug\DynamixelCom.o
 .comment       0x00000000       0x71 .\ARM_GCC_493\Debug\Z_Axis.o
 .comment       0x00000000       0x71 .\ARM_GCC_493\Debug\cymetadata.o
 .comment       0x00000000       0x71 .\ARM_GCC_493\Debug\Cm3Start.o
 .comment       0x00000000       0x71 .\ARM_GCC_493\Debug\GripperDynamixelPSoC5.a(cyfitter_cfg.o)
 .comment       0x00000000       0x71 .\ARM_GCC_493\Debug\GripperDynamixelPSoC5.a(CyLib.o)
 .comment       0x00000000       0x71 .\ARM_GCC_493\Debug\GripperDynamixelPSoC5.a(cyPm.o)
 .comment       0x00000000       0x71 .\ARM_GCC_493\Debug\GripperDynamixelPSoC5.a(UART2DYNAMIXEL.o)
 .comment       0x00000000       0x71 .\ARM_GCC_493\Debug\GripperDynamixelPSoC5.a(UART2DYNAMIXEL_INT.o)
 .comment       0x00000000       0x71 .\ARM_GCC_493\Debug\GripperDynamixelPSoC5.a(isr_rx_interrupt.o)
 .comment       0x00000000       0x71 .\ARM_GCC_493\Debug\GripperDynamixelPSoC5.a(CAN_Standby.o)
 .comment       0x00000000       0x71 .\ARM_GCC_493\Debug\GripperDynamixelPSoC5.a(CAN_1.o)
 .comment       0x00000000       0x71 .\ARM_GCC_493\Debug\GripperDynamixelPSoC5.a(CAN_1_INT.o)
 .comment       0x00000000       0x71 .\ARM_GCC_493\Debug\GripperDynamixelPSoC5.a(CAN_1_TX_RX_func.o)
 .comment       0x00000000       0x71 .\ARM_GCC_493\Debug\GripperDynamixelPSoC5.a(ControlReg.o)
 .comment       0x00000000       0x71 .\ARM_GCC_493\Debug\GripperDynamixelPSoC5.a(EEPROM.o)
 .comment       0x00000000       0x71 .\ARM_GCC_493\Debug\GripperDynamixelPSoC5.a(Counter_CanReader.o)
 .comment       0x00000000       0x71 .\ARM_GCC_493\Debug\GripperDynamixelPSoC5.a(CanReaderISR.o)
 .comment       0x00000000       0x71 .\ARM_GCC_493\Debug\GripperDynamixelPSoC5.a(Z_Axis_Clock.o)
 .comment       0x00000000       0x71 .\ARM_GCC_493\Debug\GripperDynamixelPSoC5.a(Z_Motor_Speed.o)
 .comment       0x00000000       0x71 .\ARM_GCC_493\Debug\GripperDynamixelPSoC5.a(Z_Axis_Power.o)
 .comment       0x00000000       0x71 .\ARM_GCC_493\Debug\GripperDynamixelPSoC5.a(Z_Step_Dist.o)
 .comment       0x00000000       0x71 .\ARM_GCC_493\Debug\GripperDynamixelPSoC5.a(Z_GO.o)
 .comment       0x00000000       0x71 .\ARM_GCC_493\Debug\GripperDynamixelPSoC5.a(Z_Axis_Bumper_Port.o)
 .comment       0x00000000       0x71 .\ARM_GCC_493\Debug\GripperDynamixelPSoC5.a(Z_Axis_Bumper_ISR.o)
 .comment       0x00000000       0x71 .\ARM_GCC_493\Debug\GripperDynamixelPSoC5.a(Z_Axis_StepSizeA.o)
 .comment       0x00000000       0x71 .\ARM_GCC_493\Debug\GripperDynamixelPSoC5.a(Z_Axis_StepSizeB.o)
 .comment       0x00000000       0x71 .\ARM_GCC_493\Debug\GripperDynamixelPSoC5.a(Z_Axis_Direction.o)
 .comment       0x00000000       0x71 .\ARM_GCC_493\Debug\GripperDynamixelPSoC5.a(Z_Axis_Enable.o)
 .comment       0x00000000       0x71 .\ARM_GCC_493\Debug\GripperDynamixelPSoC5.a(Z_Axis_Move_ISR.o)
 .comment       0x00000000       0x71 .\ARM_GCC_493\Debug\GripperDynamixelPSoC5.a(CyFlash.o)
 .comment       0x00000000       0x71 .\ARM_GCC_493\Debug\GripperDynamixelPSoC5.a(CySpc.o)

.debug_weaknames
 *(.debug_weaknames)

.debug_funcnames
 *(.debug_funcnames)

.debug_typenames
 *(.debug_typenames)

.debug_varnames
 *(.debug_varnames)

.note.gnu.arm.ident
 *(.note.gnu.arm.ident)

.ARM.attributes
                0x00000000       0x29
 *(.ARM.attributes)
 .ARM.attributes
                0x00000000       0x1d c:/program files (x86)/cypress/psoc creator/3.3/psoc creator/import/gnu/arm/4.9.3/bin/../lib/gcc/arm-none-eabi/4.9.3/armv7-m/crti.o
 .ARM.attributes
                0x0000001d       0x2d c:/program files (x86)/cypress/psoc creator/3.3/psoc creator/import/gnu/arm/4.9.3/bin/../lib/gcc/arm-none-eabi/4.9.3/armv7-m/crtbegin.o
 .ARM.attributes
                0x0000004a       0x1b c:/program files (x86)/cypress/psoc creator/3.3/psoc creator/import/gnu/arm/4.9.3/bin/../lib/gcc/arm-none-eabi/4.9.3/../../../../arm-none-eabi/lib/armv7-m/crt0.o
 .ARM.attributes
                0x00000065       0x33 .\ARM_GCC_493\Debug\main.o
 .ARM.attributes
                0x00000098       0x33 .\ARM_GCC_493\Debug\CAN_Communication.o
 .ARM.attributes
                0x000000cb       0x33 .\ARM_GCC_493\Debug\DynamixelPacket.o
 .ARM.attributes
                0x000000fe       0x33 .\ARM_GCC_493\Debug\gripper_eeprom.o
 .ARM.attributes
                0x00000131       0x33 .\ARM_GCC_493\Debug\DynamixelCom.o
 .ARM.attributes
                0x00000164       0x33 .\ARM_GCC_493\Debug\Z_Axis.o
 .ARM.attributes
                0x00000197       0x33 .\ARM_GCC_493\Debug\cymetadata.o
 .ARM.attributes
                0x000001ca       0x33 .\ARM_GCC_493\Debug\Cm3Start.o
 .ARM.attributes
                0x000001fd       0x33 .\ARM_GCC_493\Debug\GripperDynamixelPSoC5.a(cyfitter_cfg.o)
 .ARM.attributes
                0x00000230       0x21 .\ARM_GCC_493\Debug\GripperDynamixelPSoC5.a(CyBootAsmGnu.o)
 .ARM.attributes
                0x00000251       0x33 .\ARM_GCC_493\Debug\GripperDynamixelPSoC5.a(CyLib.o)
 .ARM.attributes
                0x00000284       0x33 .\ARM_GCC_493\Debug\GripperDynamixelPSoC5.a(cyPm.o)
 .ARM.attributes
                0x000002b7       0x33 .\ARM_GCC_493\Debug\GripperDynamixelPSoC5.a(UART2DYNAMIXEL.o)
 .ARM.attributes
                0x000002ea       0x33 .\ARM_GCC_493\Debug\GripperDynamixelPSoC5.a(UART2DYNAMIXEL_INT.o)
 .ARM.attributes
                0x0000031d       0x33 .\ARM_GCC_493\Debug\GripperDynamixelPSoC5.a(isr_rx_interrupt.o)
 .ARM.attributes
                0x00000350       0x33 .\ARM_GCC_493\Debug\GripperDynamixelPSoC5.a(CAN_Standby.o)
 .ARM.attributes
                0x00000383       0x33 .\ARM_GCC_493\Debug\GripperDynamixelPSoC5.a(CAN_1.o)
 .ARM.attributes
                0x000003b6       0x33 .\ARM_GCC_493\Debug\GripperDynamixelPSoC5.a(CAN_1_INT.o)
 .ARM.attributes
                0x000003e9       0x33 .\ARM_GCC_493\Debug\GripperDynamixelPSoC5.a(CAN_1_TX_RX_func.o)
 .ARM.attributes
                0x0000041c       0x33 .\ARM_GCC_493\Debug\GripperDynamixelPSoC5.a(ControlReg.o)
 .ARM.attributes
                0x0000044f       0x33 .\ARM_GCC_493\Debug\GripperDynamixelPSoC5.a(EEPROM.o)
 .ARM.attributes
                0x00000482       0x33 .\ARM_GCC_493\Debug\GripperDynamixelPSoC5.a(Counter_CanReader.o)
 .ARM.attributes
                0x000004b5       0x33 .\ARM_GCC_493\Debug\GripperDynamixelPSoC5.a(CanReaderISR.o)
 .ARM.attributes
                0x000004e8       0x33 .\ARM_GCC_493\Debug\GripperDynamixelPSoC5.a(Z_Axis_Clock.o)
 .ARM.attributes
                0x0000051b       0x33 .\ARM_GCC_493\Debug\GripperDynamixelPSoC5.a(Z_Motor_Speed.o)
 .ARM.attributes
                0x0000054e       0x33 .\ARM_GCC_493\Debug\GripperDynamixelPSoC5.a(Z_Axis_Power.o)
 .ARM.attributes
                0x00000581       0x33 .\ARM_GCC_493\Debug\GripperDynamixelPSoC5.a(Z_Step_Dist.o)
 .ARM.attributes
                0x000005b4       0x33 .\ARM_GCC_493\Debug\GripperDynamixelPSoC5.a(Z_GO.o)
 .ARM.attributes
                0x000005e7       0x33 .\ARM_GCC_493\Debug\GripperDynamixelPSoC5.a(Z_Axis_Bumper_Port.o)
 .ARM.attributes
                0x0000061a       0x33 .\ARM_GCC_493\Debug\GripperDynamixelPSoC5.a(Z_Axis_Bumper_ISR.o)
 .ARM.attributes
                0x0000064d       0x33 .\ARM_GCC_493\Debug\GripperDynamixelPSoC5.a(Z_Axis_StepSizeA.o)
 .ARM.attributes
                0x00000680       0x33 .\ARM_GCC_493\Debug\GripperDynamixelPSoC5.a(Z_Axis_StepSizeB.o)
 .ARM.attributes
                0x000006b3       0x33 .\ARM_GCC_493\Debug\GripperDynamixelPSoC5.a(Z_Axis_Direction.o)
 .ARM.attributes
                0x000006e6       0x33 .\ARM_GCC_493\Debug\GripperDynamixelPSoC5.a(Z_Axis_Enable.o)
 .ARM.attributes
                0x00000719       0x33 .\ARM_GCC_493\Debug\GripperDynamixelPSoC5.a(Z_Axis_Move_ISR.o)
 .ARM.attributes
                0x0000074c       0x33 .\ARM_GCC_493\Debug\GripperDynamixelPSoC5.a(CyFlash.o)
 .ARM.attributes
                0x0000077f       0x33 .\ARM_GCC_493\Debug\GripperDynamixelPSoC5.a(CySpc.o)
 .ARM.attributes
                0x000007b2       0x2d c:/program files (x86)/cypress/psoc creator/3.3/psoc creator/import/gnu/arm/4.9.3/bin/../lib/gcc/arm-none-eabi/4.9.3/../../../../arm-none-eabi/lib/armv7-m\libg_nano.a(lib_a-errno.o)
 .ARM.attributes
                0x000007df       0x2d c:/program files (x86)/cypress/psoc creator/3.3/psoc creator/import/gnu/arm/4.9.3/bin/../lib/gcc/arm-none-eabi/4.9.3/../../../../arm-none-eabi/lib/armv7-m\libg_nano.a(lib_a-exit.o)
 .ARM.attributes
                0x0000080c       0x2d c:/program files (x86)/cypress/psoc creator/3.3/psoc creator/import/gnu/arm/4.9.3/bin/../lib/gcc/arm-none-eabi/4.9.3/../../../../arm-none-eabi/lib/armv7-m\libg_nano.a(lib_a-impure.o)
 .ARM.attributes
                0x00000839       0x2d c:/program files (x86)/cypress/psoc creator/3.3/psoc creator/import/gnu/arm/4.9.3/bin/../lib/gcc/arm-none-eabi/4.9.3/../../../../arm-none-eabi/lib/armv7-m\libg_nano.a(lib_a-init.o)
 .ARM.attributes
                0x00000866       0x2d c:/program files (x86)/cypress/psoc creator/3.3/psoc creator/import/gnu/arm/4.9.3/bin/../lib/gcc/arm-none-eabi/4.9.3/../../../../arm-none-eabi/lib/armv7-m\libg_nano.a(lib_a-malloc.o)
 .ARM.attributes
                0x00000893       0x2d c:/program files (x86)/cypress/psoc creator/3.3/psoc creator/import/gnu/arm/4.9.3/bin/../lib/gcc/arm-none-eabi/4.9.3/../../../../arm-none-eabi/lib/armv7-m\libg_nano.a(lib_a-memcpy.o)
 .ARM.attributes
                0x000008c0       0x2d c:/program files (x86)/cypress/psoc creator/3.3/psoc creator/import/gnu/arm/4.9.3/bin/../lib/gcc/arm-none-eabi/4.9.3/../../../../arm-none-eabi/lib/armv7-m\libg_nano.a(lib_a-memset.o)
 .ARM.attributes
                0x000008ed       0x2d c:/program files (x86)/cypress/psoc creator/3.3/psoc creator/import/gnu/arm/4.9.3/bin/../lib/gcc/arm-none-eabi/4.9.3/../../../../arm-none-eabi/lib/armv7-m\libg_nano.a(lib_a-nano-freer.o)
 .ARM.attributes
                0x0000091a       0x2d c:/program files (x86)/cypress/psoc creator/3.3/psoc creator/import/gnu/arm/4.9.3/bin/../lib/gcc/arm-none-eabi/4.9.3/../../../../arm-none-eabi/lib/armv7-m\libg_nano.a(lib_a-nano-mallocr.o)
 .ARM.attributes
                0x00000947       0x2d c:/program files (x86)/cypress/psoc creator/3.3/psoc creator/import/gnu/arm/4.9.3/bin/../lib/gcc/arm-none-eabi/4.9.3/../../../../arm-none-eabi/lib/armv7-m\libg_nano.a(lib_a-sbrkr.o)
 .ARM.attributes
                0x00000974       0x2d c:/program files (x86)/cypress/psoc creator/3.3/psoc creator/import/gnu/arm/4.9.3/bin/../lib/gcc/arm-none-eabi/4.9.3/../../../../arm-none-eabi/lib/armv7-m\libg_nano.a(lib_a-reent.o)
 .ARM.attributes
                0x000009a1       0x2d c:/program files (x86)/cypress/psoc creator/3.3/psoc creator/import/gnu/arm/4.9.3/bin/../lib/gcc/arm-none-eabi/4.9.3/armv7-m/crtend.o
 .ARM.attributes
                0x000009ce       0x1d c:/program files (x86)/cypress/psoc creator/3.3/psoc creator/import/gnu/arm/4.9.3/bin/../lib/gcc/arm-none-eabi/4.9.3/armv7-m/crtn.o

/DISCARD/
 *(.note.GNU-stack)
OUTPUT(.\ARM_GCC_493\Debug\GripperDynamixelPSoC5.elf elf32-littlearm)