Archive member included because of file (symbol)

.\ARM_GCC_493\Debug\module-gripper-psoc.a(cyfitter_cfg.o)
                              .\ARM_GCC_493\Debug\Cm3Start.o (cyfitter_cfg)
.\ARM_GCC_493\Debug\module-gripper-psoc.a(CyBootAsmGnu.o)
                              .\ARM_GCC_493\Debug\module-gripper-psoc.a(cyfitter_cfg.o) (CyDelayCycles)
.\ARM_GCC_493\Debug\module-gripper-psoc.a(CyLib.o)
                              .\ARM_GCC_493\Debug\Cm3Start.o (CyResetStatus)
.\ARM_GCC_493\Debug\module-gripper-psoc.a(cyPm.o)
                              .\ARM_GCC_493\Debug\module-gripper-psoc.a(CyLib.o) (CyPmReadStatus)
.\ARM_GCC_493\Debug\module-gripper-psoc.a(UART2DYNAMIXEL.o)
                              .\ARM_GCC_493\Debug\dynamixelCom.o (UART2DYNAMIXEL_Start)
.\ARM_GCC_493\Debug\module-gripper-psoc.a(UART2DYNAMIXEL_INT.o)
                              .\ARM_GCC_493\Debug\module-gripper-psoc.a(UART2DYNAMIXEL.o) (UART2DYNAMIXEL_RXISR)
.\ARM_GCC_493\Debug\module-gripper-psoc.a(isr_rx_interrupt.o)
                              .\ARM_GCC_493\Debug\dynamixelCom.o (isr_rx_interrupt_StartEx)
.\ARM_GCC_493\Debug\module-gripper-psoc.a(CAN_Standby.o)
                              .\ARM_GCC_493\Debug\main.o (CAN_Standby_Write)
.\ARM_GCC_493\Debug\module-gripper-psoc.a(CAN_1.o)
                              .\ARM_GCC_493\Debug\main.o (CAN_1_GlobalIntEnable)
.\ARM_GCC_493\Debug\module-gripper-psoc.a(CAN_1_INT.o)
                              .\ARM_GCC_493\Debug\module-gripper-psoc.a(CAN_1.o) (CAN_1_ISR)
.\ARM_GCC_493\Debug\module-gripper-psoc.a(CAN_1_TX_RX_func.o)
                              .\ARM_GCC_493\Debug\CANCommunication.o (CAN_1_SendMsg)
.\ARM_GCC_493\Debug\module-gripper-psoc.a(ControlReg.o)
                              .\ARM_GCC_493\Debug\main.o (ControlReg_Write)
.\ARM_GCC_493\Debug\module-gripper-psoc.a(EEPROM.o)
                              .\ARM_GCC_493\Debug\gripperEeprom.o (EEPROM_Start)
.\ARM_GCC_493\Debug\module-gripper-psoc.a(Counter_CanReader.o)
                              .\ARM_GCC_493\Debug\main.o (Counter_CanReader_Start)
.\ARM_GCC_493\Debug\module-gripper-psoc.a(CanReaderISR.o)
                              .\ARM_GCC_493\Debug\main.o (CanReaderISR_StartEx)
.\ARM_GCC_493\Debug\module-gripper-psoc.a(Z_Axis_Clock.o)
                              .\ARM_GCC_493\Debug\zaxis.o (Z_Axis_Clock_Start)
.\ARM_GCC_493\Debug\module-gripper-psoc.a(Z_Motor_Speed.o)
                              .\ARM_GCC_493\Debug\zaxis.o (Z_Motor_Speed_Start)
.\ARM_GCC_493\Debug\module-gripper-psoc.a(Z_Axis_Power.o)
                              .\ARM_GCC_493\Debug\zaxis.o (Z_Axis_Power_Start)
.\ARM_GCC_493\Debug\module-gripper-psoc.a(Z_Step_Dist.o)
                              .\ARM_GCC_493\Debug\zaxis.o (Z_Step_Dist_WriteCompare)
.\ARM_GCC_493\Debug\module-gripper-psoc.a(Z_GO.o)
                              .\ARM_GCC_493\Debug\zaxis.o (Z_GO_Write)
.\ARM_GCC_493\Debug\module-gripper-psoc.a(Z_Axis_Bumper_Port.o)
                              .\ARM_GCC_493\Debug\zaxis.o (Z_Axis_Bumper_Port_Read)
.\ARM_GCC_493\Debug\module-gripper-psoc.a(Z_Axis_Bumper_ISR.o)
                              .\ARM_GCC_493\Debug\zaxis.o (Z_Axis_Bumper_ISR_StartEx)
.\ARM_GCC_493\Debug\module-gripper-psoc.a(Z_Axis_StepSizeA.o)
                              .\ARM_GCC_493\Debug\zaxis.o (Z_Axis_StepSizeA_Write)
.\ARM_GCC_493\Debug\module-gripper-psoc.a(Z_Axis_StepSizeB.o)
                              .\ARM_GCC_493\Debug\zaxis.o (Z_Axis_StepSizeB_Write)
.\ARM_GCC_493\Debug\module-gripper-psoc.a(Z_Axis_Direction.o)
                              .\ARM_GCC_493\Debug\zaxis.o (Z_Axis_Direction_Write)
.\ARM_GCC_493\Debug\module-gripper-psoc.a(Z_Axis_Enable.o)
                              .\ARM_GCC_493\Debug\zaxis.o (Z_Axis_Enable_Write)
.\ARM_GCC_493\Debug\module-gripper-psoc.a(Z_Axis_Move_ISR.o)
                              .\ARM_GCC_493\Debug\zaxis.o (Z_Axis_Move_ISR_StartEx)
.\ARM_GCC_493\Debug\module-gripper-psoc.a(CyFlash.o)
                              .\ARM_GCC_493\Debug\module-gripper-psoc.a(EEPROM.o) (dieTemperature)
.\ARM_GCC_493\Debug\module-gripper-psoc.a(CySpc.o)
                              .\ARM_GCC_493\Debug\module-gripper-psoc.a(EEPROM.o) (CySpcStart)
c:/program files (x86)/cypress/psoc creator/3.3/psoc creator/import/gnu/arm/4.9.3/bin/../lib/gcc/arm-none-eabi/4.9.3/../../../../arm-none-eabi/lib/armv7-m\libg_nano.a(lib_a-errno.o)
                              .\ARM_GCC_493\Debug\Cm3Start.o (__errno)
c:/program files (x86)/cypress/psoc creator/3.3/psoc creator/import/gnu/arm/4.9.3/bin/../lib/gcc/arm-none-eabi/4.9.3/../../../../arm-none-eabi/lib/armv7-m\libg_nano.a(lib_a-exit.o)
                              c:/program files (x86)/cypress/psoc creator/3.3/psoc creator/import/gnu/arm/4.9.3/bin/../lib/gcc/arm-none-eabi/4.9.3/../../../../arm-none-eabi/lib/armv7-m/crt0.o (exit)
[...]
Memory Configuration

Name             Origin             Length             Attributes
rom              0x00000000         0x00040000         xr
ram              0x1fff8000         0x00010000         xrw
*default*        0x00000000         0xffffffff

Linker script and memory map

LOAD c:/program files (x86)/cypress/psoc creator/3.3/psoc creator/import/gnu/arm/4.9.3/bin/../lib/gcc/arm-none-eabi/4.9.3/armv7-m/crti.o
LOAD c:/program files (x86)/cypress/psoc creator/3.3/psoc creator/import/gnu/arm/4.9.3/bin/../lib/gcc/arm-none-eabi/4.9.3/armv7-m/crtbegin.o
LOAD c:/program files (x86)/cypress/psoc creator/3.3/psoc creator/import/gnu/arm/4.9.3/bin/../lib/gcc/arm-none-eabi/4.9.3/../../../../arm-none-eabi/lib/armv7-m/crt0.o
START GROUP
LOAD .\ARM_GCC_493\Debug\CANCommunication.o
LOAD .\ARM_GCC_493\Debug\dynamixelCom.o
LOAD .\ARM_GCC_493\Debug\dynamixelPacket.o
LOAD .\ARM_GCC_493\Debug\gripperEeprom.o
LOAD .\ARM_GCC_493\Debug\zaxis.o
LOAD .\ARM_GCC_493\Debug\main.o
LOAD .\ARM_GCC_493\Debug\cymetadata.o
LOAD .\ARM_GCC_493\Debug\Cm3Start.o
LOAD .\ARM_GCC_493\Debug\module-gripper-psoc.a
LOAD C:\Program Files (x86)\Cypress\PSoC Creator\3.3\PSoC Creator\psoc\content\cycomponentlibrary\CyComponentLibrary.cylib\CortexM3\ARM_GCC_493\Debug\CyComponentLibrary.a
END GROUP
START GROUP
LOAD c:/program files (x86)/cypress/psoc creator/3.3/psoc creator/import/gnu/arm/4.9.3/bin/../lib/gcc/arm-none-eabi/4.9.3/armv7-m\libgcc.a
LOAD c:/program files (x86)/cypress/psoc creator/3.3/psoc creator/import/gnu/arm/4.9.3/bin/../lib/gcc/arm-none-eabi/4.9.3/../../../../arm-none-eabi/lib/armv7-m\libg_nano.a
LOAD c:/program files (x86)/cypress/psoc creator/3.3/psoc creator/import/gnu/arm/4.9.3/bin/../lib/gcc/arm-none-eabi/4.9.3/../../../../arm-none-eabi/lib/armv7-m\libc_nano.a
END GROUP
START GROUP
LOAD c:/program files (x86)/cypress/psoc creator/3.3/psoc creator/import/gnu/arm/4.9.3/bin/../lib/gcc/arm-none-eabi/4.9.3/armv7-m\libgcc.a
LOAD c:/program files (x86)/cypress/psoc creator/3.3/psoc creator/import/gnu/arm/4.9.3/bin/../lib/gcc/arm-none-eabi/4.9.3/../../../../arm-none-eabi/lib/armv7-m\libc_nano.a
END GROUP
LOAD c:/program files (x86)/cypress/psoc creator/3.3/psoc creator/import/gnu/arm/4.9.3/bin/../lib/gcc/arm-none-eabi/4.9.3/armv7-m/crtend.o
LOAD c:/program files (x86)/cypress/psoc creator/3.3/psoc creator/import/gnu/arm/4.9.3/bin/../lib/gcc/arm-none-eabi/4.9.3/armv7-m/crtn.o
START GROUP
LOAD c:/program files (x86)/cypress/psoc creator/3.3/psoc creator/import/gnu/arm/4.9.3/bin/../lib/gcc/arm-none-eabi/4.9.3/armv7-m\libgcc.a
LOAD c:/program files (x86)/cypress/psoc creator/3.3/psoc creator/import/gnu/arm/4.9.3/bin/../lib/gcc/arm-none-eabi/4.9.3/../../../../arm-none-eabi/lib/armv7-m\libc.a
LOAD c:/program files (x86)/cypress/psoc creator/3.3/psoc creator/import/gnu/arm/4.9.3/bin/../lib/gcc/arm-none-eabi/4.9.3/../../../../arm-none-eabi/lib/armv7-m\libnosys.a
END GROUP
                0x00000000                CY_APPL_ORIGIN = 0x0
                0x00000100                CY_FLASH_ROW_SIZE = 0x100
                0x00000020                CY_ECC_ROW_SIZE = 0x20
                0x00000000                CY_EE_IN_BTLDR = 0x0
                0x00000000                CY_APPL_LOADABLE = 0x0
                0x00000800                CY_EE_SIZE = 0x800
                0x00000001                CY_APPL_NUM = 0x1
                0x00000001                CY_APPL_MAX = 0x1
                0x00000040                CY_METADATA_SIZE = 0x40
                0x1fff8620                PROVIDE (__cy_heap_start, _end)
                0x00000001                PROVIDE (__cy_region_num, ((__cy_regions_end - __cy_regions) / 0x10))
                0x20008000                PROVIDE (__cy_stack, (ORIGIN (ram) + 0x10000))
                0x20007800                PROVIDE (__cy_heap_end, (__cy_stack - 0x800))

.cybootloader   0x00000000        0x0
 *(.cybootloader)
                0x00000000                appl1_start = CY_APPL_ORIGIN?CY_APPL_ORIGIN:ALIGN (CY_FLASH_ROW_SIZE)
                0x0001ff00                appl2_start = (appl1_start + ALIGN ((((0x40000 - appl1_start) - (0x2 * CY_FLASH_ROW_SIZE)) / 0x2), CY_FLASH_ROW_SIZE))
                0x00000000                appl_start = (CY_APPL_NUM == 0x1)?appl1_start:appl2_start
                0x00000000                ecc_offset = ((appl_start / CY_FLASH_ROW_SIZE) * CY_ECC_ROW_SIZE)
                0x00000000                ee_offset = (CY_APPL_LOADABLE && ! (CY_EE_IN_BTLDR))?((CY_EE_SIZE / CY_APPL_MAX) * (CY_APPL_NUM - 0x1)):0x0
                0x00000800                ee_size = (CY_APPL_LOADABLE && ! (CY_EE_IN_BTLDR))?(CY_EE_SIZE / CY_APPL_MAX):CY_EE_SIZE
                0x00000000                PROVIDE (CY_ECC_OFFSET, ecc_offset)

.text           0x00000000     0x3a9c
 CREATE_OBJECT_SYMBOLS
                0x00000000                PROVIDE (__cy_interrupt_vector, RomVectors)
 *(.romvectors)
 .romvectors    0x00000000       0x10 .\ARM_GCC_493\Debug\Cm3Start.o
                0x00000000                RomVectors
                0x00000001                ASSERT ((. != __cy_interrupt_vector), No interrupt vector)
                0x00000001                ASSERT (CY_APPL_ORIGIN?(SIZEOF (.cybootloader) <= CY_APPL_ORIGIN):0x1, Wrong image location)
                0x00000010                PROVIDE (__cy_reset, Reset)
 *(.text.Reset)
 .text.Reset    0x00000010       0x18 .\ARM_GCC_493\Debug\Cm3Start.o
                0x00000010                Reset
                0x00000001                ASSERT ((. != __cy_reset), No reset code)
 *(.dma_init)
                0x00000001                ASSERT ((((appl_start + .) <= 0x10000) || 0x1), DMA Init must be within the first 64k of flash)
 *(.text .text.* .gnu.linkonce.t.*)
 .text          0x00000028       0x5c c:/program files (x86)/cypress/psoc creator/3.3/psoc creator/import/gnu/arm/4.9.3/bin/../lib/gcc/arm-none-eabi/4.9.3/armv7-m/crtbegin.o
 .text.can_getReceivedMessage
                0x00000084       0x6c .\ARM_GCC_493\Debug\CANCommunication.o
                0x00000084                can_getReceivedMessage
 .text.sendDataToCAN
                0x000000f0       0x60 .\ARM_GCC_493\Debug\CANCommunication.o
                0x000000f0                sendDataToCAN
 .text.can_sendMessage
                0x00000150       0x3c .\ARM_GCC_493\Debug\CANCommunication.o
                0x00000150                can_sendMessage
 .text.init_uart_dynamixel
                0x0000018c       0x28 .\ARM_GCC_493\Debug\dynamixelCom.o
                0x0000018c                init_uart_dynamixel
 .text.isr_uart_rx_gripper
                0x000001b4       0xd4 .\ARM_GCC_493\Debug\dynamixelCom.o
                0x000001b4                isr_uart_rx_gripper
 .text.sendPacketToDynamixel
                0x00000288       0x28 .\ARM_GCC_493\Debug\dynamixelCom.o
                0x00000288                sendPacketToDynamixel
 .text.sendDynamixelDataToComputer
                0x000002b0       0x74 .\ARM_GCC_493\Debug\dynamixelCom.o
                0x000002b0                sendDynamixelDataToComputer
 .text.dynamixel_setTorqueEnablePacket
                0x00000324       0x28 .\ARM_GCC_493\Debug\dynamixelPacket.o
                0x00000324                dynamixel_setTorqueEnablePacket
 .text.dynamixel_setPositionRegPacket
                0x0000034c       0x28 .\ARM_GCC_493\Debug\dynamixelPacket.o
                0x0000034c                dynamixel_setPositionRegPacket
 .text.dynamixel_setPositionPacket
                0x00000374       0x28 .\ARM_GCC_493\Debug\dynamixelPacket.o
                0x00000374                dynamixel_setPositionPacket
 .text.dynamixel_setMovingSpeedPacket
                0x0000039c       0x28 .\ARM_GCC_493\Debug\dynamixelPacket.o
                0x0000039c                dynamixel_setMovingSpeedPacket
 .text.dynamixel_setTorquePacket
                0x000003c4       0x28 .\ARM_GCC_493\Debug\dynamixelPacket.o
                0x000003c4                dynamixel_setTorquePacket
 .text.dynamixel_set2Bytes
                0x000003ec       0x40 .\ARM_GCC_493\Debug\dynamixelPacket.o
                0x000003ec                dynamixel_set2Bytes
 .text.dynamixel_set2BytesReg
                0x0000042c       0x40 .\ARM_GCC_493\Debug\dynamixelPacket.o
                0x0000042c                dynamixel_set2BytesReg
 .text.dynamixel_setByte
                0x0000046c       0x2c .\ARM_GCC_493\Debug\dynamixelPacket.o
                0x0000046c                dynamixel_setByte
 .text.dynamixel_getReadPacket
                0x00000498       0x28 .\ARM_GCC_493\Debug\dynamixelPacket.o
                0x00000498                dynamixel_getReadPacket
 .text.dynamixel_getWritePacket
                0x000004c0       0x28 .\ARM_GCC_493\Debug\dynamixelPacket.o
                0x000004c0                dynamixel_getWritePacket
 .text.dynamixel_getWritePacketSimple
                0x000004e8       0x28 .\ARM_GCC_493\Debug\dynamixelPacket.o
                0x000004e8                dynamixel_getWritePacketSimple
 .text.dynamixel_getRegWritePacket
                0x00000510       0x28 .\ARM_GCC_493\Debug\dynamixelPacket.o
                0x00000510                dynamixel_getRegWritePacket
 .text.dynamixel_getActionPacket
                0x00000538       0x18 .\ARM_GCC_493\Debug\dynamixelPacket.o
                0x00000538                dynamixel_getActionPacket
 .text.dynamixel_createSimpleInstructionPacket
                0x00000550       0x44 .\ARM_GCC_493\Debug\dynamixelPacket.o
                0x00000550                dynamixel_createSimpleInstructionPacket
 .text.dynamixel_createInstructionPacket
                0x00000594       0xc0 .\ARM_GCC_493\Debug\dynamixelPacket.o
                0x00000594                dynamixel_createInstructionPacket
 .text.dynamixel_calculateChecksum
                0x00000654       0x50 .\ARM_GCC_493\Debug\dynamixelPacket.o
                0x00000654                dynamixel_calculateChecksum
 .text.init_eeprom
                0x000006a4       0x14 .\ARM_GCC_493\Debug\gripperEeprom.o
                0x000006a4                init_eeprom
 .text.readEeprom
                0x000006b8       0xec .\ARM_GCC_493\Debug\gripperEeprom.o
                0x000006b8                readEeprom
 .text.eraseMotorType
                0x000007a4       0x3c .\ARM_GCC_493\Debug\gripperEeprom.o
                0x000007a4                eraseMotorType
 .text.saveMotorType
                0x000007e0       0x78 .\ARM_GCC_493\Debug\gripperEeprom.o
                0x000007e0                saveMotorType
 .text.getMotorType
                0x00000858       0x44 .\ARM_GCC_493\Debug\gripperEeprom.o
                0x00000858                getMotorType
 .text.updateAngleLimitData
                0x0000089c      0x150 .\ARM_GCC_493\Debug\gripperEeprom.o
                0x0000089c                updateAngleLimitData
 .text.Z_Axis_Init
                0x000009ec       0xe8 .\ARM_GCC_493\Debug\zaxis.o
                0x000009ec                Z_Axis_Init
 .text.Z_Axis_Home
                0x00000ad4       0x4c .\ARM_GCC_493\Debug\zaxis.o
                0x00000ad4                Z_Axis_Home
 .text.Z_Axis_Bumper_Stops
                0x00000b20       0x94 .\ARM_GCC_493\Debug\zaxis.o
                0x00000b20                Z_Axis_Bumper_Stops
 .text.Z_Axis_GoTo
                0x00000bb4       0xf4 .\ARM_GCC_493\Debug\zaxis.o
                0x00000bb4                Z_Axis_GoTo
 .text.Z_Axis_Bumper_ISR
                0x00000ca8       0x20 .\ARM_GCC_493\Debug\zaxis.o
                0x00000ca8                Z_Axis_Bumper_ISR
 .text.Z_Axis_Move_ISR
                0x00000cc8       0xac .\ARM_GCC_493\Debug\zaxis.o
                0x00000cc8                Z_Axis_Move_ISR
 .text.Move_Up  0x00000d74       0x4c .\ARM_GCC_493\Debug\zaxis.o
                0x00000d74                Move_Up
 .text.treatCanMessage
                0x00000dc0      0x358 .\ARM_GCC_493\Debug\main.o
                0x00000dc0                treatCanMessage
 .text.CounterCanInterruptHandler
                0x00001118       0x20 .\ARM_GCC_493\Debug\main.o
                0x00001118                CounterCanInterruptHandler
 .text.main     0x00001138       0x60 .\ARM_GCC_493\Debug\main.o
                0x00001138                main
 .text.init_can_module
                0x00001198       0x24 .\ARM_GCC_493\Debug\main.o
                0x00001198                init_can_module
 .text.IntDefaultHandler
                0x000011bc        0x8 .\ARM_GCC_493\Debug\Cm3Start.o
                0x000011bc                IntDefaultHandler
 .text._sbrk    0x000011c4       0x54 .\ARM_GCC_493\Debug\Cm3Start.o
                0x000011c4                _sbrk
 .text.Start_c  0x00001218       0x98 .\ARM_GCC_493\Debug\Cm3Start.o
                0x00001218                Start_c
 .text.initialize_psoc
                0x000012b0       0x8c .\ARM_GCC_493\Debug\Cm3Start.o
                0x000012b0                initialize_psoc
 .text.CYMEMZERO
                0x0000133c       0x1c .\ARM_GCC_493\Debug\module-gripper-psoc.a(cyfitter_cfg.o)
 .text.CYCONFIGCPY
                0x00001358       0x1c .\ARM_GCC_493\Debug\module-gripper-psoc.a(cyfitter_cfg.o)
 .text.CyClockStartupError
                0x00001374        0xc .\ARM_GCC_493\Debug\module-gripper-psoc.a(cyfitter_cfg.o)
 .text.cfg_write_bytes32
                0x00001380       0x74 .\ARM_GCC_493\Debug\module-gripper-psoc.a(cyfitter_cfg.o)
 .text.ClockSetup
                0x000013f4      0x140 .\ARM_GCC_493\Debug\module-gripper-psoc.a(cyfitter_cfg.o)
 .text.AnalogSetDefault
                0x00001534       0x58 .\ARM_GCC_493\Debug\module-gripper-psoc.a(cyfitter_cfg.o)
 .text.cyfitter_cfg
                0x0000158c      0x1bc .\ARM_GCC_493\Debug\module-gripper-psoc.a(cyfitter_cfg.o)
                0x0000158c                cyfitter_cfg
 .text          0x00001748       0x58 .\ARM_GCC_493\Debug\module-gripper-psoc.a(CyBootAsmGnu.o)
                0x00001748                CyDelayCycles
                0x00001786                CyEnterCriticalSection
                0x0000178e                CyExitCriticalSection
 .text.CyHalt   0x000017a0       0x18 .\ARM_GCC_493\Debug\module-gripper-psoc.a(CyLib.o)
                0x000017a0                CyHalt
 .text.CyDelayUs
                0x000017b8       0x24 .\ARM_GCC_493\Debug\module-gripper-psoc.a(CyLib.o)
                0x000017b8                CyDelayUs
 .text.CyIntSetVector
                0x000017dc       0x50 .\ARM_GCC_493\Debug\module-gripper-psoc.a(CyLib.o)
                0x000017dc                CyIntSetVector
 .text.CyIntSetPriority
                0x0000182c       0x44 .\ARM_GCC_493\Debug\module-gripper-psoc.a(CyLib.o)
                0x0000182c                CyIntSetPriority
 .text.UART2DYNAMIXEL_Start
                0x00001870       0x20 .\ARM_GCC_493\Debug\module-gripper-psoc.a(UART2DYNAMIXEL.o)
                0x00001870                UART2DYNAMIXEL_Start
 .text.UART2DYNAMIXEL_Init
                0x00001890       0x58 .\ARM_GCC_493\Debug\module-gripper-psoc.a(UART2DYNAMIXEL.o)
                0x00001890                UART2DYNAMIXEL_Init
 .text.UART2DYNAMIXEL_Enable
                0x000018e8       0x64 .\ARM_GCC_493\Debug\module-gripper-psoc.a(UART2DYNAMIXEL.o)
                0x000018e8                UART2DYNAMIXEL_Enable
 .text.UART2DYNAMIXEL_ReadRxData
                0x0000194c       0x94 .\ARM_GCC_493\Debug\module-gripper-psoc.a(UART2DYNAMIXEL.o)
                0x0000194c                UART2DYNAMIXEL_ReadRxData
 .text.UART2DYNAMIXEL_GetByte
                0x000019e0       0x44 .\ARM_GCC_493\Debug\module-gripper-psoc.a(UART2DYNAMIXEL.o)
                0x000019e0                UART2DYNAMIXEL_GetByte
 .text.UART2DYNAMIXEL_ClearRxBuffer
                0x00001a24       0x7c .\ARM_GCC_493\Debug\module-gripper-psoc.a(UART2DYNAMIXEL.o)
                0x00001a24                UART2DYNAMIXEL_ClearRxBuffer
 .text.UART2DYNAMIXEL_PutChar
                0x00001aa0       0x34 .\ARM_GCC_493\Debug\module-gripper-psoc.a(UART2DYNAMIXEL.o)
                0x00001aa0                UART2DYNAMIXEL_PutChar
 .text.UART2DYNAMIXEL_PutArray
                0x00001ad4       0x40 .\ARM_GCC_493\Debug\module-gripper-psoc.a(UART2DYNAMIXEL.o)
                0x00001ad4                UART2DYNAMIXEL_PutArray
 .text.UART2DYNAMIXEL_GetTxBufferSize
                0x00001b14       0x44 .\ARM_GCC_493\Debug\module-gripper-psoc.a(UART2DYNAMIXEL.o)
                0x00001b14                UART2DYNAMIXEL_GetTxBufferSize
 .text.UART2DYNAMIXEL_ClearTxBuffer
                0x00001b58       0x40 .\ARM_GCC_493\Debug\module-gripper-psoc.a(UART2DYNAMIXEL.o)
                0x00001b58                UART2DYNAMIXEL_ClearTxBuffer
 .text.UART2DYNAMIXEL_RXISR
                0x00001b98       0xd8 .\ARM_GCC_493\Debug\module-gripper-psoc.a(UART2DYNAMIXEL_INT.o)
                0x00001b98                UART2DYNAMIXEL_RXISR
 .text.isr_rx_interrupt_StartEx
                0x00001c70       0x24 .\ARM_GCC_493\Debug\module-gripper-psoc.a(isr_rx_interrupt.o)
                0x00001c70                isr_rx_interrupt_StartEx
 .text.isr_rx_interrupt_SetVector
                0x00001c94       0x24 .\ARM_GCC_493\Debug\module-gripper-psoc.a(isr_rx_interrupt.o)
                0x00001c94                isr_rx_interrupt_SetVector
 .text.isr_rx_interrupt_SetPriority
                0x00001cb8       0x24 .\ARM_GCC_493\Debug\module-gripper-psoc.a(isr_rx_interrupt.o)
                0x00001cb8                isr_rx_interrupt_SetPriority
 .text.isr_rx_interrupt_Enable
                0x00001cdc       0x18 .\ARM_GCC_493\Debug\module-gripper-psoc.a(isr_rx_interrupt.o)
                0x00001cdc                isr_rx_interrupt_Enable
 .text.isr_rx_interrupt_Disable
                0x00001cf4       0x18 .\ARM_GCC_493\Debug\module-gripper-psoc.a(isr_rx_interrupt.o)
                0x00001cf4                isr_rx_interrupt_Disable
 .text.CAN_Standby_Write
                0x00001d0c       0x3c .\ARM_GCC_493\Debug\module-gripper-psoc.a(CAN_Standby.o)
                0x00001d0c                CAN_Standby_Write
 .text.CAN_1_RxTxBuffersConfig
                0x00001d48       0x80 .\ARM_GCC_493\Debug\module-gripper-psoc.a(CAN_1.o)
                0x00001d48                CAN_1_RxTxBuffersConfig
 .text.CAN_1_Init
                0x00001dc8      0x128 .\ARM_GCC_493\Debug\module-gripper-psoc.a(CAN_1.o)
                0x00001dc8                CAN_1_Init
 .text.CAN_1_Enable
                0x00001ef0       0xa4 .\ARM_GCC_493\Debug\module-gripper-psoc.a(CAN_1.o)
                0x00001ef0                CAN_1_Enable
 .text.CAN_1_Start
                0x00001f94       0x3c .\ARM_GCC_493\Debug\module-gripper-psoc.a(CAN_1.o)
                0x00001f94                CAN_1_Start
 .text.CAN_1_Stop
                0x00001fd0       0x94 .\ARM_GCC_493\Debug\module-gripper-psoc.a(CAN_1.o)
                0x00001fd0                CAN_1_Stop
 .text.CAN_1_GlobalIntEnable
                0x00002064       0x40 .\ARM_GCC_493\Debug\module-gripper-psoc.a(CAN_1.o)
                0x00002064                CAN_1_GlobalIntEnable
 .text.CAN_1_GlobalIntDisable
                0x000020a4       0x40 .\ARM_GCC_493\Debug\module-gripper-psoc.a(CAN_1.o)
                0x000020a4                CAN_1_GlobalIntDisable
 .text.CAN_1_SetPreScaler
                0x000020e4       0x44 .\ARM_GCC_493\Debug\module-gripper-psoc.a(CAN_1.o)
                0x000020e4                CAN_1_SetPreScaler
 .text.CAN_1_SetArbiter
                0x00002128       0x6c .\ARM_GCC_493\Debug\module-gripper-psoc.a(CAN_1.o)
                0x00002128                CAN_1_SetArbiter
 .text.CAN_1_SetTsegSample
                0x00002194       0xd4 .\ARM_GCC_493\Debug\module-gripper-psoc.a(CAN_1.o)
                0x00002194                CAN_1_SetTsegSample
 .text.CAN_1_SetRestartType
                0x00002268       0x6c .\ARM_GCC_493\Debug\module-gripper-psoc.a(CAN_1.o)
                0x00002268                CAN_1_SetRestartType
 .text.CAN_1_SetEdgeMode
                0x000022d4       0x6c .\ARM_GCC_493\Debug\module-gripper-psoc.a(CAN_1.o)
                0x000022d4                CAN_1_SetEdgeMode
 .text.CAN_1_SetIrqMask
                0x00002340       0x38 .\ARM_GCC_493\Debug\module-gripper-psoc.a(CAN_1.o)
                0x00002340                CAN_1_SetIrqMask
 .text.CAN_1_RxBufConfig
                0x00002378       0xec .\ARM_GCC_493\Debug\module-gripper-psoc.a(CAN_1.o)
                0x00002378                CAN_1_RxBufConfig
 .text.CAN_1_TxBufConfig
                0x00002464       0x88 .\ARM_GCC_493\Debug\module-gripper-psoc.a(CAN_1.o)
                0x00002464                CAN_1_TxBufConfig
 .text.CAN_1_BusOffIsr
                0x000024ec       0x18 .\ARM_GCC_493\Debug\module-gripper-psoc.a(CAN_1_INT.o)
                0x000024ec                CAN_1_BusOffIsr
 .text.CAN_1_MsgRXIsr
                0x00002504       0x84 .\ARM_GCC_493\Debug\module-gripper-psoc.a(CAN_1_INT.o)
                0x00002504                CAN_1_MsgRXIsr
 .text.CAN_1_ISR
                0x00002588       0x30 .\ARM_GCC_493\Debug\module-gripper-psoc.a(CAN_1_INT.o)
                0x00002588                CAN_1_ISR
 .text.CAN_1_SendMsg
                0x000025b8      0x170 .\ARM_GCC_493\Debug\module-gripper-psoc.a(CAN_1_TX_RX_func.o)
                0x000025b8                CAN_1_SendMsg
 .text.CAN_1_ReceiveMsg
                0x00002728       0x48 .\ARM_GCC_493\Debug\module-gripper-psoc.a(CAN_1_TX_RX_func.o)
                0x00002728                CAN_1_ReceiveMsg
 .text.CAN_1_ReceiveMsg0
                0x00002770       0xf8 .\ARM_GCC_493\Debug\module-gripper-psoc.a(CAN_1_TX_RX_func.o)
                0x00002770                CAN_1_ReceiveMsg0
 .text.ControlReg_Write
                0x00002868       0x20 .\ARM_GCC_493\Debug\module-gripper-psoc.a(ControlReg.o)
                0x00002868                ControlReg_Write
 .text.ControlReg_Read
                0x00002888       0x18 .\ARM_GCC_493\Debug\module-gripper-psoc.a(ControlReg.o)
                0x00002888                ControlReg_Read
 .text.EEPROM_Enable
                0x000028a0       0x10 .\ARM_GCC_493\Debug\module-gripper-psoc.a(EEPROM.o)
                0x000028a0                EEPROM_Enable
 .text.EEPROM_Start
                0x000028b0        0xc .\ARM_GCC_493\Debug\module-gripper-psoc.a(EEPROM.o)
                0x000028b0                EEPROM_Start
 .text.EEPROM_WriteByte
                0x000028bc      0x120 .\ARM_GCC_493\Debug\module-gripper-psoc.a(EEPROM.o)
                0x000028bc                EEPROM_WriteByte
 .text.EEPROM_ReadByte
                0x000029dc       0x3c .\ARM_GCC_493\Debug\module-gripper-psoc.a(EEPROM.o)
                0x000029dc                EEPROM_ReadByte
 .text.EEPROM_UpdateTemperature
                0x00002a18       0x10 .\ARM_GCC_493\Debug\module-gripper-psoc.a(EEPROM.o)
                0x00002a18                EEPROM_UpdateTemperature
 .text.Counter_CanReader_Init
                0x00002a28       0x98 .\ARM_GCC_493\Debug\module-gripper-psoc.a(Counter_CanReader.o)
                0x00002a28                Counter_CanReader_Init
 .text.Counter_CanReader_Enable
                0x00002ac0       0x48 .\ARM_GCC_493\Debug\module-gripper-psoc.a(Counter_CanReader.o)
                0x00002ac0                Counter_CanReader_Enable
 .text.Counter_CanReader_Start
                0x00002b08       0x20 .\ARM_GCC_493\Debug\module-gripper-psoc.a(Counter_CanReader.o)
                0x00002b08                Counter_CanReader_Start
 .text.Counter_CanReader_SetInterruptMode
                0x00002b28       0x20 .\ARM_GCC_493\Debug\module-gripper-psoc.a(Counter_CanReader.o)
                0x00002b28                Counter_CanReader_SetInterruptMode
 .text.Counter_CanReader_WriteCounter
                0x00002b48       0x54 .\ARM_GCC_493\Debug\module-gripper-psoc.a(Counter_CanReader.o)
                0x00002b48                Counter_CanReader_WriteCounter
 .text.Counter_CanReader_WritePeriod
                0x00002b9c       0x20 .\ARM_GCC_493\Debug\module-gripper-psoc.a(Counter_CanReader.o)
                0x00002b9c                Counter_CanReader_WritePeriod
 .text.CanReaderISR_StartEx
                0x00002bbc       0x24 .\ARM_GCC_493\Debug\module-gripper-psoc.a(CanReaderISR.o)
                0x00002bbc                CanReaderISR_StartEx
 .text.CanReaderISR_SetVector
                0x00002be0       0x24 .\ARM_GCC_493\Debug\module-gripper-psoc.a(CanReaderISR.o)
                0x00002be0                CanReaderISR_SetVector
 .text.CanReaderISR_SetPriority
                0x00002c04       0x24 .\ARM_GCC_493\Debug\module-gripper-psoc.a(CanReaderISR.o)
                0x00002c04                CanReaderISR_SetPriority
 .text.CanReaderISR_Enable
                0x00002c28       0x18 .\ARM_GCC_493\Debug\module-gripper-psoc.a(CanReaderISR.o)
                0x00002c28                CanReaderISR_Enable
 .text.CanReaderISR_Disable
                0x00002c40       0x18 .\ARM_GCC_493\Debug\module-gripper-psoc.a(CanReaderISR.o)
                0x00002c40                CanReaderISR_Disable
 .text.Z_Axis_Clock_Start
                0x00002c58       0x34 .\ARM_GCC_493\Debug\module-gripper-psoc.a(Z_Axis_Clock.o)
                0x00002c58                Z_Axis_Clock_Start
 .text.Z_Motor_Speed_Start
                0x00002c8c       0x20 .\ARM_GCC_493\Debug\module-gripper-psoc.a(Z_Motor_Speed.o)
                0x00002c8c                Z_Motor_Speed_Start
 .text.Z_Motor_Speed_Init
                0x00002cac       0x68 .\ARM_GCC_493\Debug\module-gripper-psoc.a(Z_Motor_Speed.o)
                0x00002cac                Z_Motor_Speed_Init
 .text.Z_Motor_Speed_Enable
                0x00002d14       0x20 .\ARM_GCC_493\Debug\module-gripper-psoc.a(Z_Motor_Speed.o)
                0x00002d14                Z_Motor_Speed_Enable
 .text.Z_Motor_Speed_WriteCounter
                0x00002d34       0x20 .\ARM_GCC_493\Debug\module-gripper-psoc.a(Z_Motor_Speed.o)
                0x00002d34                Z_Motor_Speed_WriteCounter
 .text.Z_Motor_Speed_WritePeriod
                0x00002d54       0x20 .\ARM_GCC_493\Debug\module-gripper-psoc.a(Z_Motor_Speed.o)
                0x00002d54                Z_Motor_Speed_WritePeriod
 .text.Z_Motor_Speed_WriteCompare
                0x00002d74       0x20 .\ARM_GCC_493\Debug\module-gripper-psoc.a(Z_Motor_Speed.o)
                0x00002d74                Z_Motor_Speed_WriteCompare
 .text.Z_Axis_Power_Init
                0x00002d94       0x28 .\ARM_GCC_493\Debug\module-gripper-psoc.a(Z_Axis_Power.o)
                0x00002d94                Z_Axis_Power_Init
 .text.Z_Axis_Power_Enable
                0x00002dbc       0x34 .\ARM_GCC_493\Debug\module-gripper-psoc.a(Z_Axis_Power.o)
                0x00002dbc                Z_Axis_Power_Enable
 .text.Z_Axis_Power_Start
                0x00002df0       0x28 .\ARM_GCC_493\Debug\module-gripper-psoc.a(Z_Axis_Power.o)
                0x00002df0                Z_Axis_Power_Start
 .text.Z_Axis_Power_SetSpeed
                0x00002e18       0x40 .\ARM_GCC_493\Debug\module-gripper-psoc.a(Z_Axis_Power.o)
                0x00002e18                Z_Axis_Power_SetSpeed
 .text.Z_Axis_Power_SetRange
                0x00002e58       0x40 .\ARM_GCC_493\Debug\module-gripper-psoc.a(Z_Axis_Power.o)
                0x00002e58                Z_Axis_Power_SetRange
 .text.Z_Axis_Power_SetValue
                0x00002e98       0x20 .\ARM_GCC_493\Debug\module-gripper-psoc.a(Z_Axis_Power.o)
                0x00002e98                Z_Axis_Power_SetValue
 .text.Z_Axis_Power_DacTrim
                0x00002eb8       0x3c .\ARM_GCC_493\Debug\module-gripper-psoc.a(Z_Axis_Power.o)
                0x00002eb8                Z_Axis_Power_DacTrim
 .text.Z_Step_Dist_Init
                0x00002ef4       0x80 .\ARM_GCC_493\Debug\module-gripper-psoc.a(Z_Step_Dist.o)
                0x00002ef4                Z_Step_Dist_Init
 .text.Z_Step_Dist_Enable
                0x00002f74       0x20 .\ARM_GCC_493\Debug\module-gripper-psoc.a(Z_Step_Dist.o)
                0x00002f74                Z_Step_Dist_Enable
 .text.Z_Step_Dist_Start
                0x00002f94       0x20 .\ARM_GCC_493\Debug\module-gripper-psoc.a(Z_Step_Dist.o)
                0x00002f94                Z_Step_Dist_Start
 .text.Z_Step_Dist_SetInterruptMode
                0x00002fb4       0x20 .\ARM_GCC_493\Debug\module-gripper-psoc.a(Z_Step_Dist.o)
                0x00002fb4                Z_Step_Dist_SetInterruptMode
 .text.Z_Step_Dist_ReadStatusRegister
                0x00002fd4       0x18 .\ARM_GCC_493\Debug\module-gripper-psoc.a(Z_Step_Dist.o)
                0x00002fd4                Z_Step_Dist_ReadStatusRegister
 .text.Z_Step_Dist_WriteCounter
                0x00002fec       0x1c .\ARM_GCC_493\Debug\module-gripper-psoc.a(Z_Step_Dist.o)
                0x00002fec                Z_Step_Dist_WriteCounter
 .text.Z_Step_Dist_ReadCapture
                0x00003008       0x18 .\ARM_GCC_493\Debug\module-gripper-psoc.a(Z_Step_Dist.o)
                0x00003008                Z_Step_Dist_ReadCapture
 .text.Z_Step_Dist_WritePeriod
                0x00003020       0x1c .\ARM_GCC_493\Debug\module-gripper-psoc.a(Z_Step_Dist.o)
                0x00003020                Z_Step_Dist_WritePeriod
 .text.Z_Step_Dist_WriteCompare
                0x0000303c       0x1c .\ARM_GCC_493\Debug\module-gripper-psoc.a(Z_Step_Dist.o)
                0x0000303c                Z_Step_Dist_WriteCompare
 .text.Z_Step_Dist_ClearFIFO
                0x00003058       0x1c .\ARM_GCC_493\Debug\module-gripper-psoc.a(Z_Step_Dist.o)
                0x00003058                Z_Step_Dist_ClearFIFO
 .text.Z_GO_Write
                0x00003074       0x20 .\ARM_GCC_493\Debug\module-gripper-psoc.a(Z_GO.o)
                0x00003074                Z_GO_Write
 .text.Z_Axis_Bumper_Port_Read
                0x00003094       0x20 .\ARM_GCC_493\Debug\module-gripper-psoc.a(Z_Axis_Bumper_Port.o)
                0x00003094                Z_Axis_Bumper_Port_Read
 .text.Z_Axis_Bumper_Port_ClearInterrupt
                0x000030b4       0x20 .\ARM_GCC_493\Debug\module-gripper-psoc.a(Z_Axis_Bumper_Port.o)
                0x000030b4                Z_Axis_Bumper_Port_ClearInterrupt
 .text.Z_Axis_Bumper_ISR_StartEx
                0x000030d4       0x24 .\ARM_GCC_493\Debug\module-gripper-psoc.a(Z_Axis_Bumper_ISR.o)
                0x000030d4                Z_Axis_Bumper_ISR_StartEx
 .text.Z_Axis_Bumper_ISR_Stop
                0x000030f8       0x14 .\ARM_GCC_493\Debug\module-gripper-psoc.a(Z_Axis_Bumper_ISR.o)
                0x000030f8                Z_Axis_Bumper_ISR_Stop
 .text.Z_Axis_Bumper_ISR_SetVector
                0x0000310c       0x24 .\ARM_GCC_493\Debug\module-gripper-psoc.a(Z_Axis_Bumper_ISR.o)
                0x0000310c                Z_Axis_Bumper_ISR_SetVector
 .text.Z_Axis_Bumper_ISR_SetPriority
                0x00003130       0x24 .\ARM_GCC_493\Debug\module-gripper-psoc.a(Z_Axis_Bumper_ISR.o)
                0x00003130                Z_Axis_Bumper_ISR_SetPriority
 .text.Z_Axis_Bumper_ISR_Enable
                0x00003154       0x18 .\ARM_GCC_493\Debug\module-gripper-psoc.a(Z_Axis_Bumper_ISR.o)
                0x00003154                Z_Axis_Bumper_ISR_Enable
 .text.Z_Axis_Bumper_ISR_Disable
                0x0000316c       0x18 .\ARM_GCC_493\Debug\module-gripper-psoc.a(Z_Axis_Bumper_ISR.o)
                0x0000316c                Z_Axis_Bumper_ISR_Disable
 .text.Z_Axis_Bumper_ISR_ClearPending
                0x00003184       0x18 .\ARM_GCC_493\Debug\module-gripper-psoc.a(Z_Axis_Bumper_ISR.o)
                0x00003184                Z_Axis_Bumper_ISR_ClearPending
 .text.Z_Axis_StepSizeA_Write
                0x0000319c       0x3c .\ARM_GCC_493\Debug\module-gripper-psoc.a(Z_Axis_StepSizeA.o)
                0x0000319c                Z_Axis_StepSizeA_Write
 .text.Z_Axis_StepSizeB_Write
                0x000031d8       0x38 .\ARM_GCC_493\Debug\module-gripper-psoc.a(Z_Axis_StepSizeB.o)
                0x000031d8                Z_Axis_StepSizeB_Write
 .text.Z_Axis_Direction_Write
                0x00003210       0x3c .\ARM_GCC_493\Debug\module-gripper-psoc.a(Z_Axis_Direction.o)
                0x00003210                Z_Axis_Direction_Write
 .text.Z_Axis_Enable_Write
                0x0000324c       0x3c .\ARM_GCC_493\Debug\module-gripper-psoc.a(Z_Axis_Enable.o)
                0x0000324c                Z_Axis_Enable_Write
 .text.Z_Axis_Move_ISR_StartEx
                0x00003288       0x24 .\ARM_GCC_493\Debug\module-gripper-psoc.a(Z_Axis_Move_ISR.o)
                0x00003288                Z_Axis_Move_ISR_StartEx
 .text.Z_Axis_Move_ISR_Stop
                0x000032ac       0x14 .\ARM_GCC_493\Debug\module-gripper-psoc.a(Z_Axis_Move_ISR.o)
                0x000032ac                Z_Axis_Move_ISR_Stop
 .text.Z_Axis_Move_ISR_SetVector
                0x000032c0       0x24 .\ARM_GCC_493\Debug\module-gripper-psoc.a(Z_Axis_Move_ISR.o)
                0x000032c0                Z_Axis_Move_ISR_SetVector
 .text.Z_Axis_Move_ISR_SetPriority
                0x000032e4       0x24 .\ARM_GCC_493\Debug\module-gripper-psoc.a(Z_Axis_Move_ISR.o)
                0x000032e4                Z_Axis_Move_ISR_SetPriority
 .text.Z_Axis_Move_ISR_Enable
                0x00003308       0x18 .\ARM_GCC_493\Debug\module-gripper-psoc.a(Z_Axis_Move_ISR.o)
                0x00003308                Z_Axis_Move_ISR_Enable
 .text.Z_Axis_Move_ISR_Disable
                0x00003320       0x18 .\ARM_GCC_493\Debug\module-gripper-psoc.a(Z_Axis_Move_ISR.o)
                0x00003320                Z_Axis_Move_ISR_Disable
 .text.Z_Axis_Move_ISR_ClearPending
                0x00003338       0x18 .\ARM_GCC_493\Debug\module-gripper-psoc.a(Z_Axis_Move_ISR.o)
                0x00003338                Z_Axis_Move_ISR_ClearPending
 .text.CySetTempInt
                0x00003350       0x7c .\ARM_GCC_493\Debug\module-gripper-psoc.a(CyFlash.o)
 .text.CyFlashGetSpcAlgorithm
                0x000033cc       0x70 .\ARM_GCC_493\Debug\module-gripper-psoc.a(CyFlash.o)
 .text.CySetTemp
                0x0000343c       0x24 .\ARM_GCC_493\Debug\module-gripper-psoc.a(CyFlash.o)
                0x0000343c                CySetTemp
 .text.CyEEPROM_Start
                0x00003460       0x8c .\ARM_GCC_493\Debug\module-gripper-psoc.a(CyFlash.o)
                0x00003460                CyEEPROM_Start
 .text.CyEEPROM_ReadReserve
                0x000034ec       0x30 .\ARM_GCC_493\Debug\module-gripper-psoc.a(CyFlash.o)
                0x000034ec                CyEEPROM_ReadReserve
 .text.CyEEPROM_ReadRelease
                0x0000351c       0x20 .\ARM_GCC_493\Debug\module-gripper-psoc.a(CyFlash.o)
                0x0000351c                CyEEPROM_ReadRelease
 .text.CySpcStart
                0x0000353c       0x44 .\ARM_GCC_493\Debug\module-gripper-psoc.a(CySpc.o)
                0x0000353c                CySpcStart
 .text.CySpcReadData
                0x00003580       0x58 .\ARM_GCC_493\Debug\module-gripper-psoc.a(CySpc.o)
                0x00003580                CySpcReadData
 .text.CySpcLoadMultiByte
                0x000035d8       0xd4 .\ARM_GCC_493\Debug\module-gripper-psoc.a(CySpc.o)
                0x000035d8                CySpcLoadMultiByte
 .text.CySpcWriteRow
                0x000036ac       0x98 .\ARM_GCC_493\Debug\module-gripper-psoc.a(CySpc.o)
                0x000036ac                CySpcWriteRow
 .text.CySpcGetTemp
                0x00003744       0x64 .\ARM_GCC_493\Debug\module-gripper-psoc.a(CySpc.o)
                0x00003744                CySpcGetTemp
 .text.CySpcLock
                0x000037a8       0x68 .\ARM_GCC_493\Debug\module-gripper-psoc.a(CySpc.o)
                0x000037a8                CySpcLock
 .text.CySpcUnlock
                0x00003810       0x50 .\ARM_GCC_493\Debug\module-gripper-psoc.a(CySpc.o)
                0x00003810                CySpcUnlock
 .text.CySpcGetAlgorithm
                0x00003860       0x48 .\ARM_GCC_493\Debug\module-gripper-psoc.a(CySpc.o)
                0x00003860                CySpcGetAlgorithm
 .text.__errno  0x000038a8        0xc c:/program files (x86)/cypress/psoc creator/3.3/psoc creator/import/gnu/arm/4.9.3/bin/../lib/gcc/arm-none-eabi/4.9.3/../../../../arm-none-eabi/lib/armv7-m\libg_nano.a(lib_a-errno.o)
                0x000038a8                __errno
 .text.__libc_init_array
                0x000038b4       0x4c c:/program files (x86)/cypress/psoc creator/3.3/psoc creator/import/gnu/arm/4.9.3/bin/../lib/gcc/arm-none-eabi/4.9.3/../../../../arm-none-eabi/lib/armv7-m\libg_nano.a(lib_a-init.o)
                0x000038b4                __libc_init_array
 .text.malloc   0x00003900       0x10 c:/program files (x86)/cypress/psoc creator/3.3/psoc creator/import/gnu/arm/4.9.3/bin/../lib/gcc/arm-none-eabi/4.9.3/../../../../arm-none-eabi/lib/armv7-m\libg_nano.a(lib_a-malloc.o)
                0x00003900                malloc
 .text.free     0x00003910       0x10 c:/program files (x86)/cypress/psoc creator/3.3/psoc creator/import/gnu/arm/4.9.3/bin/../lib/gcc/arm-none-eabi/4.9.3/../../../../arm-none-eabi/lib/armv7-m\libg_nano.a(lib_a-malloc.o)
                0x00003910                free
 .text.memcpy   0x00003920       0x16 c:/program files (x86)/cypress/psoc creator/3.3/psoc creator/import/gnu/arm/4.9.3/bin/../lib/gcc/arm-none-eabi/4.9.3/../../../../arm-none-eabi/lib/armv7-m\libg_nano.a(lib_a-memcpy.o)
                0x00003920                memcpy
 .text.memset   0x00003936       0x10 c:/program files (x86)/cypress/psoc creator/3.3/psoc creator/import/gnu/arm/4.9.3/bin/../lib/gcc/arm-none-eabi/4.9.3/../../../../arm-none-eabi/lib/armv7-m\libg_nano.a(lib_a-memset.o)
                0x00003936                memset
 *fill*         0x00003946        0x2 
 .text._free_r  0x00003948       0x88 c:/program files (x86)/cypress/psoc creator/3.3/psoc creator/import/gnu/arm/4.9.3/bin/../lib/gcc/arm-none-eabi/4.9.3/../../../../arm-none-eabi/lib/armv7-m\libg_nano.a(lib_a-nano-freer.o)
                0x00003948                _free_r
 .text._malloc_r
                0x000039d0       0xac c:/program files (x86)/cypress/psoc creator/3.3/psoc creator/import/gnu/arm/4.9.3/bin/../lib/gcc/arm-none-eabi/4.9.3/../../../../arm-none-eabi/lib/armv7-m\libg_nano.a(lib_a-nano-mallocr.o)
                0x000039d0                _malloc_r
 .text._sbrk_r  0x00003a7c       0x20 c:/program files (x86)/cypress/psoc creator/3.3/psoc creator/import/gnu/arm/4.9.3/bin/../lib/gcc/arm-none-eabi/4.9.3/../../../../arm-none-eabi/lib/armv7-m\libg_nano.a(lib_a-sbrkr.o)
                0x00003a7c                _sbrk_r
 *(.plt)
 *(.gnu.warning)
 *(.glue_7t)
 .glue_7t       0x00000000        0x0 linker stubs
 *(.glue_7)
 .glue_7        0x00000000        0x0 linker stubs
 *(.vfp11_veneer)
 .vfp11_veneer  0x00000000        0x0 linker stubs
 *(.bootloader)
 *(.ARM.extab* .gnu.linkonce.armextab.*)
 *(.gcc_except_table)

.v4_bx          0x00003a9c        0x0
 .v4_bx         0x00000000        0x0 linker stubs

.iplt           0x00003a9c        0x0
 .iplt          0x00000000        0x0 c:/program files (x86)/cypress/psoc creator/3.3/psoc creator/import/gnu/arm/4.9.3/bin/../lib/gcc/arm-none-eabi/4.9.3/armv7-m/crtbegin.o

.eh_frame_hdr
 *(.eh_frame_hdr)

.eh_frame       0x00003a9c        0x4
 *(.eh_frame)
 .eh_frame      0x00003a9c        0x0 c:/program files (x86)/cypress/psoc creator/3.3/psoc creator/import/gnu/arm/4.9.3/bin/../lib/gcc/arm-none-eabi/4.9.3/armv7-m/crtbegin.o
 .eh_frame      0x00003a9c        0x4 c:/program files (x86)/cypress/psoc creator/3.3/psoc creator/import/gnu/arm/4.9.3/bin/../lib/gcc/arm-none-eabi/4.9.3/armv7-m/crtend.o
                0x00003aa0                PROVIDE (__exidx_start, .)

.ARM.exidx
 *(.ARM.exidx* .gnu.linkonce.armexidx.*)
                0x00003aa0                __exidx_end = .

.rodata         0x00003aa0      0x1e0
 *(.rodata .rodata.* .gnu.linkonce.r.*)
 .rodata        0x00003aa0       0x48 .\ARM_GCC_493\Debug\module-gripper-psoc.a(cyfitter_cfg.o)
 .rodata        0x00003ae8      0x160 .\ARM_GCC_493\Debug\module-gripper-psoc.a(CAN_1.o)
 .rodata.str1.1
                0x00003c48        0x2 c:/program files (x86)/cypress/psoc creator/3.3/psoc creator/import/gnu/arm/4.9.3/bin/../lib/gcc/arm-none-eabi/4.9.3/../../../../arm-none-eabi/lib/armv7-m\libg_nano.a(lib_a-impure.o)
                0x00003c4c                . = ALIGN (0x4)
 *fill*         0x00003c4a        0x2 
 *(.init)
 .init          0x00003c4c        0x4 c:/program files (x86)/cypress/psoc creator/3.3/psoc creator/import/gnu/arm/4.9.3/bin/../lib/gcc/arm-none-eabi/4.9.3/armv7-m/crti.o
                0x00003c4c                _init
 .init          0x00003c50        0x8 c:/program files (x86)/cypress/psoc creator/3.3/psoc creator/import/gnu/arm/4.9.3/bin/../lib/gcc/arm-none-eabi/4.9.3/armv7-m/crtn.o
                0x00003c58                . = ALIGN (0x4)
                0x00003c58                __preinit_array_start = .
 *(.preinit_array)
                0x00003c58                __preinit_array_end = .
                0x00003c58                . = ALIGN (0x4)
                0x00003c58                __init_array_start = .
 *(SORT(.init_array.*))
 *(.init_array)
 .init_array    0x00003c58        0x4 c:/program files (x86)/cypress/psoc creator/3.3/psoc creator/import/gnu/arm/4.9.3/bin/../lib/gcc/arm-none-eabi/4.9.3/armv7-m/crtbegin.o
 .init_array    0x00003c5c        0x4 .\ARM_GCC_493\Debug\Cm3Start.o
                0x00003c60                __init_array_end = .
                0x00003c60                . = ALIGN (0x4)
 *(.fini)
 .fini          0x00003c60        0x4 c:/program files (x86)/cypress/psoc creator/3.3/psoc creator/import/gnu/arm/4.9.3/bin/../lib/gcc/arm-none-eabi/4.9.3/armv7-m/crti.o
                0x00003c60                _fini
 .fini          0x00003c64        0x8 c:/program files (x86)/cypress/psoc creator/3.3/psoc creator/import/gnu/arm/4.9.3/bin/../lib/gcc/arm-none-eabi/4.9.3/armv7-m/crtn.o
                0x00003c6c                . = ALIGN (0x4)
                0x00003c6c                __fini_array_start = .
 *(.fini_array)
 .fini_array    0x00003c6c        0x4 c:/program files (x86)/cypress/psoc creator/3.3/psoc creator/import/gnu/arm/4.9.3/bin/../lib/gcc/arm-none-eabi/4.9.3/armv7-m/crtbegin.o
 *(SORT(.fini_array.*))
                0x00003c70                __fini_array_end = .
                0x00003c70                . = ALIGN (0x4)
 *crtbegin.o(.ctors)
 *(EXCLUDE_FILE(*crtend.o) .ctors)
 *(SORT(.ctors.*))
 *crtend.o(.ctors)
                0x00003c70                . = ALIGN (0x4)
 *crtbegin.o(.dtors)
 *(EXCLUDE_FILE(*crtend.o) .dtors)
 *(SORT(.dtors.*))
 *crtend.o(.dtors)
                0x00003c70                . = ALIGN (0x4)
                0x00003c70                __cy_regions = .
                0x00003c70        0x4 LONG 0x3c80 __cy_region_init_ram
                0x00003c74        0x4 LONG 0x1fff8108 __cy_region_start_data
                0x00003c78        0x4 LONG 0x88 __cy_region_init_size_ram
                0x00003c7c        0x4 LONG 0x490 __cy_region_zero_size_ram
                0x00003c80                __cy_regions_end = .
                0x00003c80                . = ALIGN (0x8)
                0x00003c80                _etext = .

.ramvectors     0x1fff8000      0x100
                0x1fff8000                __cy_region_start_ram = .
 *(.ramvectors)
 .ramvectors    0x1fff8000      0x100 .\ARM_GCC_493\Debug\Cm3Start.o
                0x1fff8000                CyRamVectors

.noinit         0x1fff8100        0x5
 *(.noinit)
 .noinit        0x1fff8100        0x4 .\ARM_GCC_493\Debug\Cm3Start.o
 .noinit        0x1fff8104        0x1 .\ARM_GCC_493\Debug\module-gripper-psoc.a(CyLib.o)
                0x1fff8104                CyResetStatus

.data           0x1fff8108       0x88 load address 0x00003c80
                0x1fff8108                __cy_region_start_data = .
 *(.jcr)
 .jcr           0x1fff8108        0x0 c:/program files (x86)/cypress/psoc creator/3.3/psoc creator/import/gnu/arm/4.9.3/bin/../lib/gcc/arm-none-eabi/4.9.3/armv7-m/crtbegin.o
 .jcr           0x1fff8108        0x4 c:/program files (x86)/cypress/psoc creator/3.3/psoc creator/import/gnu/arm/4.9.3/bin/../lib/gcc/arm-none-eabi/4.9.3/armv7-m/crtend.o
 *(.got.plt)
 *(.got)
 *(.shdata)
 *(.data .data.* .gnu.linkonce.d.*)
 .data          0x1fff810c        0x8 .\ARM_GCC_493\Debug\zaxis.o
                0x1fff810c                screw_lead
                0x1fff810e                motor_steps_turn
                0x1fff8110                f_ustepping
                0x1fff8112                motor_direction
 .data          0x1fff8114        0x4 .\ARM_GCC_493\Debug\Cm3Start.o
 .data          0x1fff8118       0x10 .\ARM_GCC_493\Debug\module-gripper-psoc.a(CyLib.o)
                0x1fff8118                cydelay_freq_hz
                0x1fff811c                cydelay_freq_khz
                0x1fff8120                cydelay_freq_mhz
                0x1fff8124                cydelay_32k_ms
 .data.impure_data
                0x1fff8128       0x60 c:/program files (x86)/cypress/psoc creator/3.3/psoc creator/import/gnu/arm/4.9.3/bin/../lib/gcc/arm-none-eabi/4.9.3/../../../../arm-none-eabi/lib/armv7-m\libg_nano.a(lib_a-impure.o)
 .data._impure_ptr
                0x1fff8188        0x4 c:/program files (x86)/cypress/psoc creator/3.3/psoc creator/import/gnu/arm/4.9.3/bin/../lib/gcc/arm-none-eabi/4.9.3/../../../../arm-none-eabi/lib/armv7-m\libg_nano.a(lib_a-impure.o)
                0x1fff8188                _impure_ptr
                0x1fff8190                . = ALIGN (0x8)
 *fill*         0x1fff818c        0x4 
 *(.ram)
                0x1fff8190                _edata = .

.igot.plt       0x1fff8190        0x0 load address 0x00003d08
 .igot.plt      0x00000000        0x0 c:/program files (x86)/cypress/psoc creator/3.3/psoc creator/import/gnu/arm/4.9.3/bin/../lib/gcc/arm-none-eabi/4.9.3/armv7-m/crtbegin.o

.bss            0x1fff8190      0x490 load address 0x00003d08
                0x1fff8190                PROVIDE (__bss_start__, .)
 *(.shbss)
 *(.bss .bss.* .gnu.linkonce.b.*)
 .bss           0x1fff8190       0x1c c:/program files (x86)/cypress/psoc creator/3.3/psoc creator/import/gnu/arm/4.9.3/bin/../lib/gcc/arm-none-eabi/4.9.3/armv7-m/crtbegin.o
 .bss           0x1fff81ac        0x4 .\ARM_GCC_493\Debug\dynamixelCom.o
                0x1fff81ac                dynamixelbufferPos
                0x1fff81ae                dynamixelSendDataPos
 .bss           0x1fff81b0       0x10 .\ARM_GCC_493\Debug\gripperEeprom.o
                0x1fff81b0                motorType
                0x1fff81b8                motorAngleLimits
 .bss           0x1fff81c0       0x10 .\ARM_GCC_493\Debug\main.o
                0x1fff81c0                messageToBeTreatedCount
                0x1fff81c4                msgToBeTreatedIndex
                0x1fff81c8                msgToBeStoredIndex
                0x1fff81cc                readCanMessage
                0x1fff81cd                treatingAddress
 .bss           0x1fff81d0        0x7 .\ARM_GCC_493\Debug\module-gripper-psoc.a(UART2DYNAMIXEL.o)
                0x1fff81d0                UART2DYNAMIXEL_initVar
                0x1fff81d1                UART2DYNAMIXEL_errorStatus
                0x1fff81d2                UART2DYNAMIXEL_rxBufferRead
                0x1fff81d3                UART2DYNAMIXEL_rxBufferWrite
                0x1fff81d4                UART2DYNAMIXEL_rxBufferLoopDetect
                0x1fff81d5                UART2DYNAMIXEL_rxBufferOverflow
 .bss           0x1fff81d7        0x1 .\ARM_GCC_493\Debug\module-gripper-psoc.a(CAN_1.o)
                0x1fff81d7                CAN_1_initVar
 .bss           0x1fff81d8        0x1 .\ARM_GCC_493\Debug\module-gripper-psoc.a(Counter_CanReader.o)
                0x1fff81d8                Counter_CanReader_initVar
 .bss           0x1fff81d9        0x1 .\ARM_GCC_493\Debug\module-gripper-psoc.a(Z_Motor_Speed.o)
                0x1fff81d9                Z_Motor_Speed_initVar
 .bss           0x1fff81da        0x1 .\ARM_GCC_493\Debug\module-gripper-psoc.a(Z_Axis_Power.o)
                0x1fff81da                Z_Axis_Power_initVar
 .bss           0x1fff81db        0x1 .\ARM_GCC_493\Debug\module-gripper-psoc.a(Z_Step_Dist.o)
                0x1fff81db                Z_Step_Dist_initVar
 .bss           0x1fff81dc        0x8 .\ARM_GCC_493\Debug\module-gripper-psoc.a(CySpc.o)
                0x1fff81dc                SpcLockState
 .bss.__malloc_sbrk_start
                0x1fff81e4        0x4 c:/program files (x86)/cypress/psoc creator/3.3/psoc creator/import/gnu/arm/4.9.3/bin/../lib/gcc/arm-none-eabi/4.9.3/../../../../arm-none-eabi/lib/armv7-m\libg_nano.a(lib_a-nano-mallocr.o)
                0x1fff81e4                __malloc_sbrk_start
 .bss.__malloc_free_list
                0x1fff81e8        0x4 c:/program files (x86)/cypress/psoc creator/3.3/psoc creator/import/gnu/arm/4.9.3/bin/../lib/gcc/arm-none-eabi/4.9.3/../../../../arm-none-eabi/lib/armv7-m\libg_nano.a(lib_a-nano-mallocr.o)
                0x1fff81e8                __malloc_free_list
 *(COMMON)
 COMMON         0x1fff81ec      0x100 .\ARM_GCC_493\Debug\dynamixelCom.o
                0x1fff81ec                dynamixelReceivedBuffer
 COMMON         0x1fff82ec        0x4 .\ARM_GCC_493\Debug\zaxis.o
                0x1fff82ec                Z_axis_state
                0x1fff82ee                Z_pos
 COMMON         0x1fff82f0      0x320 .\ARM_GCC_493\Debug\main.o
                0x1fff82f0                receivedMsgs
 COMMON         0x1fff8610        0x8 .\ARM_GCC_493\Debug\module-gripper-psoc.a(UART2DYNAMIXEL.o)
                0x1fff8610                UART2DYNAMIXEL_rxBuffer
 COMMON         0x1fff8618        0x2 .\ARM_GCC_493\Debug\module-gripper-psoc.a(CyFlash.o)
                0x1fff8618                dieTemperature
 *fill*         0x1fff861a        0x2 
 COMMON         0x1fff861c        0x4 c:/program files (x86)/cypress/psoc creator/3.3/psoc creator/import/gnu/arm/4.9.3/bin/../lib/gcc/arm-none-eabi/4.9.3/../../../../arm-none-eabi/lib/armv7-m\libg_nano.a(lib_a-reent.o)
                0x1fff861c                errno
                0x1fff8620                . = ALIGN (0x8)
 *(.ram.b)
                0x1fff8620                _end = .
                0x1fff8620                __end = .
                0x1fff8620                PROVIDE (end, .)
                0x1fff8620                PROVIDE (__bss_end__, .)
                0x00003c80                __cy_region_init_ram = LOADADDR (.data)
                0x00000088                __cy_region_init_size_ram = (_edata - ADDR (.data))
                0x00000490                __cy_region_zero_size_ram = (_end - _edata)

.heap           0x1fff8620      0x200 load address 0x00003d08
                0x1fff8620                . = _end
                0x1fff8820                . = (. + 0x200)
 *fill*         0x1fff8620      0x200 
                0x1fff8820                __cy_heap_limit = .

.stack          0x20007800      0x800
                0x20007800                __cy_stack_limit = .
                0x20008000                . = (. + 0x800)
 *fill*         0x20007800      0x800 
                0x00000001                ASSERT ((__cy_stack_limit >= __cy_heap_limit), region RAM overflowed with stack)

.cyloadermeta
 *(.cyloadermeta)

.cyloadablemeta
 *(.cyloadablemeta)

.cyconfigecc    0x80000000      0x6d0
 *(.cyconfigecc)
 .cyconfigecc   0x80000000      0x6d0 .\ARM_GCC_493\Debug\cymetadata.o
                0x80000000                cy_meta_configecc

.cycustnvl      0x90000000        0x4
 *(.cycustnvl)
 .cycustnvl     0x90000000        0x4 .\ARM_GCC_493\Debug\cymetadata.o
                0x90000000                cy_meta_custnvl

.cywolatch      0x90100000        0x4
 *(.cywolatch)
 .cywolatch     0x90100000        0x4 .\ARM_GCC_493\Debug\cymetadata.o
                0x90100000                cy_meta_wonvl

.cyeeprom       0x90200000        0x0
 *(.cyeeprom)
                0x00000001                ASSERT ((. <= ((0x90200000 + ee_offset) + ee_size)), .cyeeprom data will not fit in EEPROM)

.cyflashprotect
                0x90400000      0x100
 *(.cyflashprotect)
 .cyflashprotect
                0x90400000      0x100 .\ARM_GCC_493\Debug\cymetadata.o
                0x90400000                cy_meta_flashprotect

.cymeta         0x90500000        0xc
 *(.cymeta)
 .cymeta        0x90500000        0xc .\ARM_GCC_493\Debug\cymetadata.o
                0x90500000                cy_metadata

.rel.dyn        0x00003d08        0x0 load address 0x9050000c
 .rel.iplt      0x00000000        0x0 c:/program files (x86)/cypress/psoc creator/3.3/psoc creator/import/gnu/arm/4.9.3/bin/../lib/gcc/arm-none-eabi/4.9.3/armv7-m/crtbegin.o

.stab
 *(.stab)

.stabstr
 *(.stabstr)

.debug
 *(.debug)

.line
 *(.line)

.debug_srcinfo
 *(.debug_srcinfo)

.debug_sfnames
 *(.debug_sfnames)

.debug_aranges  0x00000000     0x1048
 *(.debug_aranges)
 .debug_aranges
                0x00000000       0x30 .\ARM_GCC_493\Debug\CANCommunication.o
 .debug_aranges
                0x00000030       0x40 .\ARM_GCC_493\Debug\dynamixelCom.o
 .debug_aranges
                0x00000070      0x148 .\ARM_GCC_493\Debug\dynamixelPacket.o
 .debug_aranges
                0x000001b8       0x48 .\ARM_GCC_493\Debug\gripperEeprom.o
 .debug_aranges
                0x00000200       0x50 .\ARM_GCC_493\Debug\zaxis.o
 .debug_aranges
                0x00000250       0x38 .\ARM_GCC_493\Debug\main.o
 .debug_aranges
                0x00000288       0x18 .\ARM_GCC_493\Debug\cymetadata.o
 .debug_aranges
                0x000002a0       0x48 .\ARM_GCC_493\Debug\Cm3Start.o
 .debug_aranges
                0x000002e8       0x60 .\ARM_GCC_493\Debug\module-gripper-psoc.a(cyfitter_cfg.o)
 .debug_aranges
                0x00000348       0x20 .\ARM_GCC_493\Debug\module-gripper-psoc.a(CyBootAsmGnu.o)
 .debug_aranges
                0x00000368      0x290 .\ARM_GCC_493\Debug\module-gripper-psoc.a(CyLib.o)
 .debug_aranges
                0x000005f8       0x90 .\ARM_GCC_493\Debug\module-gripper-psoc.a(cyPm.o)
 .debug_aranges
                0x00000688       0xf0 .\ARM_GCC_493\Debug\module-gripper-psoc.a(UART2DYNAMIXEL.o)
 .debug_aranges
                0x00000778       0x20 .\ARM_GCC_493\Debug\module-gripper-psoc.a(UART2DYNAMIXEL_INT.o)
 .debug_aranges
                0x00000798       0x80 .\ARM_GCC_493\Debug\module-gripper-psoc.a(isr_rx_interrupt.o)
 .debug_aranges
                0x00000818       0x38 .\ARM_GCC_493\Debug\module-gripper-psoc.a(CAN_Standby.o)
 .debug_aranges
                0x00000850       0xc8 .\ARM_GCC_493\Debug\module-gripper-psoc.a(CAN_1.o)
 .debug_aranges
                0x00000918       0x30 .\ARM_GCC_493\Debug\module-gripper-psoc.a(CAN_1_INT.o)
 .debug_aranges
                0x00000948       0x38 .\ARM_GCC_493\Debug\module-gripper-psoc.a(CAN_1_TX_RX_func.o)
 .debug_aranges
                0x00000980       0x28 .\ARM_GCC_493\Debug\module-gripper-psoc.a(ControlReg.o)
 .debug_aranges
                0x000009a8       0x78 .\ARM_GCC_493\Debug\module-gripper-psoc.a(EEPROM.o)
 .debug_aranges
                0x00000a20       0x80 .\ARM_GCC_493\Debug\module-gripper-psoc.a(Counter_CanReader.o)
 .debug_aranges
                0x00000aa0       0x80 .\ARM_GCC_493\Debug\module-gripper-psoc.a(CanReaderISR.o)
 .debug_aranges
                0x00000b20       0x70 .\ARM_GCC_493\Debug\module-gripper-psoc.a(Z_Axis_Clock.o)
 .debug_aranges
                0x00000b90       0x88 .\ARM_GCC_493\Debug\module-gripper-psoc.a(Z_Motor_Speed.o)
 .debug_aranges
                0x00000c18       0x58 .\ARM_GCC_493\Debug\module-gripper-psoc.a(Z_Axis_Power.o)
 .debug_aranges
                0x00000c70       0x98 .\ARM_GCC_493\Debug\module-gripper-psoc.a(Z_Step_Dist.o)
 .debug_aranges
                0x00000d08       0x28 .\ARM_GCC_493\Debug\module-gripper-psoc.a(Z_GO.o)
 .debug_aranges
                0x00000d30       0x40 .\ARM_GCC_493\Debug\module-gripper-psoc.a(Z_Axis_Bumper_Port.o)
 .debug_aranges
                0x00000d70       0x80 .\ARM_GCC_493\Debug\module-gripper-psoc.a(Z_Axis_Bumper_ISR.o)
 .debug_aranges
                0x00000df0       0x38 .\ARM_GCC_493\Debug\module-gripper-psoc.a(Z_Axis_StepSizeA.o)
 .debug_aranges
                0x00000e28       0x38 .\ARM_GCC_493\Debug\module-gripper-psoc.a(Z_Axis_StepSizeB.o)
 .debug_aranges
                0x00000e60       0x38 .\ARM_GCC_493\Debug\module-gripper-psoc.a(Z_Axis_Direction.o)
 .debug_aranges
                0x00000e98       0x38 .\ARM_GCC_493\Debug\module-gripper-psoc.a(Z_Axis_Enable.o)
 .debug_aranges
                0x00000ed0       0x80 .\ARM_GCC_493\Debug\module-gripper-psoc.a(Z_Axis_Move_ISR.o)
 .debug_aranges
                0x00000f50       0x80 .\ARM_GCC_493\Debug\module-gripper-psoc.a(CyFlash.o)
 .debug_aranges
                0x00000fd0       0x78 .\ARM_GCC_493\Debug\module-gripper-psoc.a(CySpc.o)

.debug_pubnames
 *(.debug_pubnames)

.debug_info     0x00000000     0x6e17
 *(.debug_info .gnu.linkonce.wi.*)
 .debug_info    0x00000000      0x2d0 .\ARM_GCC_493\Debug\CANCommunication.o
 .debug_info    0x000002d0      0x2e3 .\ARM_GCC_493\Debug\dynamixelCom.o
 .debug_info    0x000005b3      0x9aa .\ARM_GCC_493\Debug\dynamixelPacket.o
 .debug_info    0x00000f5d      0x215 .\ARM_GCC_493\Debug\gripperEeprom.o
 .debug_info    0x00001172      0x23d .\ARM_GCC_493\Debug\zaxis.o
 .debug_info    0x000013af      0x293 .\ARM_GCC_493\Debug\main.o
 .debug_info    0x00001642      0x13e .\ARM_GCC_493\Debug\cymetadata.o
 .debug_info    0x00001780      0x323 .\ARM_GCC_493\Debug\Cm3Start.o
 .debug_info    0x00001aa3      0x448 .\ARM_GCC_493\Debug\module-gripper-psoc.a(cyfitter_cfg.o)
 .debug_info    0x00001eeb       0x9f .\ARM_GCC_493\Debug\module-gripper-psoc.a(CyBootAsmGnu.o)
 .debug_info    0x00001f8a      0xd85 .\ARM_GCC_493\Debug\module-gripper-psoc.a(CyLib.o)
 .debug_info    0x00002d0f      0x536 .\ARM_GCC_493\Debug\module-gripper-psoc.a(cyPm.o)
 .debug_info    0x00003245      0x5e7 .\ARM_GCC_493\Debug\module-gripper-psoc.a(UART2DYNAMIXEL.o)
 .debug_info    0x0000382c      0x141 .\ARM_GCC_493\Debug\module-gripper-psoc.a(UART2DYNAMIXEL_INT.o)
 .debug_info    0x0000396d      0x238 .\ARM_GCC_493\Debug\module-gripper-psoc.a(isr_rx_interrupt.o)
 .debug_info    0x00003ba5      0x11d .\ARM_GCC_493\Debug\module-gripper-psoc.a(CAN_Standby.o)
 .debug_info    0x00003cc2      0x77e .\ARM_GCC_493\Debug\module-gripper-psoc.a(CAN_1.o)
 .debug_info    0x00004440      0x1eb .\ARM_GCC_493\Debug\module-gripper-psoc.a(CAN_1_INT.o)
 .debug_info    0x0000462b      0x3dc .\ARM_GCC_493\Debug\module-gripper-psoc.a(CAN_1_TX_RX_func.o)
 .debug_info    0x00004a07       0xd6 .\ARM_GCC_493\Debug\module-gripper-psoc.a(ControlReg.o)
 .debug_info    0x00004add      0x350 .\ARM_GCC_493\Debug\module-gripper-psoc.a(EEPROM.o)
 .debug_info    0x00004e2d      0x219 .\ARM_GCC_493\Debug\module-gripper-psoc.a(Counter_CanReader.o)
 .debug_info    0x00005046      0x238 .\ARM_GCC_493\Debug\module-gripper-psoc.a(CanReaderISR.o)
 .debug_info    0x0000527e      0x25b .\ARM_GCC_493\Debug\module-gripper-psoc.a(Z_Axis_Clock.o)
 .debug_info    0x000054d9      0x286 .\ARM_GCC_493\Debug\module-gripper-psoc.a(Z_Motor_Speed.o)
 .debug_info    0x0000575f      0x184 .\ARM_GCC_493\Debug\module-gripper-psoc.a(Z_Axis_Power.o)
 .debug_info    0x000058e3      0x288 .\ARM_GCC_493\Debug\module-gripper-psoc.a(Z_Step_Dist.o)
 .debug_info    0x00005b6b       0xd6 .\ARM_GCC_493\Debug\module-gripper-psoc.a(Z_GO.o)
 .debug_info    0x00005c41      0x132 .\ARM_GCC_493\Debug\module-gripper-psoc.a(Z_Axis_Bumper_Port.o)
 .debug_info    0x00005d73      0x238 .\ARM_GCC_493\Debug\module-gripper-psoc.a(Z_Axis_Bumper_ISR.o)
 .debug_info    0x00005fab      0x11d .\ARM_GCC_493\Debug\module-gripper-psoc.a(Z_Axis_StepSizeA.o)
 .debug_info    0x000060c8      0x11d .\ARM_GCC_493\Debug\module-gripper-psoc.a(Z_Axis_StepSizeB.o)
 .debug_info    0x000061e5      0x11d .\ARM_GCC_493\Debug\module-gripper-psoc.a(Z_Axis_Direction.o)
 .debug_info    0x00006302      0x11d .\ARM_GCC_493\Debug\module-gripper-psoc.a(Z_Axis_Enable.o)
 .debug_info    0x0000641f      0x238 .\ARM_GCC_493\Debug\module-gripper-psoc.a(Z_Axis_Move_ISR.o)
 .debug_info    0x00006657      0x36a .\ARM_GCC_493\Debug\module-gripper-psoc.a(CyFlash.o)
 .debug_info    0x000069c1      0x456 .\ARM_GCC_493\Debug\module-gripper-psoc.a(CySpc.o)

.debug_abbrev   0x00000000     0x27c7
 *(.debug_abbrev)
 .debug_abbrev  0x00000000      0x125 .\ARM_GCC_493\Debug\CANCommunication.o
 .debug_abbrev  0x00000125      0x12a .\ARM_GCC_493\Debug\dynamixelCom.o
 .debug_abbrev  0x0000024f      0x13f .\ARM_GCC_493\Debug\dynamixelPacket.o
 .debug_abbrev  0x0000038e      0x10c .\ARM_GCC_493\Debug\gripperEeprom.o
 .debug_abbrev  0x0000049a       0xcd .\ARM_GCC_493\Debug\zaxis.o
 .debug_abbrev  0x00000567      0x14f .\ARM_GCC_493\Debug\main.o
 .debug_abbrev  0x000006b6       0x77 .\ARM_GCC_493\Debug\cymetadata.o
 .debug_abbrev  0x0000072d      0x1c5 .\ARM_GCC_493\Debug\Cm3Start.o
 .debug_abbrev  0x000008f2      0x1b7 .\ARM_GCC_493\Debug\module-gripper-psoc.a(cyfitter_cfg.o)
 .debug_abbrev  0x00000aa9       0x14 .\ARM_GCC_493\Debug\module-gripper-psoc.a(CyBootAsmGnu.o)
 .debug_abbrev  0x00000abd      0x217 .\ARM_GCC_493\Debug\module-gripper-psoc.a(CyLib.o)
 .debug_abbrev  0x00000cd4      0x16e .\ARM_GCC_493\Debug\module-gripper-psoc.a(cyPm.o)
 .debug_abbrev  0x00000e42      0x16c .\ARM_GCC_493\Debug\module-gripper-psoc.a(UART2DYNAMIXEL.o)
 .debug_abbrev  0x00000fae       0x97 .\ARM_GCC_493\Debug\module-gripper-psoc.a(UART2DYNAMIXEL_INT.o)
 .debug_abbrev  0x00001045      0x17f .\ARM_GCC_493\Debug\module-gripper-psoc.a(isr_rx_interrupt.o)
 .debug_abbrev  0x000011c4       0x9d .\ARM_GCC_493\Debug\module-gripper-psoc.a(CAN_Standby.o)
 .debug_abbrev  0x00001261      0x153 .\ARM_GCC_493\Debug\module-gripper-psoc.a(CAN_1.o)
 .debug_abbrev  0x000013b4       0xba .\ARM_GCC_493\Debug\module-gripper-psoc.a(CAN_1_INT.o)
 .debug_abbrev  0x0000146e      0x155 .\ARM_GCC_493\Debug\module-gripper-psoc.a(CAN_1_TX_RX_func.o)
 .debug_abbrev  0x000015c3       0x8e .\ARM_GCC_493\Debug\module-gripper-psoc.a(ControlReg.o)
 .debug_abbrev  0x00001651      0x124 .\ARM_GCC_493\Debug\module-gripper-psoc.a(EEPROM.o)
 .debug_abbrev  0x00001775      0x112 .\ARM_GCC_493\Debug\module-gripper-psoc.a(Counter_CanReader.o)
 .debug_abbrev  0x00001887      0x17f .\ARM_GCC_493\Debug\module-gripper-psoc.a(CanReaderISR.o)
 .debug_abbrev  0x00001a06      0x12a .\ARM_GCC_493\Debug\module-gripper-psoc.a(Z_Axis_Clock.o)
 .debug_abbrev  0x00001b30      0x123 .\ARM_GCC_493\Debug\module-gripper-psoc.a(Z_Motor_Speed.o)
 .debug_abbrev  0x00001c53       0xf8 .\ARM_GCC_493\Debug\module-gripper-psoc.a(Z_Axis_Power.o)
 .debug_abbrev  0x00001d4b      0x139 .\ARM_GCC_493\Debug\module-gripper-psoc.a(Z_Step_Dist.o)
 .debug_abbrev  0x00001e84       0x8e .\ARM_GCC_493\Debug\module-gripper-psoc.a(Z_GO.o)
 .debug_abbrev  0x00001f12       0x9d .\ARM_GCC_493\Debug\module-gripper-psoc.a(Z_Axis_Bumper_Port.o)
 .debug_abbrev  0x00001faf      0x17f .\ARM_GCC_493\Debug\module-gripper-psoc.a(Z_Axis_Bumper_ISR.o)
 .debug_abbrev  0x0000212e       0x9d .\ARM_GCC_493\Debug\module-gripper-psoc.a(Z_Axis_StepSizeA.o)
 .debug_abbrev  0x000021cb       0x9d .\ARM_GCC_493\Debug\module-gripper-psoc.a(Z_Axis_StepSizeB.o)
 .debug_abbrev  0x00002268       0x9d .\ARM_GCC_493\Debug\module-gripper-psoc.a(Z_Axis_Direction.o)
 .debug_abbrev  0x00002305       0x9d .\ARM_GCC_493\Debug\module-gripper-psoc.a(Z_Axis_Enable.o)
 .debug_abbrev  0x000023a2      0x17f .\ARM_GCC_493\Debug\module-gripper-psoc.a(Z_Axis_Move_ISR.o)
 .debug_abbrev  0x00002521      0x12d .\ARM_GCC_493\Debug\module-gripper-psoc.a(CyFlash.o)
 .debug_abbrev  0x0000264e      0x179 .\ARM_GCC_493\Debug\module-gripper-psoc.a(CySpc.o)

.debug_line     0x00000000     0x411a
 *(.debug_line)
 .debug_line    0x00000000      0x1c1 .\ARM_GCC_493\Debug\CANCommunication.o
 .debug_line    0x000001c1      0x22f .\ARM_GCC_493\Debug\dynamixelCom.o
 .debug_line    0x000003f0      0x43a .\ARM_GCC_493\Debug\dynamixelPacket.o
 .debug_line    0x0000082a      0x203 .\ARM_GCC_493\Debug\gripperEeprom.o
 .debug_line    0x00000a2d      0x237 .\ARM_GCC_493\Debug\zaxis.o
 .debug_line    0x00000c64      0x238 .\ARM_GCC_493\Debug\main.o
 .debug_line    0x00000e9c       0x53 .\ARM_GCC_493\Debug\cymetadata.o
 .debug_line    0x00000eef      0x1d5 .\ARM_GCC_493\Debug\Cm3Start.o
 .debug_line    0x000010c4      0x225 .\ARM_GCC_493\Debug\module-gripper-psoc.a(cyfitter_cfg.o)
 .debug_line    0x000012e9       0x7f .\ARM_GCC_493\Debug\module-gripper-psoc.a(CyBootAsmGnu.o)
 .debug_line    0x00001368      0x841 .\ARM_GCC_493\Debug\module-gripper-psoc.a(CyLib.o)
 .debug_line    0x00001ba9      0x36f .\ARM_GCC_493\Debug\module-gripper-psoc.a(cyPm.o)
 .debug_line    0x00001f18      0x316 .\ARM_GCC_493\Debug\module-gripper-psoc.a(UART2DYNAMIXEL.o)
 .debug_line    0x0000222e       0x9c .\ARM_GCC_493\Debug\module-gripper-psoc.a(UART2DYNAMIXEL_INT.o)
 .debug_line    0x000022ca      0x174 .\ARM_GCC_493\Debug\module-gripper-psoc.a(isr_rx_interrupt.o)
 .debug_line    0x0000243e       0x9c .\ARM_GCC_493\Debug\module-gripper-psoc.a(CAN_Standby.o)
 .debug_line    0x000024da      0x34a .\ARM_GCC_493\Debug\module-gripper-psoc.a(CAN_1.o)
 .debug_line    0x00002824       0xc0 .\ARM_GCC_493\Debug\module-gripper-psoc.a(CAN_1_INT.o)
 .debug_line    0x000028e4      0x27a .\ARM_GCC_493\Debug\module-gripper-psoc.a(CAN_1_TX_RX_func.o)
 .debug_line    0x00002b5e       0x75 .\ARM_GCC_493\Debug\module-gripper-psoc.a(ControlReg.o)
 .debug_line    0x00002bd3      0x228 .\ARM_GCC_493\Debug\module-gripper-psoc.a(EEPROM.o)
 .debug_line    0x00002dfb      0x166 .\ARM_GCC_493\Debug\module-gripper-psoc.a(Counter_CanReader.o)
 .debug_line    0x00002f61      0x160 .\ARM_GCC_493\Debug\module-gripper-psoc.a(CanReaderISR.o)
 .debug_line    0x000030c1      0x1c0 .\ARM_GCC_493\Debug\module-gripper-psoc.a(Z_Axis_Clock.o)
 .debug_line    0x00003281      0x16b .\ARM_GCC_493\Debug\module-gripper-psoc.a(Z_Motor_Speed.o)
 .debug_line    0x000033ec       0xf7 .\ARM_GCC_493\Debug\module-gripper-psoc.a(Z_Axis_Power.o)
 .debug_line    0x000034e3      0x18b .\ARM_GCC_493\Debug\module-gripper-psoc.a(Z_Step_Dist.o)
 .debug_line    0x0000366e       0x6f .\ARM_GCC_493\Debug\module-gripper-psoc.a(Z_GO.o)
 .debug_line    0x000036dd       0xb6 .\ARM_GCC_493\Debug\module-gripper-psoc.a(Z_Axis_Bumper_Port.o)
 .debug_line    0x00003793      0x175 .\ARM_GCC_493\Debug\module-gripper-psoc.a(Z_Axis_Bumper_ISR.o)
 .debug_line    0x00003908       0xa1 .\ARM_GCC_493\Debug\module-gripper-psoc.a(Z_Axis_StepSizeA.o)
 .debug_line    0x000039a9       0xa1 .\ARM_GCC_493\Debug\module-gripper-psoc.a(Z_Axis_StepSizeB.o)
 .debug_line    0x00003a4a       0xa1 .\ARM_GCC_493\Debug\module-gripper-psoc.a(Z_Axis_Direction.o)
 .debug_line    0x00003aeb       0x9e .\ARM_GCC_493\Debug\module-gripper-psoc.a(Z_Axis_Enable.o)
 .debug_line    0x00003b89      0x173 .\ARM_GCC_493\Debug\module-gripper-psoc.a(Z_Axis_Move_ISR.o)
 .debug_line    0x00003cfc      0x207 .\ARM_GCC_493\Debug\module-gripper-psoc.a(CyFlash.o)
 .debug_line    0x00003f03      0x217 .\ARM_GCC_493\Debug\module-gripper-psoc.a(CySpc.o)

.debug_frame    0x00000000     0x403c
 *(.debug_frame)
 .debug_frame   0x00000000       0x8c .\ARM_GCC_493\Debug\CANCommunication.o
 .debug_frame   0x0000008c       0xd0 .\ARM_GCC_493\Debug\dynamixelCom.o
 .debug_frame   0x0000015c      0x5f8 .\ARM_GCC_493\Debug\dynamixelPacket.o
 .debug_frame   0x00000754       0xf4 .\ARM_GCC_493\Debug\gripperEeprom.o
 .debug_frame   0x00000848      0x104 .\ARM_GCC_493\Debug\zaxis.o
 .debug_frame   0x0000094c       0x9c .\ARM_GCC_493\Debug\main.o
 .debug_frame   0x000009e8       0xd4 .\ARM_GCC_493\Debug\Cm3Start.o
 .debug_frame   0x00000abc      0x16c .\ARM_GCC_493\Debug\module-gripper-psoc.a(cyfitter_cfg.o)
 .debug_frame   0x00000c28      0xbcc .\ARM_GCC_493\Debug\module-gripper-psoc.a(CyLib.o)
 .debug_frame   0x000017f4      0x218 .\ARM_GCC_493\Debug\module-gripper-psoc.a(cyPm.o)
 .debug_frame   0x00001a0c      0x428 .\ARM_GCC_493\Debug\module-gripper-psoc.a(UART2DYNAMIXEL.o)
 .debug_frame   0x00001e34       0x38 .\ARM_GCC_493\Debug\module-gripper-psoc.a(UART2DYNAMIXEL_INT.o)
 .debug_frame   0x00001e6c      0x1e8 .\ARM_GCC_493\Debug\module-gripper-psoc.a(isr_rx_interrupt.o)
 .debug_frame   0x00002054       0xa8 .\ARM_GCC_493\Debug\module-gripper-psoc.a(CAN_Standby.o)
 .debug_frame   0x000020fc      0x374 .\ARM_GCC_493\Debug\module-gripper-psoc.a(CAN_1.o)
 .debug_frame   0x00002470       0x70 .\ARM_GCC_493\Debug\module-gripper-psoc.a(CAN_1_INT.o)
 .debug_frame   0x000024e0       0xb0 .\ARM_GCC_493\Debug\module-gripper-psoc.a(CAN_1_TX_RX_func.o)
 .debug_frame   0x00002590       0x5c .\ARM_GCC_493\Debug\module-gripper-psoc.a(ControlReg.o)
 .debug_frame   0x000025ec      0x1c0 .\ARM_GCC_493\Debug\module-gripper-psoc.a(EEPROM.o)
 .debug_frame   0x000027ac      0x1e4 .\ARM_GCC_493\Debug\module-gripper-psoc.a(Counter_CanReader.o)
 .debug_frame   0x00002990      0x1e8 .\ARM_GCC_493\Debug\module-gripper-psoc.a(CanReaderISR.o)
 .debug_frame   0x00002b78      0x1b4 .\ARM_GCC_493\Debug\module-gripper-psoc.a(Z_Axis_Clock.o)
 .debug_frame   0x00002d2c      0x21c .\ARM_GCC_493\Debug\module-gripper-psoc.a(Z_Motor_Speed.o)
 .debug_frame   0x00002f48      0x130 .\ARM_GCC_493\Debug\module-gripper-psoc.a(Z_Axis_Power.o)
 .debug_frame   0x00003078      0x258 .\ARM_GCC_493\Debug\module-gripper-psoc.a(Z_Step_Dist.o)
 .debug_frame   0x000032d0       0x5c .\ARM_GCC_493\Debug\module-gripper-psoc.a(Z_GO.o)
 .debug_frame   0x0000332c       0xcc .\ARM_GCC_493\Debug\module-gripper-psoc.a(Z_Axis_Bumper_Port.o)
 .debug_frame   0x000033f8      0x1e8 .\ARM_GCC_493\Debug\module-gripper-psoc.a(Z_Axis_Bumper_ISR.o)
 .debug_frame   0x000035e0       0xa8 .\ARM_GCC_493\Debug\module-gripper-psoc.a(Z_Axis_StepSizeA.o)
 .debug_frame   0x00003688       0xa8 .\ARM_GCC_493\Debug\module-gripper-psoc.a(Z_Axis_StepSizeB.o)
 .debug_frame   0x00003730       0xa8 .\ARM_GCC_493\Debug\module-gripper-psoc.a(Z_Axis_Direction.o)
 .debug_frame   0x000037d8       0xa8 .\ARM_GCC_493\Debug\module-gripper-psoc.a(Z_Axis_Enable.o)
 .debug_frame   0x00003880      0x1e8 .\ARM_GCC_493\Debug\module-gripper-psoc.a(Z_Axis_Move_ISR.o)
 .debug_frame   0x00003a68      0x210 .\ARM_GCC_493\Debug\module-gripper-psoc.a(CyFlash.o)
 .debug_frame   0x00003c78      0x1f8 .\ARM_GCC_493\Debug\module-gripper-psoc.a(CySpc.o)
 .debug_frame   0x00003e70       0x20 c:/program files (x86)/cypress/psoc creator/3.3/psoc creator/import/gnu/arm/4.9.3/bin/../lib/gcc/arm-none-eabi/4.9.3/../../../../arm-none-eabi/lib/armv7-m\libg_nano.a(lib_a-errno.o)
 .debug_frame   0x00003e90       0x28 c:/program files (x86)/cypress/psoc creator/3.3/psoc creator/import/gnu/arm/4.9.3/bin/../lib/gcc/arm-none-eabi/4.9.3/../../../../arm-none-eabi/lib/armv7-m\libg_nano.a(lib_a-exit.o)
 .debug_frame   0x00003eb8       0x2c c:/program files (x86)/cypress/psoc creator/3.3/psoc creator/import/gnu/arm/4.9.3/bin/../lib/gcc/arm-none-eabi/4.9.3/../../../../arm-none-eabi/lib/armv7-m\libg_nano.a(lib_a-init.o)
 .debug_frame   0x00003ee4       0x30 c:/program files (x86)/cypress/psoc creator/3.3/psoc creator/import/gnu/arm/4.9.3/bin/../lib/gcc/arm-none-eabi/4.9.3/../../../../arm-none-eabi/lib/armv7-m\libg_nano.a(lib_a-malloc.o)
 .debug_frame   0x00003f14       0x28 c:/program files (x86)/cypress/psoc creator/3.3/psoc creator/import/gnu/arm/4.9.3/bin/../lib/gcc/arm-none-eabi/4.9.3/../../../../arm-none-eabi/lib/armv7-m\libg_nano.a(lib_a-memcpy.o)
 .debug_frame   0x00003f3c       0x20 c:/program files (x86)/cypress/psoc creator/3.3/psoc creator/import/gnu/arm/4.9.3/bin/../lib/gcc/arm-none-eabi/4.9.3/../../../../arm-none-eabi/lib/armv7-m\libg_nano.a(lib_a-memset.o)
 .debug_frame   0x00003f5c       0x2c c:/program files (x86)/cypress/psoc creator/3.3/psoc creator/import/gnu/arm/4.9.3/bin/../lib/gcc/arm-none-eabi/4.9.3/../../../../arm-none-eabi/lib/armv7-m\libg_nano.a(lib_a-nano-freer.o)
 .debug_frame   0x00003f88       0x2c c:/program files (x86)/cypress/psoc creator/3.3/psoc creator/import/gnu/arm/4.9.3/bin/../lib/gcc/arm-none-eabi/4.9.3/../../../../arm-none-eabi/lib/armv7-m\libg_nano.a(lib_a-nano-mallocr.o)
 .debug_frame   0x00003fb4       0x2c c:/program files (x86)/cypress/psoc creator/3.3/psoc creator/import/gnu/arm/4.9.3/bin/../lib/gcc/arm-none-eabi/4.9.3/../../../../arm-none-eabi/lib/armv7-m\libg_nano.a(lib_a-sbrkr.o)
 .debug_frame   0x00003fe0       0x5c c:/program files (x86)/cypress/psoc creator/3.3/psoc creator/import/gnu/arm/4.9.3/bin/../lib/gcc/arm-none-eabi/4.9.3/../../../../arm-none-eabi/lib/armv7-m\libg_nano.a(lib_a-reent.o)

.debug_str      0x00000000     0x3737
 *(.debug_str)
 .debug_str     0x00000000      0x27b .\ARM_GCC_493\Debug\CANCommunication.o
                                0x2c1 (size before relaxing)
 .debug_str     0x0000027b      0x108 .\ARM_GCC_493\Debug\dynamixelCom.o
                                0x2e8 (size before relaxing)
 .debug_str     0x00000383      0x53c .\ARM_GCC_493\Debug\dynamixelPacket.o
                                0x70d (size before relaxing)
 .debug_str     0x000008bf       0x81 .\ARM_GCC_493\Debug\gripperEeprom.o
                                0x245 (size before relaxing)
 .debug_str     0x00000940       0xff .\ARM_GCC_493\Debug\zaxis.o
                                0x2c0 (size before relaxing)
 .debug_str     0x00000a3f       0x90 .\ARM_GCC_493\Debug\main.o
                                0x2ef (size before relaxing)
 .debug_str     0x00000acf       0x77 .\ARM_GCC_493\Debug\cymetadata.o
                                0x1f9 (size before relaxing)
 .debug_str     0x00000b46      0x120 .\ARM_GCC_493\Debug\Cm3Start.o
                                0x2da (size before relaxing)
 .debug_str     0x00000c66      0x177 .\ARM_GCC_493\Debug\module-gripper-psoc.a(cyfitter_cfg.o)
                                0x33b (size before relaxing)
 .debug_str     0x00000ddd      0x7a1 .\ARM_GCC_493\Debug\module-gripper-psoc.a(CyLib.o)
                                0x99a (size before relaxing)
 .debug_str     0x0000157e      0x371 .\ARM_GCC_493\Debug\module-gripper-psoc.a(cyPm.o)
                                0x52a (size before relaxing)
 .debug_str     0x000018ef      0x482 .\ARM_GCC_493\Debug\module-gripper-psoc.a(UART2DYNAMIXEL.o)
                                0x631 (size before relaxing)
 .debug_str     0x00001d71       0x69 .\ARM_GCC_493\Debug\module-gripper-psoc.a(UART2DYNAMIXEL_INT.o)
                                0x29e (size before relaxing)
 .debug_str     0x00001dda      0x182 .\ARM_GCC_493\Debug\module-gripper-psoc.a(isr_rx_interrupt.o)
                                0x343 (size before relaxing)
 .debug_str     0x00001f5c       0x86 .\ARM_GCC_493\Debug\module-gripper-psoc.a(CAN_Standby.o)
                                0x20f (size before relaxing)
 .debug_str     0x00001fe2      0x30d .\ARM_GCC_493\Debug\module-gripper-psoc.a(CAN_1.o)
                                0x4d7 (size before relaxing)
 .debug_str     0x000022ef       0x62 .\ARM_GCC_493\Debug\module-gripper-psoc.a(CAN_1_INT.o)
                                0x255 (size before relaxing)
 .debug_str     0x00002351       0x95 .\ARM_GCC_493\Debug\module-gripper-psoc.a(CAN_1_TX_RX_func.o)
                                0x348 (size before relaxing)
 .debug_str     0x000023e6       0x47 .\ARM_GCC_493\Debug\module-gripper-psoc.a(ControlReg.o)
                                0x1cd (size before relaxing)
 .debug_str     0x0000242d      0x119 .\ARM_GCC_493\Debug\module-gripper-psoc.a(EEPROM.o)
                                0x2e7 (size before relaxing)
 .debug_str     0x00002546      0x1ef .\ARM_GCC_493\Debug\module-gripper-psoc.a(Counter_CanReader.o)
                                0x38b (size before relaxing)
 .debug_str     0x00002735      0x14a .\ARM_GCC_493\Debug\module-gripper-psoc.a(CanReaderISR.o)
                                0x30b (size before relaxing)
 .debug_str     0x0000287f      0x1a0 .\ARM_GCC_493\Debug\module-gripper-psoc.a(Z_Axis_Clock.o)
                                0x339 (size before relaxing)
 .debug_str     0x00002a1f      0x1e6 .\ARM_GCC_493\Debug\module-gripper-psoc.a(Z_Motor_Speed.o)
                                0x398 (size before relaxing)
 .debug_str     0x00002c05       0xe5 .\ARM_GCC_493\Debug\module-gripper-psoc.a(Z_Axis_Power.o)
                                0x274 (size before relaxing)
 .debug_str     0x00002cea      0x1d9 .\ARM_GCC_493\Debug\module-gripper-psoc.a(Z_Step_Dist.o)
                                0x3a0 (size before relaxing)
 .debug_str     0x00002ec3       0x35 .\ARM_GCC_493\Debug\module-gripper-psoc.a(Z_GO.o)
                                0x1bb (size before relaxing)
 .debug_str     0x00002ef8       0xc0 .\ARM_GCC_493\Debug\module-gripper-psoc.a(Z_Axis_Bumper_Port.o)
                                0x254 (size before relaxing)
 .debug_str     0x00002fb8      0x190 .\ARM_GCC_493\Debug\module-gripper-psoc.a(Z_Axis_Bumper_ISR.o)
                                0x351 (size before relaxing)
 .debug_str     0x00003148       0x94 .\ARM_GCC_493\Debug\module-gripper-psoc.a(Z_Axis_StepSizeA.o)
                                0x228 (size before relaxing)
 .debug_str     0x000031dc       0x94 .\ARM_GCC_493\Debug\module-gripper-psoc.a(Z_Axis_StepSizeB.o)
                                0x228 (size before relaxing)
 .debug_str     0x00003270       0x94 .\ARM_GCC_493\Debug\module-gripper-psoc.a(Z_Axis_Direction.o)
                                0x228 (size before relaxing)
 .debug_str     0x00003304       0x85 .\ARM_GCC_493\Debug\module-gripper-psoc.a(Z_Axis_Enable.o)
                                0x219 (size before relaxing)
 .debug_str     0x00003389      0x174 .\ARM_GCC_493\Debug\module-gripper-psoc.a(Z_Axis_Move_ISR.o)
                                0x335 (size before relaxing)
 .debug_str     0x000034fd      0x126 .\ARM_GCC_493\Debug\module-gripper-psoc.a(CyFlash.o)
                                0x2f9 (size before relaxing)
 .debug_str     0x00003623      0x114 .\ARM_GCC_493\Debug\module-gripper-psoc.a(CySpc.o)
                                0x2f6 (size before relaxing)

.debug_loc
 *(.debug_loc)

.debug_macinfo
 *(.debug_macinfo)

.debug_ranges   0x00000000      0xde0
 *(.debug_ranges)
 .debug_ranges  0x00000000       0x20 .\ARM_GCC_493\Debug\CANCommunication.o
 .debug_ranges  0x00000020       0x30 .\ARM_GCC_493\Debug\dynamixelCom.o
 .debug_ranges  0x00000050      0x138 .\ARM_GCC_493\Debug\dynamixelPacket.o
 .debug_ranges  0x00000188       0x38 .\ARM_GCC_493\Debug\gripperEeprom.o
 .debug_ranges  0x000001c0       0x40 .\ARM_GCC_493\Debug\zaxis.o
 .debug_ranges  0x00000200       0x28 .\ARM_GCC_493\Debug\main.o
 .debug_ranges  0x00000228       0x38 .\ARM_GCC_493\Debug\Cm3Start.o
 .debug_ranges  0x00000260       0x50 .\ARM_GCC_493\Debug\module-gripper-psoc.a(cyfitter_cfg.o)
 .debug_ranges  0x000002b0      0x280 .\ARM_GCC_493\Debug\module-gripper-psoc.a(CyLib.o)
 .debug_ranges  0x00000530       0x80 .\ARM_GCC_493\Debug\module-gripper-psoc.a(cyPm.o)
 .debug_ranges  0x000005b0       0xe0 .\ARM_GCC_493\Debug\module-gripper-psoc.a(UART2DYNAMIXEL.o)
 .debug_ranges  0x00000690       0x10 .\ARM_GCC_493\Debug\module-gripper-psoc.a(UART2DYNAMIXEL_INT.o)
 .debug_ranges  0x000006a0       0x70 .\ARM_GCC_493\Debug\module-gripper-psoc.a(isr_rx_interrupt.o)
 .debug_ranges  0x00000710       0x28 .\ARM_GCC_493\Debug\module-gripper-psoc.a(CAN_Standby.o)
 .debug_ranges  0x00000738       0xb8 .\ARM_GCC_493\Debug\module-gripper-psoc.a(CAN_1.o)
 .debug_ranges  0x000007f0       0x20 .\ARM_GCC_493\Debug\module-gripper-psoc.a(CAN_1_INT.o)
 .debug_ranges  0x00000810       0x28 .\ARM_GCC_493\Debug\module-gripper-psoc.a(CAN_1_TX_RX_func.o)
 .debug_ranges  0x00000838       0x18 .\ARM_GCC_493\Debug\module-gripper-psoc.a(ControlReg.o)
 .debug_ranges  0x00000850       0x68 .\ARM_GCC_493\Debug\module-gripper-psoc.a(EEPROM.o)
 .debug_ranges  0x000008b8       0x70 .\ARM_GCC_493\Debug\module-gripper-psoc.a(Counter_CanReader.o)
 .debug_ranges  0x00000928       0x70 .\ARM_GCC_493\Debug\module-gripper-psoc.a(CanReaderISR.o)
 .debug_ranges  0x00000998       0x60 .\ARM_GCC_493\Debug\module-gripper-psoc.a(Z_Axis_Clock.o)
 .debug_ranges  0x000009f8       0x78 .\ARM_GCC_493\Debug\module-gripper-psoc.a(Z_Motor_Speed.o)
 .debug_ranges  0x00000a70       0x48 .\ARM_GCC_493\Debug\module-gripper-psoc.a(Z_Axis_Power.o)
 .debug_ranges  0x00000ab8       0x88 .\ARM_GCC_493\Debug\module-gripper-psoc.a(Z_Step_Dist.o)
 .debug_ranges  0x00000b40       0x18 .\ARM_GCC_493\Debug\module-gripper-psoc.a(Z_GO.o)
 .debug_ranges  0x00000b58       0x30 .\ARM_GCC_493\Debug\module-gripper-psoc.a(Z_Axis_Bumper_Port.o)
 .debug_ranges  0x00000b88       0x70 .\ARM_GCC_493\Debug\module-gripper-psoc.a(Z_Axis_Bumper_ISR.o)
 .debug_ranges  0x00000bf8       0x28 .\ARM_GCC_493\Debug\module-gripper-psoc.a(Z_Axis_StepSizeA.o)
 .debug_ranges  0x00000c20       0x28 .\ARM_GCC_493\Debug\module-gripper-psoc.a(Z_Axis_StepSizeB.o)
 .debug_ranges  0x00000c48       0x28 .\ARM_GCC_493\Debug\module-gripper-psoc.a(Z_Axis_Direction.o)
 .debug_ranges  0x00000c70       0x28 .\ARM_GCC_493\Debug\module-gripper-psoc.a(Z_Axis_Enable.o)
 .debug_ranges  0x00000c98       0x70 .\ARM_GCC_493\Debug\module-gripper-psoc.a(Z_Axis_Move_ISR.o)
 .debug_ranges  0x00000d08       0x70 .\ARM_GCC_493\Debug\module-gripper-psoc.a(CyFlash.o)
 .debug_ranges  0x00000d78       0x68 .\ARM_GCC_493\Debug\module-gripper-psoc.a(CySpc.o)

.comment        0x00000000       0x70
 .comment       0x00000000       0x70 .\ARM_GCC_493\Debug\CANCommunication.o
                                 0x71 (size before relaxing)
 .comment       0x00000000       0x71 .\ARM_GCC_493\Debug\dynamixelCom.o
 .comment       0x00000000       0x71 .\ARM_GCC_493\Debug\dynamixelPacket.o
 .comment       0x00000000       0x71 .\ARM_GCC_493\Debug\gripperEeprom.o
 .comment       0x00000000       0x71 .\ARM_GCC_493\Debug\zaxis.o
 .comment       0x00000000       0x71 .\ARM_GCC_493\Debug\main.o
 .comment       0x00000000       0x71 .\ARM_GCC_493\Debug\cymetadata.o
 .comment       0x00000000       0x71 .\ARM_GCC_493\Debug\Cm3Start.o
 .comment       0x00000000       0x71 .\ARM_GCC_493\Debug\module-gripper-psoc.a(cyfitter_cfg.o)
 .comment       0x00000000       0x71 .\ARM_GCC_493\Debug\module-gripper-psoc.a(CyLib.o)
 .comment       0x00000000       0x71 .\ARM_GCC_493\Debug\module-gripper-psoc.a(cyPm.o)
 .comment       0x00000000       0x71 .\ARM_GCC_493\Debug\module-gripper-psoc.a(UART2DYNAMIXEL.o)
 .comment       0x00000000       0x71 .\ARM_GCC_493\Debug\module-gripper-psoc.a(UART2DYNAMIXEL_INT.o)
 .comment       0x00000000       0x71 .\ARM_GCC_493\Debug\module-gripper-psoc.a(isr_rx_interrupt.o)
 .comment       0x00000000       0x71 .\ARM_GCC_493\Debug\module-gripper-psoc.a(CAN_Standby.o)
 .comment       0x00000000       0x71 .\ARM_GCC_493\Debug\module-gripper-psoc.a(CAN_1.o)
 .comment       0x00000000       0x71 .\ARM_GCC_493\Debug\module-gripper-psoc.a(CAN_1_INT.o)
 .comment       0x00000000       0x71 .\ARM_GCC_493\Debug\module-gripper-psoc.a(CAN_1_TX_RX_func.o)
 .comment       0x00000000       0x71 .\ARM_GCC_493\Debug\module-gripper-psoc.a(ControlReg.o)
 .comment       0x00000000       0x71 .\ARM_GCC_493\Debug\module-gripper-psoc.a(EEPROM.o)
 .comment       0x00000000       0x71 .\ARM_GCC_493\Debug\module-gripper-psoc.a(Counter_CanReader.o)
 .comment       0x00000000       0x71 .\ARM_GCC_493\Debug\module-gripper-psoc.a(CanReaderISR.o)
 .comment       0x00000000       0x71 .\ARM_GCC_493\Debug\module-gripper-psoc.a(Z_Axis_Clock.o)
 .comment       0x00000000       0x71 .\ARM_GCC_493\Debug\module-gripper-psoc.a(Z_Motor_Speed.o)
 .comment       0x00000000       0x71 .\ARM_GCC_493\Debug\module-gripper-psoc.a(Z_Axis_Power.o)
 .comment       0x00000000       0x71 .\ARM_GCC_493\Debug\module-gripper-psoc.a(Z_Step_Dist.o)
 .comment       0x00000000       0x71 .\ARM_GCC_493\Debug\module-gripper-psoc.a(Z_GO.o)
 .comment       0x00000000       0x71 .\ARM_GCC_493\Debug\module-gripper-psoc.a(Z_Axis_Bumper_Port.o)
 .comment       0x00000000       0x71 .\ARM_GCC_493\Debug\module-gripper-psoc.a(Z_Axis_Bumper_ISR.o)
 .comment       0x00000000       0x71 .\ARM_GCC_493\Debug\module-gripper-psoc.a(Z_Axis_StepSizeA.o)
 .comment       0x00000000       0x71 .\ARM_GCC_493\Debug\module-gripper-psoc.a(Z_Axis_StepSizeB.o)
 .comment       0x00000000       0x71 .\ARM_GCC_493\Debug\module-gripper-psoc.a(Z_Axis_Direction.o)
 .comment       0x00000000       0x71 .\ARM_GCC_493\Debug\module-gripper-psoc.a(Z_Axis_Enable.o)
 .comment       0x00000000       0x71 .\ARM_GCC_493\Debug\module-gripper-psoc.a(Z_Axis_Move_ISR.o)
 .comment       0x00000000       0x71 .\ARM_GCC_493\Debug\module-gripper-psoc.a(CyFlash.o)
 .comment       0x00000000       0x71 .\ARM_GCC_493\Debug\module-gripper-psoc.a(CySpc.o)

.debug_weaknames
 *(.debug_weaknames)

.debug_funcnames
 *(.debug_funcnames)

.debug_typenames
 *(.debug_typenames)

.debug_varnames
 *(.debug_varnames)

.note.gnu.arm.ident
 *(.note.gnu.arm.ident)

.ARM.attributes
                0x00000000       0x29
 *(.ARM.attributes)
 .ARM.attributes
                0x00000000       0x1d c:/program files (x86)/cypress/psoc creator/3.3/psoc creator/import/gnu/arm/4.9.3/bin/../lib/gcc/arm-none-eabi/4.9.3/armv7-m/crti.o
 .ARM.attributes
                0x0000001d       0x2d c:/program files (x86)/cypress/psoc creator/3.3/psoc creator/import/gnu/arm/4.9.3/bin/../lib/gcc/arm-none-eabi/4.9.3/armv7-m/crtbegin.o
 .ARM.attributes
                0x0000004a       0x1b c:/program files (x86)/cypress/psoc creator/3.3/psoc creator/import/gnu/arm/4.9.3/bin/../lib/gcc/arm-none-eabi/4.9.3/../../../../arm-none-eabi/lib/armv7-m/crt0.o
 .ARM.attributes
                0x00000065       0x33 .\ARM_GCC_493\Debug\CANCommunication.o
 .ARM.attributes
                0x00000098       0x33 .\ARM_GCC_493\Debug\dynamixelCom.o
 .ARM.attributes
                0x000000cb       0x33 .\ARM_GCC_493\Debug\dynamixelPacket.o
 .ARM.attributes
                0x000000fe       0x33 .\ARM_GCC_493\Debug\gripperEeprom.o
 .ARM.attributes
                0x00000131       0x33 .\ARM_GCC_493\Debug\zaxis.o
 .ARM.attributes
                0x00000164       0x33 .\ARM_GCC_493\Debug\main.o
 .ARM.attributes
                0x00000197       0x33 .\ARM_GCC_493\Debug\cymetadata.o
 .ARM.attributes
                0x000001ca       0x33 .\ARM_GCC_493\Debug\Cm3Start.o
 .ARM.attributes
                0x000001fd       0x33 .\ARM_GCC_493\Debug\module-gripper-psoc.a(cyfitter_cfg.o)
 .ARM.attributes
                0x00000230       0x21 .\ARM_GCC_493\Debug\module-gripper-psoc.a(CyBootAsmGnu.o)
 .ARM.attributes
                0x00000251       0x33 .\ARM_GCC_493\Debug\module-gripper-psoc.a(CyLib.o)
 .ARM.attributes
                0x00000284       0x33 .\ARM_GCC_493\Debug\module-gripper-psoc.a(cyPm.o)
 .ARM.attributes
                0x000002b7       0x33 .\ARM_GCC_493\Debug\module-gripper-psoc.a(UART2DYNAMIXEL.o)
 .ARM.attributes
                0x000002ea       0x33 .\ARM_GCC_493\Debug\module-gripper-psoc.a(UART2DYNAMIXEL_INT.o)
 .ARM.attributes
                0x0000031d       0x33 .\ARM_GCC_493\Debug\module-gripper-psoc.a(isr_rx_interrupt.o)
 .ARM.attributes
                0x00000350       0x33 .\ARM_GCC_493\Debug\module-gripper-psoc.a(CAN_Standby.o)
 .ARM.attributes
                0x00000383       0x33 .\ARM_GCC_493\Debug\module-gripper-psoc.a(CAN_1.o)
 .ARM.attributes
                0x000003b6       0x33 .\ARM_GCC_493\Debug\module-gripper-psoc.a(CAN_1_INT.o)
 .ARM.attributes
                0x000003e9       0x33 .\ARM_GCC_493\Debug\module-gripper-psoc.a(CAN_1_TX_RX_func.o)
 .ARM.attributes
                0x0000041c       0x33 .\ARM_GCC_493\Debug\module-gripper-psoc.a(ControlReg.o)
 .ARM.attributes
                0x0000044f       0x33 .\ARM_GCC_493\Debug\module-gripper-psoc.a(EEPROM.o)
 .ARM.attributes
                0x00000482       0x33 .\ARM_GCC_493\Debug\module-gripper-psoc.a(Counter_CanReader.o)
 .ARM.attributes
                0x000004b5       0x33 .\ARM_GCC_493\Debug\module-gripper-psoc.a(CanReaderISR.o)
 .ARM.attributes
                0x000004e8       0x33 .\ARM_GCC_493\Debug\module-gripper-psoc.a(Z_Axis_Clock.o)
 .ARM.attributes
                0x0000051b       0x33 .\ARM_GCC_493\Debug\module-gripper-psoc.a(Z_Motor_Speed.o)
 .ARM.attributes
                0x0000054e       0x33 .\ARM_GCC_493\Debug\module-gripper-psoc.a(Z_Axis_Power.o)
 .ARM.attributes
                0x00000581       0x33 .\ARM_GCC_493\Debug\module-gripper-psoc.a(Z_Step_Dist.o)
 .ARM.attributes
                0x000005b4       0x33 .\ARM_GCC_493\Debug\module-gripper-psoc.a(Z_GO.o)
 .ARM.attributes
                0x000005e7       0x33 .\ARM_GCC_493\Debug\module-gripper-psoc.a(Z_Axis_Bumper_Port.o)
 .ARM.attributes
                0x0000061a       0x33 .\ARM_GCC_493\Debug\module-gripper-psoc.a(Z_Axis_Bumper_ISR.o)
 .ARM.attributes
                0x0000064d       0x33 .\ARM_GCC_493\Debug\module-gripper-psoc.a(Z_Axis_StepSizeA.o)
 .ARM.attributes
                0x00000680       0x33 .\ARM_GCC_493\Debug\module-gripper-psoc.a(Z_Axis_StepSizeB.o)
 .ARM.attributes
                0x000006b3       0x33 .\ARM_GCC_493\Debug\module-gripper-psoc.a(Z_Axis_Direction.o)
 .ARM.attributes
                0x000006e6       0x33 .\ARM_GCC_493\Debug\module-gripper-psoc.a(Z_Axis_Enable.o)
 .ARM.attributes
                0x00000719       0x33 .\ARM_GCC_493\Debug\module-gripper-psoc.a(Z_Axis_Move_ISR.o)
 .ARM.attributes
                0x0000074c       0x33 .\ARM_GCC_493\Debug\module-gripper-psoc.a(CyFlash.o)
 .ARM.attributes
                0x0000077f       0x33 .\ARM_GCC_493\Debug\module-gripper-psoc.a(CySpc.o)
 .ARM.attributes
                0x000007b2       0x2d c:/program files (x86)/cypress/psoc creator/3.3/psoc creator/import/gnu/arm/4.9.3/bin/../lib/gcc/arm-none-eabi/4.9.3/../../../../arm-none-eabi/lib/armv7-m\libg_nano.a(lib_a-errno.o)
 .ARM.attributes
                0x000007df       0x2d c:/program files (x86)/cypress/psoc creator/3.3/psoc creator/import/gnu/arm/4.9.3/bin/../lib/gcc/arm-none-eabi/4.9.3/../../../../arm-none-eabi/lib/armv7-m\libg_nano.a(lib_a-exit.o)
 .ARM.attributes
                0x0000080c       0x2d c:/program files (x86)/cypress/psoc creator/3.3/psoc creator/import/gnu/arm/4.9.3/bin/../lib/gcc/arm-none-eabi/4.9.3/../../../../arm-none-eabi/lib/armv7-m\libg_nano.a(lib_a-impure.o)
 .ARM.attributes
                0x00000839       0x2d c:/program files (x86)/cypress/psoc creator/3.3/psoc creator/import/gnu/arm/4.9.3/bin/../lib/gcc/arm-none-eabi/4.9.3/../../../../arm-none-eabi/lib/armv7-m\libg_nano.a(lib_a-init.o)
 .ARM.attributes
                0x00000866       0x2d c:/program files (x86)/cypress/psoc creator/3.3/psoc creator/import/gnu/arm/4.9.3/bin/../lib/gcc/arm-none-eabi/4.9.3/../../../../arm-none-eabi/lib/armv7-m\libg_nano.a(lib_a-malloc.o)
 .ARM.attributes
                0x00000893       0x2d c:/program files (x86)/cypress/psoc creator/3.3/psoc creator/import/gnu/arm/4.9.3/bin/../lib/gcc/arm-none-eabi/4.9.3/../../../../arm-none-eabi/lib/armv7-m\libg_nano.a(lib_a-memcpy.o)
 .ARM.attributes
                0x000008c0       0x2d c:/program files (x86)/cypress/psoc creator/3.3/psoc creator/import/gnu/arm/4.9.3/bin/../lib/gcc/arm-none-eabi/4.9.3/../../../../arm-none-eabi/lib/armv7-m\libg_nano.a(lib_a-memset.o)
 .ARM.attributes
                0x000008ed       0x2d c:/program files (x86)/cypress/psoc creator/3.3/psoc creator/import/gnu/arm/4.9.3/bin/../lib/gcc/arm-none-eabi/4.9.3/../../../../arm-none-eabi/lib/armv7-m\libg_nano.a(lib_a-nano-freer.o)
 .ARM.attributes
                0x0000091a       0x2d c:/program files (x86)/cypress/psoc creator/3.3/psoc creator/import/gnu/arm/4.9.3/bin/../lib/gcc/arm-none-eabi/4.9.3/../../../../arm-none-eabi/lib/armv7-m\libg_nano.a(lib_a-nano-mallocr.o)
 .ARM.attributes
                0x00000947       0x2d c:/program files (x86)/cypress/psoc creator/3.3/psoc creator/import/gnu/arm/4.9.3/bin/../lib/gcc/arm-none-eabi/4.9.3/../../../../arm-none-eabi/lib/armv7-m\libg_nano.a(lib_a-sbrkr.o)
 .ARM.attributes
                0x00000974       0x2d c:/program files (x86)/cypress/psoc creator/3.3/psoc creator/import/gnu/arm/4.9.3/bin/../lib/gcc/arm-none-eabi/4.9.3/../../../../arm-none-eabi/lib/armv7-m\libg_nano.a(lib_a-reent.o)
 .ARM.attributes
                0x000009a1       0x2d c:/program files (x86)/cypress/psoc creator/3.3/psoc creator/import/gnu/arm/4.9.3/bin/../lib/gcc/arm-none-eabi/4.9.3/armv7-m/crtend.o
 .ARM.attributes
                0x000009ce       0x1d c:/program files (x86)/cypress/psoc creator/3.3/psoc creator/import/gnu/arm/4.9.3/bin/../lib/gcc/arm-none-eabi/4.9.3/armv7-m/crtn.o

/DISCARD/
 *(.note.GNU-stack)
OUTPUT(.\ARM_GCC_493\Debug\module-gripper-psoc.elf elf32-littlearm)
